[16-Jul-2025 16:20:30 Europe/Berlin] PHP Warning:  Undefined variable $row in C:\xampp\htdocs\lpske-portal\api\login.php on line 7
[16-Jul-2025 16:20:30 Europe/Berlin] PHP Warning:  Trying to access array offset on value of type null in C:\xampp\htdocs\lpske-portal\api\login.php on line 7
[16-Jul-2025 16:20:30 Europe/Berlin] PHP Warning:  Undefined variable $row in C:\xampp\htdocs\lpske-portal\api\login.php on line 8
[16-Jul-2025 16:20:30 Europe/Berlin] PHP Warning:  Trying to access array offset on value of type null in C:\xampp\htdocs\lpske-portal\api\login.php on line 8
[16-Jul-2025 16:20:30 Europe/Berlin] PHP Warning:  Undefined variable $row in C:\xampp\htdocs\lpske-portal\api\login.php on line 9
[16-Jul-2025 16:20:30 Europe/Berlin] PHP Warning:  Trying to access array offset on value of type null in C:\xampp\htdocs\lpske-portal\api\login.php on line 9
[16-Jul-2025 16:22:53 Europe/Berlin] PHP Warning:  Undefined variable $row in C:\xampp\htdocs\lpske-portal\api\login.php on line 7
[16-Jul-2025 16:22:53 Europe/Berlin] PHP Warning:  Trying to access array offset on value of type null in C:\xampp\htdocs\lpske-portal\api\login.php on line 7
[16-Jul-2025 16:22:53 Europe/Berlin] PHP Warning:  Undefined variable $row in C:\xampp\htdocs\lpske-portal\api\login.php on line 8
[16-Jul-2025 16:22:53 Europe/Berlin] PHP Warning:  Trying to access array offset on value of type null in C:\xampp\htdocs\lpske-portal\api\login.php on line 8
[16-Jul-2025 16:22:53 Europe/Berlin] PHP Warning:  Undefined variable $row in C:\xampp\htdocs\lpske-portal\api\login.php on line 9
[16-Jul-2025 16:22:53 Europe/Berlin] PHP Warning:  Trying to access array offset on value of type null in C:\xampp\htdocs\lpske-portal\api\login.php on line 9
[16-Jul-2025 16:27:26 Europe/Berlin] PHP Warning:  Undefined variable $row in C:\xampp\htdocs\lpske-portal\api\login.php on line 7
[16-Jul-2025 16:27:26 Europe/Berlin] PHP Warning:  Trying to access array offset on value of type null in C:\xampp\htdocs\lpske-portal\api\login.php on line 7
[16-Jul-2025 16:27:26 Europe/Berlin] PHP Warning:  Undefined variable $row in C:\xampp\htdocs\lpske-portal\api\login.php on line 8
[16-Jul-2025 16:27:26 Europe/Berlin] PHP Warning:  Trying to access array offset on value of type null in C:\xampp\htdocs\lpske-portal\api\login.php on line 8
[16-Jul-2025 16:27:26 Europe/Berlin] PHP Warning:  Undefined variable $row in C:\xampp\htdocs\lpske-portal\api\login.php on line 9
[16-Jul-2025 16:27:26 Europe/Berlin] PHP Warning:  Trying to access array offset on value of type null in C:\xampp\htdocs\lpske-portal\api\login.php on line 9
[16-Jul-2025 16:27:45 Europe/Berlin] PHP Warning:  Undefined variable $row in C:\xampp\htdocs\lpske-portal\api\login.php on line 7
[16-Jul-2025 16:27:45 Europe/Berlin] PHP Warning:  Trying to access array offset on value of type null in C:\xampp\htdocs\lpske-portal\api\login.php on line 7
[16-Jul-2025 16:27:45 Europe/Berlin] PHP Warning:  Undefined variable $row in C:\xampp\htdocs\lpske-portal\api\login.php on line 8
[16-Jul-2025 16:27:45 Europe/Berlin] PHP Warning:  Trying to access array offset on value of type null in C:\xampp\htdocs\lpske-portal\api\login.php on line 8
[16-Jul-2025 16:27:45 Europe/Berlin] PHP Warning:  Undefined variable $row in C:\xampp\htdocs\lpske-portal\api\login.php on line 9
[16-Jul-2025 16:27:45 Europe/Berlin] PHP Warning:  Trying to access array offset on value of type null in C:\xampp\htdocs\lpske-portal\api\login.php on line 9
[16-Jul-2025 16:28:42 Europe/Berlin] PHP Warning:  Undefined variable $row in C:\xampp\htdocs\lpske-portal\api\login.php on line 7
[16-Jul-2025 16:28:42 Europe/Berlin] PHP Warning:  Trying to access array offset on value of type null in C:\xampp\htdocs\lpske-portal\api\login.php on line 7
[16-Jul-2025 16:28:42 Europe/Berlin] PHP Warning:  Undefined variable $row in C:\xampp\htdocs\lpske-portal\api\login.php on line 8
[16-Jul-2025 16:28:42 Europe/Berlin] PHP Warning:  Trying to access array offset on value of type null in C:\xampp\htdocs\lpske-portal\api\login.php on line 8
[16-Jul-2025 16:28:42 Europe/Berlin] PHP Warning:  Undefined variable $row in C:\xampp\htdocs\lpske-portal\api\login.php on line 9
[16-Jul-2025 16:28:42 Europe/Berlin] PHP Warning:  Trying to access array offset on value of type null in C:\xampp\htdocs\lpske-portal\api\login.php on line 9
[16-Jul-2025 16:28:57 Europe/Berlin] PHP Warning:  Undefined variable $row in C:\xampp\htdocs\lpske-portal\api\login.php on line 7
[16-Jul-2025 16:28:57 Europe/Berlin] PHP Warning:  Trying to access array offset on value of type null in C:\xampp\htdocs\lpske-portal\api\login.php on line 7
[16-Jul-2025 16:28:57 Europe/Berlin] PHP Warning:  Undefined variable $row in C:\xampp\htdocs\lpske-portal\api\login.php on line 8
[16-Jul-2025 16:28:57 Europe/Berlin] PHP Warning:  Trying to access array offset on value of type null in C:\xampp\htdocs\lpske-portal\api\login.php on line 8
[16-Jul-2025 16:28:57 Europe/Berlin] PHP Warning:  Undefined variable $row in C:\xampp\htdocs\lpske-portal\api\login.php on line 9
[16-Jul-2025 16:28:57 Europe/Berlin] PHP Warning:  Trying to access array offset on value of type null in C:\xampp\htdocs\lpske-portal\api\login.php on line 9
[16-Jul-2025 16:30:54 Europe/Berlin] PHP Warning:  Undefined variable $row in C:\xampp\htdocs\lpske-portal\api\login.php on line 7
[16-Jul-2025 16:30:54 Europe/Berlin] PHP Warning:  Trying to access array offset on value of type null in C:\xampp\htdocs\lpske-portal\api\login.php on line 7
[16-Jul-2025 16:30:54 Europe/Berlin] PHP Warning:  Undefined variable $row in C:\xampp\htdocs\lpske-portal\api\login.php on line 8
[16-Jul-2025 16:30:54 Europe/Berlin] PHP Warning:  Trying to access array offset on value of type null in C:\xampp\htdocs\lpske-portal\api\login.php on line 8
[16-Jul-2025 16:30:54 Europe/Berlin] PHP Warning:  Undefined variable $row in C:\xampp\htdocs\lpske-portal\api\login.php on line 9
[16-Jul-2025 16:30:54 Europe/Berlin] PHP Warning:  Trying to access array offset on value of type null in C:\xampp\htdocs\lpske-portal\api\login.php on line 9
[16-Jul-2025 16:31:21 Europe/Berlin] PHP Warning:  Undefined variable $row in C:\xampp\htdocs\lpske-portal\api\login.php on line 7
[16-Jul-2025 16:31:21 Europe/Berlin] PHP Warning:  Trying to access array offset on value of type null in C:\xampp\htdocs\lpske-portal\api\login.php on line 7
[16-Jul-2025 16:31:21 Europe/Berlin] PHP Warning:  Undefined variable $row in C:\xampp\htdocs\lpske-portal\api\login.php on line 8
[16-Jul-2025 16:31:21 Europe/Berlin] PHP Warning:  Trying to access array offset on value of type null in C:\xampp\htdocs\lpske-portal\api\login.php on line 8
[16-Jul-2025 16:31:21 Europe/Berlin] PHP Warning:  Undefined variable $row in C:\xampp\htdocs\lpske-portal\api\login.php on line 9
[16-Jul-2025 16:31:21 Europe/Berlin] PHP Warning:  Trying to access array offset on value of type null in C:\xampp\htdocs\lpske-portal\api\login.php on line 9
[16-Jul-2025 16:32:08 Europe/Berlin] PHP Warning:  Undefined variable $row in C:\xampp\htdocs\lpske-portal\api\login.php on line 7
[16-Jul-2025 16:32:08 Europe/Berlin] PHP Warning:  Trying to access array offset on value of type null in C:\xampp\htdocs\lpske-portal\api\login.php on line 7
[16-Jul-2025 16:32:08 Europe/Berlin] PHP Warning:  Undefined variable $row in C:\xampp\htdocs\lpske-portal\api\login.php on line 8
[16-Jul-2025 16:32:08 Europe/Berlin] PHP Warning:  Trying to access array offset on value of type null in C:\xampp\htdocs\lpske-portal\api\login.php on line 8
[16-Jul-2025 16:32:08 Europe/Berlin] PHP Warning:  Undefined variable $row in C:\xampp\htdocs\lpske-portal\api\login.php on line 9
[16-Jul-2025 16:32:08 Europe/Berlin] PHP Warning:  Trying to access array offset on value of type null in C:\xampp\htdocs\lpske-portal\api\login.php on line 9
[16-Jul-2025 16:32:33 Europe/Berlin] PHP Warning:  Undefined variable $row in C:\xampp\htdocs\lpske-portal\api\login.php on line 7
[16-Jul-2025 16:32:33 Europe/Berlin] PHP Warning:  Trying to access array offset on value of type null in C:\xampp\htdocs\lpske-portal\api\login.php on line 7
[16-Jul-2025 16:32:33 Europe/Berlin] PHP Warning:  Undefined variable $row in C:\xampp\htdocs\lpske-portal\api\login.php on line 8
[16-Jul-2025 16:32:33 Europe/Berlin] PHP Warning:  Trying to access array offset on value of type null in C:\xampp\htdocs\lpske-portal\api\login.php on line 8
[16-Jul-2025 16:32:33 Europe/Berlin] PHP Warning:  Undefined variable $row in C:\xampp\htdocs\lpske-portal\api\login.php on line 9
[16-Jul-2025 16:32:33 Europe/Berlin] PHP Warning:  Trying to access array offset on value of type null in C:\xampp\htdocs\lpske-portal\api\login.php on line 9
[16-Jul-2025 16:37:04 Europe/Berlin] PHP Warning:  Undefined variable $row in C:\xampp\htdocs\lpske-portal\api\login.php on line 7
[16-Jul-2025 16:37:04 Europe/Berlin] PHP Warning:  Trying to access array offset on value of type null in C:\xampp\htdocs\lpske-portal\api\login.php on line 7
[16-Jul-2025 16:37:04 Europe/Berlin] PHP Warning:  Undefined variable $row in C:\xampp\htdocs\lpske-portal\api\login.php on line 8
[16-Jul-2025 16:37:04 Europe/Berlin] PHP Warning:  Trying to access array offset on value of type null in C:\xampp\htdocs\lpske-portal\api\login.php on line 8
[16-Jul-2025 16:37:04 Europe/Berlin] PHP Warning:  Undefined variable $row in C:\xampp\htdocs\lpske-portal\api\login.php on line 9
[16-Jul-2025 16:37:04 Europe/Berlin] PHP Warning:  Trying to access array offset on value of type null in C:\xampp\htdocs\lpske-portal\api\login.php on line 9
[16-Jul-2025 16:37:18 Europe/Berlin] PHP Warning:  Undefined variable $row in C:\xampp\htdocs\lpske-portal\api\login.php on line 7
[16-Jul-2025 16:37:18 Europe/Berlin] PHP Warning:  Trying to access array offset on value of type null in C:\xampp\htdocs\lpske-portal\api\login.php on line 7
[16-Jul-2025 16:37:18 Europe/Berlin] PHP Warning:  Undefined variable $row in C:\xampp\htdocs\lpske-portal\api\login.php on line 8
[16-Jul-2025 16:37:18 Europe/Berlin] PHP Warning:  Trying to access array offset on value of type null in C:\xampp\htdocs\lpske-portal\api\login.php on line 8
[16-Jul-2025 16:37:18 Europe/Berlin] PHP Warning:  Undefined variable $row in C:\xampp\htdocs\lpske-portal\api\login.php on line 9
[16-Jul-2025 16:37:18 Europe/Berlin] PHP Warning:  Trying to access array offset on value of type null in C:\xampp\htdocs\lpske-portal\api\login.php on line 9
[16-Jul-2025 16:49:44 Europe/Berlin] PHP Warning:  Undefined variable $row in C:\xampp\htdocs\lpske-portal\api\login.php on line 7
[16-Jul-2025 16:49:44 Europe/Berlin] PHP Warning:  Trying to access array offset on value of type null in C:\xampp\htdocs\lpske-portal\api\login.php on line 7
[16-Jul-2025 16:49:44 Europe/Berlin] PHP Warning:  Undefined variable $row in C:\xampp\htdocs\lpske-portal\api\login.php on line 8
[16-Jul-2025 16:49:44 Europe/Berlin] PHP Warning:  Trying to access array offset on value of type null in C:\xampp\htdocs\lpske-portal\api\login.php on line 8
[16-Jul-2025 16:49:44 Europe/Berlin] PHP Warning:  Undefined variable $row in C:\xampp\htdocs\lpske-portal\api\login.php on line 9
[16-Jul-2025 16:49:44 Europe/Berlin] PHP Warning:  Trying to access array offset on value of type null in C:\xampp\htdocs\lpske-portal\api\login.php on line 9
[16-Jul-2025 16:49:50 Europe/Berlin] PHP Warning:  Undefined variable $row in C:\xampp\htdocs\lpske-portal\api\login.php on line 7
[16-Jul-2025 16:49:50 Europe/Berlin] PHP Warning:  Trying to access array offset on value of type null in C:\xampp\htdocs\lpske-portal\api\login.php on line 7
[16-Jul-2025 16:49:50 Europe/Berlin] PHP Warning:  Undefined variable $row in C:\xampp\htdocs\lpske-portal\api\login.php on line 8
[16-Jul-2025 16:49:50 Europe/Berlin] PHP Warning:  Trying to access array offset on value of type null in C:\xampp\htdocs\lpske-portal\api\login.php on line 8
[16-Jul-2025 16:49:50 Europe/Berlin] PHP Warning:  Undefined variable $row in C:\xampp\htdocs\lpske-portal\api\login.php on line 9
[16-Jul-2025 16:49:50 Europe/Berlin] PHP Warning:  Trying to access array offset on value of type null in C:\xampp\htdocs\lpske-portal\api\login.php on line 9
[16-Jul-2025 16:50:42 Europe/Berlin] PHP Warning:  Undefined variable $row in C:\xampp\htdocs\lpske-portal\api\login.php on line 7
[16-Jul-2025 16:50:42 Europe/Berlin] PHP Warning:  Trying to access array offset on value of type null in C:\xampp\htdocs\lpske-portal\api\login.php on line 7
[16-Jul-2025 16:50:42 Europe/Berlin] PHP Warning:  Undefined variable $row in C:\xampp\htdocs\lpske-portal\api\login.php on line 8
[16-Jul-2025 16:50:42 Europe/Berlin] PHP Warning:  Trying to access array offset on value of type null in C:\xampp\htdocs\lpske-portal\api\login.php on line 8
[16-Jul-2025 16:50:42 Europe/Berlin] PHP Warning:  Undefined variable $row in C:\xampp\htdocs\lpske-portal\api\login.php on line 9
[16-Jul-2025 16:50:42 Europe/Berlin] PHP Warning:  Trying to access array offset on value of type null in C:\xampp\htdocs\lpske-portal\api\login.php on line 9
[16-Jul-2025 16:51:16 Europe/Berlin] PHP Warning:  Undefined variable $row in C:\xampp\htdocs\lpske-portal\api\login.php on line 7
[16-Jul-2025 16:51:16 Europe/Berlin] PHP Warning:  Trying to access array offset on value of type null in C:\xampp\htdocs\lpske-portal\api\login.php on line 7
[16-Jul-2025 16:51:16 Europe/Berlin] PHP Warning:  Undefined variable $row in C:\xampp\htdocs\lpske-portal\api\login.php on line 8
[16-Jul-2025 16:51:16 Europe/Berlin] PHP Warning:  Trying to access array offset on value of type null in C:\xampp\htdocs\lpske-portal\api\login.php on line 8
[16-Jul-2025 16:51:16 Europe/Berlin] PHP Warning:  Undefined variable $row in C:\xampp\htdocs\lpske-portal\api\login.php on line 9
[16-Jul-2025 16:51:16 Europe/Berlin] PHP Warning:  Trying to access array offset on value of type null in C:\xampp\htdocs\lpske-portal\api\login.php on line 9
[16-Jul-2025 16:53:24 Europe/Berlin] PHP Warning:  Undefined variable $row in C:\xampp\htdocs\lpske-portal\api\login.php on line 7
[16-Jul-2025 16:53:24 Europe/Berlin] PHP Warning:  Trying to access array offset on value of type null in C:\xampp\htdocs\lpske-portal\api\login.php on line 7
[16-Jul-2025 16:53:24 Europe/Berlin] PHP Warning:  Undefined variable $row in C:\xampp\htdocs\lpske-portal\api\login.php on line 8
[16-Jul-2025 16:53:24 Europe/Berlin] PHP Warning:  Trying to access array offset on value of type null in C:\xampp\htdocs\lpske-portal\api\login.php on line 8
[16-Jul-2025 16:53:24 Europe/Berlin] PHP Warning:  Undefined variable $row in C:\xampp\htdocs\lpske-portal\api\login.php on line 9
[16-Jul-2025 16:53:24 Europe/Berlin] PHP Warning:  Trying to access array offset on value of type null in C:\xampp\htdocs\lpske-portal\api\login.php on line 9
[16-Jul-2025 16:53:49 Europe/Berlin] PHP Warning:  Undefined variable $row in C:\xampp\htdocs\lpske-portal\api\login.php on line 7
[16-Jul-2025 16:53:49 Europe/Berlin] PHP Warning:  Trying to access array offset on value of type null in C:\xampp\htdocs\lpske-portal\api\login.php on line 7
[16-Jul-2025 16:53:49 Europe/Berlin] PHP Warning:  Undefined variable $row in C:\xampp\htdocs\lpske-portal\api\login.php on line 8
[16-Jul-2025 16:53:49 Europe/Berlin] PHP Warning:  Trying to access array offset on value of type null in C:\xampp\htdocs\lpske-portal\api\login.php on line 8
[16-Jul-2025 16:53:49 Europe/Berlin] PHP Warning:  Undefined variable $row in C:\xampp\htdocs\lpske-portal\api\login.php on line 9
[16-Jul-2025 16:53:49 Europe/Berlin] PHP Warning:  Trying to access array offset on value of type null in C:\xampp\htdocs\lpske-portal\api\login.php on line 9
[16-Jul-2025 16:54:03 Europe/Berlin] PHP Warning:  Undefined variable $row in C:\xampp\htdocs\lpske-portal\api\login.php on line 7
[16-Jul-2025 16:54:03 Europe/Berlin] PHP Warning:  Trying to access array offset on value of type null in C:\xampp\htdocs\lpske-portal\api\login.php on line 7
[16-Jul-2025 16:54:03 Europe/Berlin] PHP Warning:  Undefined variable $row in C:\xampp\htdocs\lpske-portal\api\login.php on line 8
[16-Jul-2025 16:54:03 Europe/Berlin] PHP Warning:  Trying to access array offset on value of type null in C:\xampp\htdocs\lpske-portal\api\login.php on line 8
[16-Jul-2025 16:54:03 Europe/Berlin] PHP Warning:  Undefined variable $row in C:\xampp\htdocs\lpske-portal\api\login.php on line 9
[16-Jul-2025 16:54:03 Europe/Berlin] PHP Warning:  Trying to access array offset on value of type null in C:\xampp\htdocs\lpske-portal\api\login.php on line 9
[16-Jul-2025 16:57:13 Europe/Berlin] PHP Warning:  Undefined variable $row in C:\xampp\htdocs\lpske-portal\api\login.php on line 7
[16-Jul-2025 16:57:13 Europe/Berlin] PHP Warning:  Trying to access array offset on value of type null in C:\xampp\htdocs\lpske-portal\api\login.php on line 7
[16-Jul-2025 16:57:13 Europe/Berlin] PHP Warning:  Undefined variable $row in C:\xampp\htdocs\lpske-portal\api\login.php on line 8
[16-Jul-2025 16:57:13 Europe/Berlin] PHP Warning:  Trying to access array offset on value of type null in C:\xampp\htdocs\lpske-portal\api\login.php on line 8
[16-Jul-2025 16:57:13 Europe/Berlin] PHP Warning:  Undefined variable $row in C:\xampp\htdocs\lpske-portal\api\login.php on line 9
[16-Jul-2025 16:57:13 Europe/Berlin] PHP Warning:  Trying to access array offset on value of type null in C:\xampp\htdocs\lpske-portal\api\login.php on line 9
[16-Jul-2025 16:57:26 Europe/Berlin] PHP Warning:  Undefined variable $row in C:\xampp\htdocs\lpske-portal\api\login.php on line 7
[16-Jul-2025 16:57:26 Europe/Berlin] PHP Warning:  Trying to access array offset on value of type null in C:\xampp\htdocs\lpske-portal\api\login.php on line 7
[16-Jul-2025 16:57:26 Europe/Berlin] PHP Warning:  Undefined variable $row in C:\xampp\htdocs\lpske-portal\api\login.php on line 8
[16-Jul-2025 16:57:26 Europe/Berlin] PHP Warning:  Trying to access array offset on value of type null in C:\xampp\htdocs\lpske-portal\api\login.php on line 8
[16-Jul-2025 16:57:26 Europe/Berlin] PHP Warning:  Undefined variable $row in C:\xampp\htdocs\lpske-portal\api\login.php on line 9
[16-Jul-2025 16:57:26 Europe/Berlin] PHP Warning:  Trying to access array offset on value of type null in C:\xampp\htdocs\lpske-portal\api\login.php on line 9
[16-Jul-2025 16:57:58 Europe/Berlin] PHP Warning:  Undefined variable $row in C:\xampp\htdocs\lpske-portal\api\login.php on line 7
[16-Jul-2025 16:57:58 Europe/Berlin] PHP Warning:  Trying to access array offset on value of type null in C:\xampp\htdocs\lpske-portal\api\login.php on line 7
[16-Jul-2025 16:57:58 Europe/Berlin] PHP Warning:  Undefined variable $row in C:\xampp\htdocs\lpske-portal\api\login.php on line 8
[16-Jul-2025 16:57:58 Europe/Berlin] PHP Warning:  Trying to access array offset on value of type null in C:\xampp\htdocs\lpske-portal\api\login.php on line 8
[16-Jul-2025 16:57:58 Europe/Berlin] PHP Warning:  Undefined variable $row in C:\xampp\htdocs\lpske-portal\api\login.php on line 9
[16-Jul-2025 16:57:58 Europe/Berlin] PHP Warning:  Trying to access array offset on value of type null in C:\xampp\htdocs\lpske-portal\api\login.php on line 9
[16-Jul-2025 16:59:20 Europe/Berlin] PHP Warning:  Undefined variable $row in C:\xampp\htdocs\lpske-portal\api\login.php on line 7
[16-Jul-2025 16:59:20 Europe/Berlin] PHP Warning:  Trying to access array offset on value of type null in C:\xampp\htdocs\lpske-portal\api\login.php on line 7
[16-Jul-2025 16:59:20 Europe/Berlin] PHP Warning:  Undefined variable $row in C:\xampp\htdocs\lpske-portal\api\login.php on line 8
[16-Jul-2025 16:59:20 Europe/Berlin] PHP Warning:  Trying to access array offset on value of type null in C:\xampp\htdocs\lpske-portal\api\login.php on line 8
[16-Jul-2025 16:59:20 Europe/Berlin] PHP Warning:  Undefined variable $row in C:\xampp\htdocs\lpske-portal\api\login.php on line 9
[16-Jul-2025 16:59:20 Europe/Berlin] PHP Warning:  Trying to access array offset on value of type null in C:\xampp\htdocs\lpske-portal\api\login.php on line 9
[16-Jul-2025 16:59:29 Europe/Berlin] PHP Warning:  Undefined variable $row in C:\xampp\htdocs\lpske-portal\api\login.php on line 7
[16-Jul-2025 16:59:29 Europe/Berlin] PHP Warning:  Trying to access array offset on value of type null in C:\xampp\htdocs\lpske-portal\api\login.php on line 7
[16-Jul-2025 16:59:29 Europe/Berlin] PHP Warning:  Undefined variable $row in C:\xampp\htdocs\lpske-portal\api\login.php on line 8
[16-Jul-2025 16:59:29 Europe/Berlin] PHP Warning:  Trying to access array offset on value of type null in C:\xampp\htdocs\lpske-portal\api\login.php on line 8
[16-Jul-2025 16:59:29 Europe/Berlin] PHP Warning:  Undefined variable $row in C:\xampp\htdocs\lpske-portal\api\login.php on line 9
[16-Jul-2025 16:59:29 Europe/Berlin] PHP Warning:  Trying to access array offset on value of type null in C:\xampp\htdocs\lpske-portal\api\login.php on line 9
[16-Jul-2025 17:00:11 Europe/Berlin] PHP Warning:  Undefined variable $row in C:\xampp\htdocs\lpske-portal\api\login.php on line 7
[16-Jul-2025 17:00:11 Europe/Berlin] PHP Warning:  Trying to access array offset on value of type null in C:\xampp\htdocs\lpske-portal\api\login.php on line 7
[16-Jul-2025 17:00:11 Europe/Berlin] PHP Warning:  Undefined variable $row in C:\xampp\htdocs\lpske-portal\api\login.php on line 8
[16-Jul-2025 17:00:11 Europe/Berlin] PHP Warning:  Trying to access array offset on value of type null in C:\xampp\htdocs\lpske-portal\api\login.php on line 8
[16-Jul-2025 17:00:11 Europe/Berlin] PHP Warning:  Undefined variable $row in C:\xampp\htdocs\lpske-portal\api\login.php on line 9
[16-Jul-2025 17:00:11 Europe/Berlin] PHP Warning:  Trying to access array offset on value of type null in C:\xampp\htdocs\lpske-portal\api\login.php on line 9
[16-Jul-2025 17:00:36 Europe/Berlin] PHP Warning:  Undefined variable $row in C:\xampp\htdocs\lpske-portal\api\login.php on line 7
[16-Jul-2025 17:00:36 Europe/Berlin] PHP Warning:  Trying to access array offset on value of type null in C:\xampp\htdocs\lpske-portal\api\login.php on line 7
[16-Jul-2025 17:00:36 Europe/Berlin] PHP Warning:  Undefined variable $row in C:\xampp\htdocs\lpske-portal\api\login.php on line 8
[16-Jul-2025 17:00:36 Europe/Berlin] PHP Warning:  Trying to access array offset on value of type null in C:\xampp\htdocs\lpske-portal\api\login.php on line 8
[16-Jul-2025 17:00:36 Europe/Berlin] PHP Warning:  Undefined variable $row in C:\xampp\htdocs\lpske-portal\api\login.php on line 9
[16-Jul-2025 17:00:36 Europe/Berlin] PHP Warning:  Trying to access array offset on value of type null in C:\xampp\htdocs\lpske-portal\api\login.php on line 9
[16-Jul-2025 17:01:41 Europe/Berlin] PHP Warning:  Undefined variable $row in C:\xampp\htdocs\lpske-portal\api\login.php on line 7
[16-Jul-2025 17:01:41 Europe/Berlin] PHP Warning:  Trying to access array offset on value of type null in C:\xampp\htdocs\lpske-portal\api\login.php on line 7
[16-Jul-2025 17:01:41 Europe/Berlin] PHP Warning:  Undefined variable $row in C:\xampp\htdocs\lpske-portal\api\login.php on line 8
[16-Jul-2025 17:01:41 Europe/Berlin] PHP Warning:  Trying to access array offset on value of type null in C:\xampp\htdocs\lpske-portal\api\login.php on line 8
[16-Jul-2025 17:01:41 Europe/Berlin] PHP Warning:  Undefined variable $row in C:\xampp\htdocs\lpske-portal\api\login.php on line 9
[16-Jul-2025 17:01:41 Europe/Berlin] PHP Warning:  Trying to access array offset on value of type null in C:\xampp\htdocs\lpske-portal\api\login.php on line 9
[16-Jul-2025 17:02:18 Europe/Berlin] PHP Warning:  Undefined variable $row in C:\xampp\htdocs\lpske-portal\api\login.php on line 7
[16-Jul-2025 17:02:18 Europe/Berlin] PHP Warning:  Trying to access array offset on value of type null in C:\xampp\htdocs\lpske-portal\api\login.php on line 7
[16-Jul-2025 17:02:18 Europe/Berlin] PHP Warning:  Undefined variable $row in C:\xampp\htdocs\lpske-portal\api\login.php on line 8
[16-Jul-2025 17:02:18 Europe/Berlin] PHP Warning:  Trying to access array offset on value of type null in C:\xampp\htdocs\lpske-portal\api\login.php on line 8
[16-Jul-2025 17:02:18 Europe/Berlin] PHP Warning:  Undefined variable $row in C:\xampp\htdocs\lpske-portal\api\login.php on line 9
[16-Jul-2025 17:02:18 Europe/Berlin] PHP Warning:  Trying to access array offset on value of type null in C:\xampp\htdocs\lpske-portal\api\login.php on line 9
[16-Jul-2025 17:02:47 Europe/Berlin] PHP Warning:  Undefined variable $row in C:\xampp\htdocs\lpske-portal\api\login.php on line 7
[16-Jul-2025 17:02:47 Europe/Berlin] PHP Warning:  Trying to access array offset on value of type null in C:\xampp\htdocs\lpske-portal\api\login.php on line 7
[16-Jul-2025 17:02:47 Europe/Berlin] PHP Warning:  Undefined variable $row in C:\xampp\htdocs\lpske-portal\api\login.php on line 8
[16-Jul-2025 17:02:47 Europe/Berlin] PHP Warning:  Trying to access array offset on value of type null in C:\xampp\htdocs\lpske-portal\api\login.php on line 8
[16-Jul-2025 17:02:47 Europe/Berlin] PHP Warning:  Undefined variable $row in C:\xampp\htdocs\lpske-portal\api\login.php on line 9
[16-Jul-2025 17:02:47 Europe/Berlin] PHP Warning:  Trying to access array offset on value of type null in C:\xampp\htdocs\lpske-portal\api\login.php on line 9
[16-Jul-2025 17:03:25 Europe/Berlin] PHP Warning:  Undefined variable $row in C:\xampp\htdocs\lpske-portal\api\login.php on line 7
[16-Jul-2025 17:03:25 Europe/Berlin] PHP Warning:  Trying to access array offset on value of type null in C:\xampp\htdocs\lpske-portal\api\login.php on line 7
[16-Jul-2025 17:03:25 Europe/Berlin] PHP Warning:  Undefined variable $row in C:\xampp\htdocs\lpske-portal\api\login.php on line 8
[16-Jul-2025 17:03:25 Europe/Berlin] PHP Warning:  Trying to access array offset on value of type null in C:\xampp\htdocs\lpske-portal\api\login.php on line 8
[16-Jul-2025 17:03:25 Europe/Berlin] PHP Warning:  Undefined variable $row in C:\xampp\htdocs\lpske-portal\api\login.php on line 9
[16-Jul-2025 17:03:25 Europe/Berlin] PHP Warning:  Trying to access array offset on value of type null in C:\xampp\htdocs\lpske-portal\api\login.php on line 9
[16-Jul-2025 17:03:31 Europe/Berlin] PHP Warning:  Undefined variable $row in C:\xampp\htdocs\lpske-portal\api\login.php on line 7
[16-Jul-2025 17:03:31 Europe/Berlin] PHP Warning:  Trying to access array offset on value of type null in C:\xampp\htdocs\lpske-portal\api\login.php on line 7
[16-Jul-2025 17:03:31 Europe/Berlin] PHP Warning:  Undefined variable $row in C:\xampp\htdocs\lpske-portal\api\login.php on line 8
[16-Jul-2025 17:03:31 Europe/Berlin] PHP Warning:  Trying to access array offset on value of type null in C:\xampp\htdocs\lpske-portal\api\login.php on line 8
[16-Jul-2025 17:03:31 Europe/Berlin] PHP Warning:  Undefined variable $row in C:\xampp\htdocs\lpske-portal\api\login.php on line 9
[16-Jul-2025 17:03:31 Europe/Berlin] PHP Warning:  Trying to access array offset on value of type null in C:\xampp\htdocs\lpske-portal\api\login.php on line 9
[16-Jul-2025 17:04:20 Europe/Berlin] PHP Warning:  Undefined variable $row in C:\xampp\htdocs\lpske-portal\api\login.php on line 7
[16-Jul-2025 17:04:20 Europe/Berlin] PHP Warning:  Trying to access array offset on value of type null in C:\xampp\htdocs\lpske-portal\api\login.php on line 7
[16-Jul-2025 17:04:20 Europe/Berlin] PHP Warning:  Undefined variable $row in C:\xampp\htdocs\lpske-portal\api\login.php on line 8
[16-Jul-2025 17:04:20 Europe/Berlin] PHP Warning:  Trying to access array offset on value of type null in C:\xampp\htdocs\lpske-portal\api\login.php on line 8
[16-Jul-2025 17:04:20 Europe/Berlin] PHP Warning:  Undefined variable $row in C:\xampp\htdocs\lpske-portal\api\login.php on line 9
[16-Jul-2025 17:04:20 Europe/Berlin] PHP Warning:  Trying to access array offset on value of type null in C:\xampp\htdocs\lpske-portal\api\login.php on line 9
[16-Jul-2025 17:04:39 Europe/Berlin] PHP Warning:  Undefined variable $row in C:\xampp\htdocs\lpske-portal\api\login.php on line 7
[16-Jul-2025 17:04:39 Europe/Berlin] PHP Warning:  Trying to access array offset on value of type null in C:\xampp\htdocs\lpske-portal\api\login.php on line 7
[16-Jul-2025 17:04:39 Europe/Berlin] PHP Warning:  Undefined variable $row in C:\xampp\htdocs\lpske-portal\api\login.php on line 8
[16-Jul-2025 17:04:39 Europe/Berlin] PHP Warning:  Trying to access array offset on value of type null in C:\xampp\htdocs\lpske-portal\api\login.php on line 8
[16-Jul-2025 17:04:39 Europe/Berlin] PHP Warning:  Undefined variable $row in C:\xampp\htdocs\lpske-portal\api\login.php on line 9
[16-Jul-2025 17:04:39 Europe/Berlin] PHP Warning:  Trying to access array offset on value of type null in C:\xampp\htdocs\lpske-portal\api\login.php on line 9
[16-Jul-2025 17:05:00 Europe/Berlin] PHP Warning:  Undefined variable $row in C:\xampp\htdocs\lpske-portal\api\login.php on line 7
[16-Jul-2025 17:05:00 Europe/Berlin] PHP Warning:  Trying to access array offset on value of type null in C:\xampp\htdocs\lpske-portal\api\login.php on line 7
[16-Jul-2025 17:05:00 Europe/Berlin] PHP Warning:  Undefined variable $row in C:\xampp\htdocs\lpske-portal\api\login.php on line 8
[16-Jul-2025 17:05:00 Europe/Berlin] PHP Warning:  Trying to access array offset on value of type null in C:\xampp\htdocs\lpske-portal\api\login.php on line 8
[16-Jul-2025 17:05:00 Europe/Berlin] PHP Warning:  Undefined variable $row in C:\xampp\htdocs\lpske-portal\api\login.php on line 9
[16-Jul-2025 17:05:00 Europe/Berlin] PHP Warning:  Trying to access array offset on value of type null in C:\xampp\htdocs\lpske-portal\api\login.php on line 9
[16-Jul-2025 17:15:47 Europe/Berlin] PHP Warning:  Undefined variable $row in C:\xampp\htdocs\lpske-portal\api\login.php on line 7
[16-Jul-2025 17:15:47 Europe/Berlin] PHP Warning:  Trying to access array offset on value of type null in C:\xampp\htdocs\lpske-portal\api\login.php on line 7
[16-Jul-2025 17:15:47 Europe/Berlin] PHP Warning:  Undefined variable $row in C:\xampp\htdocs\lpske-portal\api\login.php on line 8
[16-Jul-2025 17:15:47 Europe/Berlin] PHP Warning:  Trying to access array offset on value of type null in C:\xampp\htdocs\lpske-portal\api\login.php on line 8
[16-Jul-2025 17:15:47 Europe/Berlin] PHP Warning:  Undefined variable $row in C:\xampp\htdocs\lpske-portal\api\login.php on line 9
[16-Jul-2025 17:15:47 Europe/Berlin] PHP Warning:  Trying to access array offset on value of type null in C:\xampp\htdocs\lpske-portal\api\login.php on line 9
[16-Jul-2025 17:27:26 Europe/Berlin] PHP Warning:  Undefined variable $row in C:\xampp\htdocs\lpske-portal\api\login.php on line 7
[16-Jul-2025 17:27:26 Europe/Berlin] PHP Warning:  Trying to access array offset on value of type null in C:\xampp\htdocs\lpske-portal\api\login.php on line 7
[16-Jul-2025 17:27:26 Europe/Berlin] PHP Warning:  Undefined variable $row in C:\xampp\htdocs\lpske-portal\api\login.php on line 8
[16-Jul-2025 17:27:26 Europe/Berlin] PHP Warning:  Trying to access array offset on value of type null in C:\xampp\htdocs\lpske-portal\api\login.php on line 8
[16-Jul-2025 17:27:26 Europe/Berlin] PHP Warning:  Undefined variable $row in C:\xampp\htdocs\lpske-portal\api\login.php on line 9
[16-Jul-2025 17:27:26 Europe/Berlin] PHP Warning:  Trying to access array offset on value of type null in C:\xampp\htdocs\lpske-portal\api\login.php on line 9
[16-Jul-2025 17:27:36 Europe/Berlin] PHP Warning:  Undefined variable $row in C:\xampp\htdocs\lpske-portal\api\login.php on line 7
[16-Jul-2025 17:27:36 Europe/Berlin] PHP Warning:  Trying to access array offset on value of type null in C:\xampp\htdocs\lpske-portal\api\login.php on line 7
[16-Jul-2025 17:27:36 Europe/Berlin] PHP Warning:  Undefined variable $row in C:\xampp\htdocs\lpske-portal\api\login.php on line 8
[16-Jul-2025 17:27:36 Europe/Berlin] PHP Warning:  Trying to access array offset on value of type null in C:\xampp\htdocs\lpske-portal\api\login.php on line 8
[16-Jul-2025 17:27:36 Europe/Berlin] PHP Warning:  Undefined variable $row in C:\xampp\htdocs\lpske-portal\api\login.php on line 9
[16-Jul-2025 17:27:36 Europe/Berlin] PHP Warning:  Trying to access array offset on value of type null in C:\xampp\htdocs\lpske-portal\api\login.php on line 9
[16-Jul-2025 17:27:51 Europe/Berlin] PHP Warning:  Undefined variable $row in C:\xampp\htdocs\lpske-portal\api\login.php on line 7
[16-Jul-2025 17:27:51 Europe/Berlin] PHP Warning:  Trying to access array offset on value of type null in C:\xampp\htdocs\lpske-portal\api\login.php on line 7
[16-Jul-2025 17:27:51 Europe/Berlin] PHP Warning:  Undefined variable $row in C:\xampp\htdocs\lpske-portal\api\login.php on line 8
[16-Jul-2025 17:27:51 Europe/Berlin] PHP Warning:  Trying to access array offset on value of type null in C:\xampp\htdocs\lpske-portal\api\login.php on line 8
[16-Jul-2025 17:27:51 Europe/Berlin] PHP Warning:  Undefined variable $row in C:\xampp\htdocs\lpske-portal\api\login.php on line 9
[16-Jul-2025 17:27:51 Europe/Berlin] PHP Warning:  Trying to access array offset on value of type null in C:\xampp\htdocs\lpske-portal\api\login.php on line 9
[16-Jul-2025 17:28:33 Europe/Berlin] PHP Warning:  Undefined variable $row in C:\xampp\htdocs\lpske-portal\api\login.php on line 7
[16-Jul-2025 17:28:33 Europe/Berlin] PHP Warning:  Trying to access array offset on value of type null in C:\xampp\htdocs\lpske-portal\api\login.php on line 7
[16-Jul-2025 17:28:33 Europe/Berlin] PHP Warning:  Undefined variable $row in C:\xampp\htdocs\lpske-portal\api\login.php on line 8
[16-Jul-2025 17:28:33 Europe/Berlin] PHP Warning:  Trying to access array offset on value of type null in C:\xampp\htdocs\lpske-portal\api\login.php on line 8
[16-Jul-2025 17:28:33 Europe/Berlin] PHP Warning:  Undefined variable $row in C:\xampp\htdocs\lpske-portal\api\login.php on line 9
[16-Jul-2025 17:28:33 Europe/Berlin] PHP Warning:  Trying to access array offset on value of type null in C:\xampp\htdocs\lpske-portal\api\login.php on line 9
[16-Jul-2025 17:28:52 Europe/Berlin] PHP Warning:  Undefined variable $row in C:\xampp\htdocs\lpske-portal\api\login.php on line 7
[16-Jul-2025 17:28:52 Europe/Berlin] PHP Warning:  Trying to access array offset on value of type null in C:\xampp\htdocs\lpske-portal\api\login.php on line 7
[16-Jul-2025 17:28:52 Europe/Berlin] PHP Warning:  Undefined variable $row in C:\xampp\htdocs\lpske-portal\api\login.php on line 8
[16-Jul-2025 17:28:52 Europe/Berlin] PHP Warning:  Trying to access array offset on value of type null in C:\xampp\htdocs\lpske-portal\api\login.php on line 8
[16-Jul-2025 17:28:52 Europe/Berlin] PHP Warning:  Undefined variable $row in C:\xampp\htdocs\lpske-portal\api\login.php on line 9
[16-Jul-2025 17:28:52 Europe/Berlin] PHP Warning:  Trying to access array offset on value of type null in C:\xampp\htdocs\lpske-portal\api\login.php on line 9
[16-Jul-2025 17:29:14 Europe/Berlin] PHP Warning:  Undefined variable $row in C:\xampp\htdocs\lpske-portal\api\login.php on line 7
[16-Jul-2025 17:29:14 Europe/Berlin] PHP Warning:  Trying to access array offset on value of type null in C:\xampp\htdocs\lpske-portal\api\login.php on line 7
[16-Jul-2025 17:29:14 Europe/Berlin] PHP Warning:  Undefined variable $row in C:\xampp\htdocs\lpske-portal\api\login.php on line 8
[16-Jul-2025 17:29:14 Europe/Berlin] PHP Warning:  Trying to access array offset on value of type null in C:\xampp\htdocs\lpske-portal\api\login.php on line 8
[16-Jul-2025 17:29:14 Europe/Berlin] PHP Warning:  Undefined variable $row in C:\xampp\htdocs\lpske-portal\api\login.php on line 9
[16-Jul-2025 17:29:14 Europe/Berlin] PHP Warning:  Trying to access array offset on value of type null in C:\xampp\htdocs\lpske-portal\api\login.php on line 9
[16-Jul-2025 17:30:11 Europe/Berlin] PHP Warning:  Undefined variable $row in C:\xampp\htdocs\lpske-portal\api\login.php on line 7
[16-Jul-2025 17:30:11 Europe/Berlin] PHP Warning:  Trying to access array offset on value of type null in C:\xampp\htdocs\lpske-portal\api\login.php on line 7
[16-Jul-2025 17:30:11 Europe/Berlin] PHP Warning:  Undefined variable $row in C:\xampp\htdocs\lpske-portal\api\login.php on line 8
[16-Jul-2025 17:30:11 Europe/Berlin] PHP Warning:  Trying to access array offset on value of type null in C:\xampp\htdocs\lpske-portal\api\login.php on line 8
[16-Jul-2025 17:30:11 Europe/Berlin] PHP Warning:  Undefined variable $row in C:\xampp\htdocs\lpske-portal\api\login.php on line 9
[16-Jul-2025 17:30:11 Europe/Berlin] PHP Warning:  Trying to access array offset on value of type null in C:\xampp\htdocs\lpske-portal\api\login.php on line 9
[16-Jul-2025 17:30:39 Europe/Berlin] PHP Warning:  Undefined variable $row in C:\xampp\htdocs\lpske-portal\api\login.php on line 7
[16-Jul-2025 17:30:39 Europe/Berlin] PHP Warning:  Trying to access array offset on value of type null in C:\xampp\htdocs\lpske-portal\api\login.php on line 7
[16-Jul-2025 17:30:39 Europe/Berlin] PHP Warning:  Undefined variable $row in C:\xampp\htdocs\lpske-portal\api\login.php on line 8
[16-Jul-2025 17:30:39 Europe/Berlin] PHP Warning:  Trying to access array offset on value of type null in C:\xampp\htdocs\lpske-portal\api\login.php on line 8
[16-Jul-2025 17:30:39 Europe/Berlin] PHP Warning:  Undefined variable $row in C:\xampp\htdocs\lpske-portal\api\login.php on line 9
[16-Jul-2025 17:30:39 Europe/Berlin] PHP Warning:  Trying to access array offset on value of type null in C:\xampp\htdocs\lpske-portal\api\login.php on line 9
[16-Jul-2025 17:33:01 Europe/Berlin] PHP Warning:  Undefined variable $row in C:\xampp\htdocs\lpske-portal\api\login.php on line 7
[16-Jul-2025 17:33:01 Europe/Berlin] PHP Warning:  Trying to access array offset on value of type null in C:\xampp\htdocs\lpske-portal\api\login.php on line 7
[16-Jul-2025 17:33:01 Europe/Berlin] PHP Warning:  Undefined variable $row in C:\xampp\htdocs\lpske-portal\api\login.php on line 8
[16-Jul-2025 17:33:01 Europe/Berlin] PHP Warning:  Trying to access array offset on value of type null in C:\xampp\htdocs\lpske-portal\api\login.php on line 8
[16-Jul-2025 17:33:01 Europe/Berlin] PHP Warning:  Undefined variable $row in C:\xampp\htdocs\lpske-portal\api\login.php on line 9
[16-Jul-2025 17:33:01 Europe/Berlin] PHP Warning:  Trying to access array offset on value of type null in C:\xampp\htdocs\lpske-portal\api\login.php on line 9
[16-Jul-2025 17:33:25 Europe/Berlin] PHP Warning:  Undefined variable $row in C:\xampp\htdocs\lpske-portal\api\login.php on line 7
[16-Jul-2025 17:33:25 Europe/Berlin] PHP Warning:  Trying to access array offset on value of type null in C:\xampp\htdocs\lpske-portal\api\login.php on line 7
[16-Jul-2025 17:33:25 Europe/Berlin] PHP Warning:  Undefined variable $row in C:\xampp\htdocs\lpske-portal\api\login.php on line 8
[16-Jul-2025 17:33:25 Europe/Berlin] PHP Warning:  Trying to access array offset on value of type null in C:\xampp\htdocs\lpske-portal\api\login.php on line 8
[16-Jul-2025 17:33:25 Europe/Berlin] PHP Warning:  Undefined variable $row in C:\xampp\htdocs\lpske-portal\api\login.php on line 9
[16-Jul-2025 17:33:25 Europe/Berlin] PHP Warning:  Trying to access array offset on value of type null in C:\xampp\htdocs\lpske-portal\api\login.php on line 9
[16-Jul-2025 17:34:17 Europe/Berlin] PHP Warning:  Undefined variable $row in C:\xampp\htdocs\lpske-portal\api\login.php on line 7
[16-Jul-2025 17:34:17 Europe/Berlin] PHP Warning:  Trying to access array offset on value of type null in C:\xampp\htdocs\lpske-portal\api\login.php on line 7
[16-Jul-2025 17:34:17 Europe/Berlin] PHP Warning:  Undefined variable $row in C:\xampp\htdocs\lpske-portal\api\login.php on line 8
[16-Jul-2025 17:34:17 Europe/Berlin] PHP Warning:  Trying to access array offset on value of type null in C:\xampp\htdocs\lpske-portal\api\login.php on line 8
[16-Jul-2025 17:34:17 Europe/Berlin] PHP Warning:  Undefined variable $row in C:\xampp\htdocs\lpske-portal\api\login.php on line 9
[16-Jul-2025 17:34:17 Europe/Berlin] PHP Warning:  Trying to access array offset on value of type null in C:\xampp\htdocs\lpske-portal\api\login.php on line 9
[16-Jul-2025 17:36:40 Europe/Berlin] PHP Warning:  Undefined variable $row in C:\xampp\htdocs\lpske-portal\api\login.php on line 7
[16-Jul-2025 17:36:40 Europe/Berlin] PHP Warning:  Trying to access array offset on value of type null in C:\xampp\htdocs\lpske-portal\api\login.php on line 7
[16-Jul-2025 17:36:40 Europe/Berlin] PHP Warning:  Undefined variable $row in C:\xampp\htdocs\lpske-portal\api\login.php on line 8
[16-Jul-2025 17:36:40 Europe/Berlin] PHP Warning:  Trying to access array offset on value of type null in C:\xampp\htdocs\lpske-portal\api\login.php on line 8
[16-Jul-2025 17:36:40 Europe/Berlin] PHP Warning:  Undefined variable $row in C:\xampp\htdocs\lpske-portal\api\login.php on line 9
[16-Jul-2025 17:36:40 Europe/Berlin] PHP Warning:  Trying to access array offset on value of type null in C:\xampp\htdocs\lpske-portal\api\login.php on line 9
[17-Jul-2025 04:03:48 Europe/Berlin] PHP Warning:  Undefined variable $row in C:\xampp\htdocs\lpske-portal\api\login.php on line 7
[17-Jul-2025 04:03:48 Europe/Berlin] PHP Warning:  Trying to access array offset on value of type null in C:\xampp\htdocs\lpske-portal\api\login.php on line 7
[17-Jul-2025 04:03:48 Europe/Berlin] PHP Warning:  Undefined variable $row in C:\xampp\htdocs\lpske-portal\api\login.php on line 8
[17-Jul-2025 04:03:48 Europe/Berlin] PHP Warning:  Trying to access array offset on value of type null in C:\xampp\htdocs\lpske-portal\api\login.php on line 8
[17-Jul-2025 04:03:48 Europe/Berlin] PHP Warning:  Undefined variable $row in C:\xampp\htdocs\lpske-portal\api\login.php on line 9
[17-Jul-2025 04:03:48 Europe/Berlin] PHP Warning:  Trying to access array offset on value of type null in C:\xampp\htdocs\lpske-portal\api\login.php on line 9
[17-Jul-2025 04:13:53 Europe/Berlin] PHP Warning:  Undefined variable $row in C:\xampp\htdocs\lpske-portal\api\login.php on line 7
[17-Jul-2025 04:13:53 Europe/Berlin] PHP Warning:  Trying to access array offset on value of type null in C:\xampp\htdocs\lpske-portal\api\login.php on line 7
[17-Jul-2025 04:13:53 Europe/Berlin] PHP Warning:  Undefined variable $row in C:\xampp\htdocs\lpske-portal\api\login.php on line 8
[17-Jul-2025 04:13:53 Europe/Berlin] PHP Warning:  Trying to access array offset on value of type null in C:\xampp\htdocs\lpske-portal\api\login.php on line 8
[17-Jul-2025 04:13:53 Europe/Berlin] PHP Warning:  Undefined variable $row in C:\xampp\htdocs\lpske-portal\api\login.php on line 9
[17-Jul-2025 04:13:53 Europe/Berlin] PHP Warning:  Trying to access array offset on value of type null in C:\xampp\htdocs\lpske-portal\api\login.php on line 9
[17-Jul-2025 04:14:06 Europe/Berlin] PHP Warning:  Undefined variable $row in C:\xampp\htdocs\lpske-portal\api\login.php on line 7
[17-Jul-2025 04:14:06 Europe/Berlin] PHP Warning:  Trying to access array offset on value of type null in C:\xampp\htdocs\lpske-portal\api\login.php on line 7
[17-Jul-2025 04:14:06 Europe/Berlin] PHP Warning:  Undefined variable $row in C:\xampp\htdocs\lpske-portal\api\login.php on line 8
[17-Jul-2025 04:14:06 Europe/Berlin] PHP Warning:  Trying to access array offset on value of type null in C:\xampp\htdocs\lpske-portal\api\login.php on line 8
[17-Jul-2025 04:14:06 Europe/Berlin] PHP Warning:  Undefined variable $row in C:\xampp\htdocs\lpske-portal\api\login.php on line 9
[17-Jul-2025 04:14:06 Europe/Berlin] PHP Warning:  Trying to access array offset on value of type null in C:\xampp\htdocs\lpske-portal\api\login.php on line 9
[17-Jul-2025 04:14:21 Europe/Berlin] PHP Warning:  Undefined variable $row in C:\xampp\htdocs\lpske-portal\api\login.php on line 7
[17-Jul-2025 04:14:21 Europe/Berlin] PHP Warning:  Trying to access array offset on value of type null in C:\xampp\htdocs\lpske-portal\api\login.php on line 7
[17-Jul-2025 04:14:21 Europe/Berlin] PHP Warning:  Undefined variable $row in C:\xampp\htdocs\lpske-portal\api\login.php on line 8
[17-Jul-2025 04:14:21 Europe/Berlin] PHP Warning:  Trying to access array offset on value of type null in C:\xampp\htdocs\lpske-portal\api\login.php on line 8
[17-Jul-2025 04:14:21 Europe/Berlin] PHP Warning:  Undefined variable $row in C:\xampp\htdocs\lpske-portal\api\login.php on line 9
[17-Jul-2025 04:14:21 Europe/Berlin] PHP Warning:  Trying to access array offset on value of type null in C:\xampp\htdocs\lpske-portal\api\login.php on line 9
[17-Jul-2025 04:14:27 Europe/Berlin] PHP Warning:  Undefined variable $row in C:\xampp\htdocs\lpske-portal\api\login.php on line 7
[17-Jul-2025 04:14:27 Europe/Berlin] PHP Warning:  Trying to access array offset on value of type null in C:\xampp\htdocs\lpske-portal\api\login.php on line 7
[17-Jul-2025 04:14:27 Europe/Berlin] PHP Warning:  Undefined variable $row in C:\xampp\htdocs\lpske-portal\api\login.php on line 8
[17-Jul-2025 04:14:27 Europe/Berlin] PHP Warning:  Trying to access array offset on value of type null in C:\xampp\htdocs\lpske-portal\api\login.php on line 8
[17-Jul-2025 04:14:27 Europe/Berlin] PHP Warning:  Undefined variable $row in C:\xampp\htdocs\lpske-portal\api\login.php on line 9
[17-Jul-2025 04:14:27 Europe/Berlin] PHP Warning:  Trying to access array offset on value of type null in C:\xampp\htdocs\lpske-portal\api\login.php on line 9
[17-Jul-2025 04:14:44 Europe/Berlin] PHP Warning:  Undefined variable $row in C:\xampp\htdocs\lpske-portal\api\login.php on line 7
[17-Jul-2025 04:14:44 Europe/Berlin] PHP Warning:  Trying to access array offset on value of type null in C:\xampp\htdocs\lpske-portal\api\login.php on line 7
[17-Jul-2025 04:14:44 Europe/Berlin] PHP Warning:  Undefined variable $row in C:\xampp\htdocs\lpske-portal\api\login.php on line 8
[17-Jul-2025 04:14:44 Europe/Berlin] PHP Warning:  Trying to access array offset on value of type null in C:\xampp\htdocs\lpske-portal\api\login.php on line 8
[17-Jul-2025 04:14:44 Europe/Berlin] PHP Warning:  Undefined variable $row in C:\xampp\htdocs\lpske-portal\api\login.php on line 9
[17-Jul-2025 04:14:44 Europe/Berlin] PHP Warning:  Trying to access array offset on value of type null in C:\xampp\htdocs\lpske-portal\api\login.php on line 9
[17-Jul-2025 04:15:07 Europe/Berlin] PHP Warning:  Undefined variable $row in C:\xampp\htdocs\lpske-portal\api\login.php on line 7
[17-Jul-2025 04:15:07 Europe/Berlin] PHP Warning:  Trying to access array offset on value of type null in C:\xampp\htdocs\lpske-portal\api\login.php on line 7
[17-Jul-2025 04:15:07 Europe/Berlin] PHP Warning:  Undefined variable $row in C:\xampp\htdocs\lpske-portal\api\login.php on line 8
[17-Jul-2025 04:15:07 Europe/Berlin] PHP Warning:  Trying to access array offset on value of type null in C:\xampp\htdocs\lpske-portal\api\login.php on line 8
[17-Jul-2025 04:15:07 Europe/Berlin] PHP Warning:  Undefined variable $row in C:\xampp\htdocs\lpske-portal\api\login.php on line 9
[17-Jul-2025 04:15:07 Europe/Berlin] PHP Warning:  Trying to access array offset on value of type null in C:\xampp\htdocs\lpske-portal\api\login.php on line 9
[17-Jul-2025 04:15:27 Europe/Berlin] PHP Warning:  Undefined variable $row in C:\xampp\htdocs\lpske-portal\api\login.php on line 7
[17-Jul-2025 04:15:27 Europe/Berlin] PHP Warning:  Trying to access array offset on value of type null in C:\xampp\htdocs\lpske-portal\api\login.php on line 7
[17-Jul-2025 04:15:27 Europe/Berlin] PHP Warning:  Undefined variable $row in C:\xampp\htdocs\lpske-portal\api\login.php on line 8
[17-Jul-2025 04:15:27 Europe/Berlin] PHP Warning:  Trying to access array offset on value of type null in C:\xampp\htdocs\lpske-portal\api\login.php on line 8
[17-Jul-2025 04:15:27 Europe/Berlin] PHP Warning:  Undefined variable $row in C:\xampp\htdocs\lpske-portal\api\login.php on line 9
[17-Jul-2025 04:15:27 Europe/Berlin] PHP Warning:  Trying to access array offset on value of type null in C:\xampp\htdocs\lpske-portal\api\login.php on line 9
[17-Jul-2025 04:15:41 Europe/Berlin] PHP Warning:  Undefined variable $row in C:\xampp\htdocs\lpske-portal\api\login.php on line 7
[17-Jul-2025 04:15:41 Europe/Berlin] PHP Warning:  Trying to access array offset on value of type null in C:\xampp\htdocs\lpske-portal\api\login.php on line 7
[17-Jul-2025 04:15:41 Europe/Berlin] PHP Warning:  Undefined variable $row in C:\xampp\htdocs\lpske-portal\api\login.php on line 8
[17-Jul-2025 04:15:41 Europe/Berlin] PHP Warning:  Trying to access array offset on value of type null in C:\xampp\htdocs\lpske-portal\api\login.php on line 8
[17-Jul-2025 04:15:41 Europe/Berlin] PHP Warning:  Undefined variable $row in C:\xampp\htdocs\lpske-portal\api\login.php on line 9
[17-Jul-2025 04:15:41 Europe/Berlin] PHP Warning:  Trying to access array offset on value of type null in C:\xampp\htdocs\lpske-portal\api\login.php on line 9
[17-Jul-2025 04:38:32 Europe/Berlin] PHP Warning:  Undefined variable $row in C:\xampp\htdocs\lpske-portal\api\login.php on line 7
[17-Jul-2025 04:38:32 Europe/Berlin] PHP Warning:  Trying to access array offset on value of type null in C:\xampp\htdocs\lpske-portal\api\login.php on line 7
[17-Jul-2025 04:38:32 Europe/Berlin] PHP Warning:  Undefined variable $row in C:\xampp\htdocs\lpske-portal\api\login.php on line 8
[17-Jul-2025 04:38:32 Europe/Berlin] PHP Warning:  Trying to access array offset on value of type null in C:\xampp\htdocs\lpske-portal\api\login.php on line 8
[17-Jul-2025 04:38:32 Europe/Berlin] PHP Warning:  Undefined variable $row in C:\xampp\htdocs\lpske-portal\api\login.php on line 9
[17-Jul-2025 04:38:32 Europe/Berlin] PHP Warning:  Trying to access array offset on value of type null in C:\xampp\htdocs\lpske-portal\api\login.php on line 9
[17-Jul-2025 04:41:21 Europe/Berlin] PHP Warning:  Undefined variable $row in C:\xampp\htdocs\lpske-portal\api\login.php on line 7
[17-Jul-2025 04:41:21 Europe/Berlin] PHP Warning:  Trying to access array offset on value of type null in C:\xampp\htdocs\lpske-portal\api\login.php on line 7
[17-Jul-2025 04:41:21 Europe/Berlin] PHP Warning:  Undefined variable $row in C:\xampp\htdocs\lpske-portal\api\login.php on line 8
[17-Jul-2025 04:41:21 Europe/Berlin] PHP Warning:  Trying to access array offset on value of type null in C:\xampp\htdocs\lpske-portal\api\login.php on line 8
[17-Jul-2025 04:41:21 Europe/Berlin] PHP Warning:  Undefined variable $row in C:\xampp\htdocs\lpske-portal\api\login.php on line 9
[17-Jul-2025 04:41:21 Europe/Berlin] PHP Warning:  Trying to access array offset on value of type null in C:\xampp\htdocs\lpske-portal\api\login.php on line 9
[17-Jul-2025 06:11:40 Europe/Berlin] PHP Warning:  Undefined variable $row in C:\xampp\htdocs\lpske-portal\api\login.php on line 7
[17-Jul-2025 06:11:40 Europe/Berlin] PHP Warning:  Trying to access array offset on value of type null in C:\xampp\htdocs\lpske-portal\api\login.php on line 7
[17-Jul-2025 06:11:40 Europe/Berlin] PHP Warning:  Undefined variable $row in C:\xampp\htdocs\lpske-portal\api\login.php on line 8
[17-Jul-2025 06:11:40 Europe/Berlin] PHP Warning:  Trying to access array offset on value of type null in C:\xampp\htdocs\lpske-portal\api\login.php on line 8
[17-Jul-2025 06:11:40 Europe/Berlin] PHP Warning:  Undefined variable $row in C:\xampp\htdocs\lpske-portal\api\login.php on line 9
[17-Jul-2025 06:11:40 Europe/Berlin] PHP Warning:  Trying to access array offset on value of type null in C:\xampp\htdocs\lpske-portal\api\login.php on line 9
[17-Jul-2025 06:12:20 Europe/Berlin] PHP Warning:  Undefined variable $row in C:\xampp\htdocs\lpske-portal\api\login.php on line 7
[17-Jul-2025 06:12:20 Europe/Berlin] PHP Warning:  Trying to access array offset on value of type null in C:\xampp\htdocs\lpske-portal\api\login.php on line 7
[17-Jul-2025 06:12:20 Europe/Berlin] PHP Warning:  Undefined variable $row in C:\xampp\htdocs\lpske-portal\api\login.php on line 8
[17-Jul-2025 06:12:20 Europe/Berlin] PHP Warning:  Trying to access array offset on value of type null in C:\xampp\htdocs\lpske-portal\api\login.php on line 8
[17-Jul-2025 06:12:20 Europe/Berlin] PHP Warning:  Undefined variable $row in C:\xampp\htdocs\lpske-portal\api\login.php on line 9
[17-Jul-2025 06:12:20 Europe/Berlin] PHP Warning:  Trying to access array offset on value of type null in C:\xampp\htdocs\lpske-portal\api\login.php on line 9
[17-Jul-2025 06:12:44 Europe/Berlin] PHP Warning:  Undefined variable $row in C:\xampp\htdocs\lpske-portal\api\login.php on line 7
[17-Jul-2025 06:12:44 Europe/Berlin] PHP Warning:  Trying to access array offset on value of type null in C:\xampp\htdocs\lpske-portal\api\login.php on line 7
[17-Jul-2025 06:12:44 Europe/Berlin] PHP Warning:  Undefined variable $row in C:\xampp\htdocs\lpske-portal\api\login.php on line 8
[17-Jul-2025 06:12:44 Europe/Berlin] PHP Warning:  Trying to access array offset on value of type null in C:\xampp\htdocs\lpske-portal\api\login.php on line 8
[17-Jul-2025 06:12:44 Europe/Berlin] PHP Warning:  Undefined variable $row in C:\xampp\htdocs\lpske-portal\api\login.php on line 9
[17-Jul-2025 06:12:44 Europe/Berlin] PHP Warning:  Trying to access array offset on value of type null in C:\xampp\htdocs\lpske-portal\api\login.php on line 9
[17-Jul-2025 08:57:13 Europe/Berlin] PHP Warning:  Undefined variable $row in C:\xampp\htdocs\lpske-portal\api\login.php on line 7
[17-Jul-2025 08:57:13 Europe/Berlin] PHP Warning:  Trying to access array offset on value of type null in C:\xampp\htdocs\lpske-portal\api\login.php on line 7
[17-Jul-2025 08:57:13 Europe/Berlin] PHP Warning:  Undefined variable $row in C:\xampp\htdocs\lpske-portal\api\login.php on line 8
[17-Jul-2025 08:57:13 Europe/Berlin] PHP Warning:  Trying to access array offset on value of type null in C:\xampp\htdocs\lpske-portal\api\login.php on line 8
[17-Jul-2025 08:57:13 Europe/Berlin] PHP Warning:  Undefined variable $row in C:\xampp\htdocs\lpske-portal\api\login.php on line 9
[17-Jul-2025 08:57:13 Europe/Berlin] PHP Warning:  Trying to access array offset on value of type null in C:\xampp\htdocs\lpske-portal\api\login.php on line 9
[17-Jul-2025 09:05:56 Europe/Berlin] PHP Warning:  Undefined variable $row in C:\xampp\htdocs\lpske-portal\api\login.php on line 7
[17-Jul-2025 09:05:56 Europe/Berlin] PHP Warning:  Trying to access array offset on value of type null in C:\xampp\htdocs\lpske-portal\api\login.php on line 7
[17-Jul-2025 09:05:56 Europe/Berlin] PHP Warning:  Undefined variable $row in C:\xampp\htdocs\lpske-portal\api\login.php on line 8
[17-Jul-2025 09:05:56 Europe/Berlin] PHP Warning:  Trying to access array offset on value of type null in C:\xampp\htdocs\lpske-portal\api\login.php on line 8
[17-Jul-2025 09:05:56 Europe/Berlin] PHP Warning:  Undefined variable $row in C:\xampp\htdocs\lpske-portal\api\login.php on line 9
[17-Jul-2025 09:05:56 Europe/Berlin] PHP Warning:  Trying to access array offset on value of type null in C:\xampp\htdocs\lpske-portal\api\login.php on line 9
[17-Jul-2025 09:06:20 Europe/Berlin] PHP Warning:  Undefined variable $row in C:\xampp\htdocs\lpske-portal\api\login.php on line 7
[17-Jul-2025 09:06:20 Europe/Berlin] PHP Warning:  Trying to access array offset on value of type null in C:\xampp\htdocs\lpske-portal\api\login.php on line 7
[17-Jul-2025 09:06:20 Europe/Berlin] PHP Warning:  Undefined variable $row in C:\xampp\htdocs\lpske-portal\api\login.php on line 8
[17-Jul-2025 09:06:20 Europe/Berlin] PHP Warning:  Trying to access array offset on value of type null in C:\xampp\htdocs\lpske-portal\api\login.php on line 8
[17-Jul-2025 09:06:20 Europe/Berlin] PHP Warning:  Undefined variable $row in C:\xampp\htdocs\lpske-portal\api\login.php on line 9
[17-Jul-2025 09:06:20 Europe/Berlin] PHP Warning:  Trying to access array offset on value of type null in C:\xampp\htdocs\lpske-portal\api\login.php on line 9
[17-Jul-2025 09:06:47 Europe/Berlin] PHP Warning:  Undefined variable $row in C:\xampp\htdocs\lpske-portal\api\login.php on line 7
[17-Jul-2025 09:06:47 Europe/Berlin] PHP Warning:  Trying to access array offset on value of type null in C:\xampp\htdocs\lpske-portal\api\login.php on line 7
[17-Jul-2025 09:06:47 Europe/Berlin] PHP Warning:  Undefined variable $row in C:\xampp\htdocs\lpske-portal\api\login.php on line 8
[17-Jul-2025 09:06:47 Europe/Berlin] PHP Warning:  Trying to access array offset on value of type null in C:\xampp\htdocs\lpske-portal\api\login.php on line 8
[17-Jul-2025 09:06:47 Europe/Berlin] PHP Warning:  Undefined variable $row in C:\xampp\htdocs\lpske-portal\api\login.php on line 9
[17-Jul-2025 09:06:47 Europe/Berlin] PHP Warning:  Trying to access array offset on value of type null in C:\xampp\htdocs\lpske-portal\api\login.php on line 9
[17-Jul-2025 09:08:12 Europe/Berlin] PHP Warning:  Undefined variable $row in C:\xampp\htdocs\lpske-portal\api\login.php on line 7
[17-Jul-2025 09:08:12 Europe/Berlin] PHP Warning:  Trying to access array offset on value of type null in C:\xampp\htdocs\lpske-portal\api\login.php on line 7
[17-Jul-2025 09:08:12 Europe/Berlin] PHP Warning:  Undefined variable $row in C:\xampp\htdocs\lpske-portal\api\login.php on line 8
[17-Jul-2025 09:08:12 Europe/Berlin] PHP Warning:  Trying to access array offset on value of type null in C:\xampp\htdocs\lpske-portal\api\login.php on line 8
[17-Jul-2025 09:08:12 Europe/Berlin] PHP Warning:  Undefined variable $row in C:\xampp\htdocs\lpske-portal\api\login.php on line 9
[17-Jul-2025 09:08:12 Europe/Berlin] PHP Warning:  Trying to access array offset on value of type null in C:\xampp\htdocs\lpske-portal\api\login.php on line 9
[17-Jul-2025 09:09:05 Europe/Berlin] PHP Warning:  Undefined variable $row in C:\xampp\htdocs\lpske-portal\api\login.php on line 7
[17-Jul-2025 09:09:05 Europe/Berlin] PHP Warning:  Trying to access array offset on value of type null in C:\xampp\htdocs\lpske-portal\api\login.php on line 7
[17-Jul-2025 09:09:05 Europe/Berlin] PHP Warning:  Undefined variable $row in C:\xampp\htdocs\lpske-portal\api\login.php on line 8
[17-Jul-2025 09:09:05 Europe/Berlin] PHP Warning:  Trying to access array offset on value of type null in C:\xampp\htdocs\lpske-portal\api\login.php on line 8
[17-Jul-2025 09:09:05 Europe/Berlin] PHP Warning:  Undefined variable $row in C:\xampp\htdocs\lpske-portal\api\login.php on line 9
[17-Jul-2025 09:09:05 Europe/Berlin] PHP Warning:  Trying to access array offset on value of type null in C:\xampp\htdocs\lpske-portal\api\login.php on line 9
[17-Jul-2025 09:09:44 Europe/Berlin] PHP Warning:  Undefined variable $row in C:\xampp\htdocs\lpske-portal\api\login.php on line 7
[17-Jul-2025 09:09:44 Europe/Berlin] PHP Warning:  Trying to access array offset on value of type null in C:\xampp\htdocs\lpske-portal\api\login.php on line 7
[17-Jul-2025 09:09:44 Europe/Berlin] PHP Warning:  Undefined variable $row in C:\xampp\htdocs\lpske-portal\api\login.php on line 8
[17-Jul-2025 09:09:44 Europe/Berlin] PHP Warning:  Trying to access array offset on value of type null in C:\xampp\htdocs\lpske-portal\api\login.php on line 8
[17-Jul-2025 09:09:44 Europe/Berlin] PHP Warning:  Undefined variable $row in C:\xampp\htdocs\lpske-portal\api\login.php on line 9
[17-Jul-2025 09:09:44 Europe/Berlin] PHP Warning:  Trying to access array offset on value of type null in C:\xampp\htdocs\lpske-portal\api\login.php on line 9
[17-Jul-2025 09:13:08 Europe/Berlin] PHP Warning:  Undefined variable $row in C:\xampp\htdocs\lpske-portal\api\login.php on line 7
[17-Jul-2025 09:13:08 Europe/Berlin] PHP Warning:  Trying to access array offset on value of type null in C:\xampp\htdocs\lpske-portal\api\login.php on line 7
[17-Jul-2025 09:13:08 Europe/Berlin] PHP Warning:  Undefined variable $row in C:\xampp\htdocs\lpske-portal\api\login.php on line 8
[17-Jul-2025 09:13:08 Europe/Berlin] PHP Warning:  Trying to access array offset on value of type null in C:\xampp\htdocs\lpske-portal\api\login.php on line 8
[17-Jul-2025 09:13:08 Europe/Berlin] PHP Warning:  Undefined variable $row in C:\xampp\htdocs\lpske-portal\api\login.php on line 9
[17-Jul-2025 09:13:08 Europe/Berlin] PHP Warning:  Trying to access array offset on value of type null in C:\xampp\htdocs\lpske-portal\api\login.php on line 9
[17-Jul-2025 09:13:26 Europe/Berlin] PHP Warning:  Undefined variable $row in C:\xampp\htdocs\lpske-portal\api\login.php on line 7
[17-Jul-2025 09:13:26 Europe/Berlin] PHP Warning:  Trying to access array offset on value of type null in C:\xampp\htdocs\lpske-portal\api\login.php on line 7
[17-Jul-2025 09:13:26 Europe/Berlin] PHP Warning:  Undefined variable $row in C:\xampp\htdocs\lpske-portal\api\login.php on line 8
[17-Jul-2025 09:13:26 Europe/Berlin] PHP Warning:  Trying to access array offset on value of type null in C:\xampp\htdocs\lpske-portal\api\login.php on line 8
[17-Jul-2025 09:13:26 Europe/Berlin] PHP Warning:  Undefined variable $row in C:\xampp\htdocs\lpske-portal\api\login.php on line 9
[17-Jul-2025 09:13:26 Europe/Berlin] PHP Warning:  Trying to access array offset on value of type null in C:\xampp\htdocs\lpske-portal\api\login.php on line 9
[17-Jul-2025 09:52:59 Europe/Berlin] PHP Warning:  Undefined variable $row in C:\xampp\htdocs\lpske-portal\api\login.php on line 7
[17-Jul-2025 09:52:59 Europe/Berlin] PHP Warning:  Trying to access array offset on value of type null in C:\xampp\htdocs\lpske-portal\api\login.php on line 7
[17-Jul-2025 09:52:59 Europe/Berlin] PHP Warning:  Undefined variable $row in C:\xampp\htdocs\lpske-portal\api\login.php on line 8
[17-Jul-2025 09:52:59 Europe/Berlin] PHP Warning:  Trying to access array offset on value of type null in C:\xampp\htdocs\lpske-portal\api\login.php on line 8
[17-Jul-2025 09:52:59 Europe/Berlin] PHP Warning:  Undefined variable $row in C:\xampp\htdocs\lpske-portal\api\login.php on line 9
[17-Jul-2025 09:52:59 Europe/Berlin] PHP Warning:  Trying to access array offset on value of type null in C:\xampp\htdocs\lpske-portal\api\login.php on line 9
[17-Jul-2025 09:53:11 Europe/Berlin] PHP Warning:  Undefined variable $row in C:\xampp\htdocs\lpske-portal\api\login.php on line 7
[17-Jul-2025 09:53:11 Europe/Berlin] PHP Warning:  Trying to access array offset on value of type null in C:\xampp\htdocs\lpske-portal\api\login.php on line 7
[17-Jul-2025 09:53:11 Europe/Berlin] PHP Warning:  Undefined variable $row in C:\xampp\htdocs\lpske-portal\api\login.php on line 8
[17-Jul-2025 09:53:11 Europe/Berlin] PHP Warning:  Trying to access array offset on value of type null in C:\xampp\htdocs\lpske-portal\api\login.php on line 8
[17-Jul-2025 09:53:11 Europe/Berlin] PHP Warning:  Undefined variable $row in C:\xampp\htdocs\lpske-portal\api\login.php on line 9
[17-Jul-2025 09:53:11 Europe/Berlin] PHP Warning:  Trying to access array offset on value of type null in C:\xampp\htdocs\lpske-portal\api\login.php on line 9
[17-Jul-2025 09:53:19 Europe/Berlin] PHP Warning:  Undefined variable $row in C:\xampp\htdocs\lpske-portal\api\login.php on line 7
[17-Jul-2025 09:53:19 Europe/Berlin] PHP Warning:  Trying to access array offset on value of type null in C:\xampp\htdocs\lpske-portal\api\login.php on line 7
[17-Jul-2025 09:53:19 Europe/Berlin] PHP Warning:  Undefined variable $row in C:\xampp\htdocs\lpske-portal\api\login.php on line 8
[17-Jul-2025 09:53:19 Europe/Berlin] PHP Warning:  Trying to access array offset on value of type null in C:\xampp\htdocs\lpske-portal\api\login.php on line 8
[17-Jul-2025 09:53:19 Europe/Berlin] PHP Warning:  Undefined variable $row in C:\xampp\htdocs\lpske-portal\api\login.php on line 9
[17-Jul-2025 09:53:19 Europe/Berlin] PHP Warning:  Trying to access array offset on value of type null in C:\xampp\htdocs\lpske-portal\api\login.php on line 9
[17-Jul-2025 09:54:00 Europe/Berlin] PHP Warning:  Undefined variable $row in C:\xampp\htdocs\lpske-portal\api\login.php on line 7
[17-Jul-2025 09:54:00 Europe/Berlin] PHP Warning:  Trying to access array offset on value of type null in C:\xampp\htdocs\lpske-portal\api\login.php on line 7
[17-Jul-2025 09:54:00 Europe/Berlin] PHP Warning:  Undefined variable $row in C:\xampp\htdocs\lpske-portal\api\login.php on line 8
[17-Jul-2025 09:54:00 Europe/Berlin] PHP Warning:  Trying to access array offset on value of type null in C:\xampp\htdocs\lpske-portal\api\login.php on line 8
[17-Jul-2025 09:54:00 Europe/Berlin] PHP Warning:  Undefined variable $row in C:\xampp\htdocs\lpske-portal\api\login.php on line 9
[17-Jul-2025 09:54:00 Europe/Berlin] PHP Warning:  Trying to access array offset on value of type null in C:\xampp\htdocs\lpske-portal\api\login.php on line 9
[17-Jul-2025 10:04:15 Europe/Berlin] PHP Warning:  Undefined variable $row in C:\xampp\htdocs\lpske-portal\api\login.php on line 7
[17-Jul-2025 10:04:15 Europe/Berlin] PHP Warning:  Trying to access array offset on value of type null in C:\xampp\htdocs\lpske-portal\api\login.php on line 7
[17-Jul-2025 10:04:15 Europe/Berlin] PHP Warning:  Undefined variable $row in C:\xampp\htdocs\lpske-portal\api\login.php on line 8
[17-Jul-2025 10:04:15 Europe/Berlin] PHP Warning:  Trying to access array offset on value of type null in C:\xampp\htdocs\lpske-portal\api\login.php on line 8
[17-Jul-2025 10:04:15 Europe/Berlin] PHP Warning:  Undefined variable $row in C:\xampp\htdocs\lpske-portal\api\login.php on line 9
[17-Jul-2025 10:04:15 Europe/Berlin] PHP Warning:  Trying to access array offset on value of type null in C:\xampp\htdocs\lpske-portal\api\login.php on line 9
[17-Jul-2025 10:05:01 Europe/Berlin] PHP Warning:  Undefined variable $row in C:\xampp\htdocs\lpske-portal\api\login.php on line 7
[17-Jul-2025 10:05:01 Europe/Berlin] PHP Warning:  Trying to access array offset on value of type null in C:\xampp\htdocs\lpske-portal\api\login.php on line 7
[17-Jul-2025 10:05:01 Europe/Berlin] PHP Warning:  Undefined variable $row in C:\xampp\htdocs\lpske-portal\api\login.php on line 8
[17-Jul-2025 10:05:01 Europe/Berlin] PHP Warning:  Trying to access array offset on value of type null in C:\xampp\htdocs\lpske-portal\api\login.php on line 8
[17-Jul-2025 10:05:01 Europe/Berlin] PHP Warning:  Undefined variable $row in C:\xampp\htdocs\lpske-portal\api\login.php on line 9
[17-Jul-2025 10:05:01 Europe/Berlin] PHP Warning:  Trying to access array offset on value of type null in C:\xampp\htdocs\lpske-portal\api\login.php on line 9
[17-Jul-2025 16:45:03 Europe/Berlin] PHP Warning:  Undefined variable $row in C:\xampp\htdocs\lpske-portal\api\login.php on line 7
[17-Jul-2025 16:45:03 Europe/Berlin] PHP Warning:  Trying to access array offset on value of type null in C:\xampp\htdocs\lpske-portal\api\login.php on line 7
[17-Jul-2025 16:45:03 Europe/Berlin] PHP Warning:  Undefined variable $row in C:\xampp\htdocs\lpske-portal\api\login.php on line 8
[17-Jul-2025 16:45:03 Europe/Berlin] PHP Warning:  Trying to access array offset on value of type null in C:\xampp\htdocs\lpske-portal\api\login.php on line 8
[17-Jul-2025 16:45:03 Europe/Berlin] PHP Warning:  Undefined variable $row in C:\xampp\htdocs\lpske-portal\api\login.php on line 9
[17-Jul-2025 16:45:03 Europe/Berlin] PHP Warning:  Trying to access array offset on value of type null in C:\xampp\htdocs\lpske-portal\api\login.php on line 9
[17-Jul-2025 16:47:02 Europe/Berlin] PHP Warning:  Undefined variable $row in C:\xampp\htdocs\lpske-portal\api\login.php on line 7
[17-Jul-2025 16:47:02 Europe/Berlin] PHP Warning:  Trying to access array offset on value of type null in C:\xampp\htdocs\lpske-portal\api\login.php on line 7
[17-Jul-2025 16:47:02 Europe/Berlin] PHP Warning:  Undefined variable $row in C:\xampp\htdocs\lpske-portal\api\login.php on line 8
[17-Jul-2025 16:47:02 Europe/Berlin] PHP Warning:  Trying to access array offset on value of type null in C:\xampp\htdocs\lpske-portal\api\login.php on line 8
[17-Jul-2025 16:47:02 Europe/Berlin] PHP Warning:  Undefined variable $row in C:\xampp\htdocs\lpske-portal\api\login.php on line 9
[17-Jul-2025 16:47:02 Europe/Berlin] PHP Warning:  Trying to access array offset on value of type null in C:\xampp\htdocs\lpske-portal\api\login.php on line 9
[17-Jul-2025 16:48:05 Europe/Berlin] PHP Warning:  Undefined variable $row in C:\xampp\htdocs\lpske-portal\api\login.php on line 7
[17-Jul-2025 16:48:05 Europe/Berlin] PHP Warning:  Trying to access array offset on value of type null in C:\xampp\htdocs\lpske-portal\api\login.php on line 7
[17-Jul-2025 16:48:05 Europe/Berlin] PHP Warning:  Undefined variable $row in C:\xampp\htdocs\lpske-portal\api\login.php on line 8
[17-Jul-2025 16:48:05 Europe/Berlin] PHP Warning:  Trying to access array offset on value of type null in C:\xampp\htdocs\lpske-portal\api\login.php on line 8
[17-Jul-2025 16:48:05 Europe/Berlin] PHP Warning:  Undefined variable $row in C:\xampp\htdocs\lpske-portal\api\login.php on line 9
[17-Jul-2025 16:48:05 Europe/Berlin] PHP Warning:  Trying to access array offset on value of type null in C:\xampp\htdocs\lpske-portal\api\login.php on line 9
[17-Jul-2025 17:09:37 Europe/Berlin] PHP Warning:  Undefined variable $row in C:\xampp\htdocs\lpske-portal\api\login.php on line 7
[17-Jul-2025 17:09:37 Europe/Berlin] PHP Warning:  Trying to access array offset on value of type null in C:\xampp\htdocs\lpske-portal\api\login.php on line 7
[17-Jul-2025 17:09:37 Europe/Berlin] PHP Warning:  Undefined variable $row in C:\xampp\htdocs\lpske-portal\api\login.php on line 8
[17-Jul-2025 17:09:37 Europe/Berlin] PHP Warning:  Trying to access array offset on value of type null in C:\xampp\htdocs\lpske-portal\api\login.php on line 8
[17-Jul-2025 17:09:37 Europe/Berlin] PHP Warning:  Undefined variable $row in C:\xampp\htdocs\lpske-portal\api\login.php on line 9
[17-Jul-2025 17:09:37 Europe/Berlin] PHP Warning:  Trying to access array offset on value of type null in C:\xampp\htdocs\lpske-portal\api\login.php on line 9
[17-Jul-2025 17:09:59 Europe/Berlin] PHP Warning:  Undefined variable $row in C:\xampp\htdocs\lpske-portal\api\login.php on line 7
[17-Jul-2025 17:09:59 Europe/Berlin] PHP Warning:  Trying to access array offset on value of type null in C:\xampp\htdocs\lpske-portal\api\login.php on line 7
[17-Jul-2025 17:09:59 Europe/Berlin] PHP Warning:  Undefined variable $row in C:\xampp\htdocs\lpske-portal\api\login.php on line 8
[17-Jul-2025 17:09:59 Europe/Berlin] PHP Warning:  Trying to access array offset on value of type null in C:\xampp\htdocs\lpske-portal\api\login.php on line 8
[17-Jul-2025 17:09:59 Europe/Berlin] PHP Warning:  Undefined variable $row in C:\xampp\htdocs\lpske-portal\api\login.php on line 9
[17-Jul-2025 17:09:59 Europe/Berlin] PHP Warning:  Trying to access array offset on value of type null in C:\xampp\htdocs\lpske-portal\api\login.php on line 9
[17-Jul-2025 17:12:19 Europe/Berlin] PHP Warning:  Undefined variable $row in C:\xampp\htdocs\lpske-portal\api\login.php on line 7
[17-Jul-2025 17:12:19 Europe/Berlin] PHP Warning:  Trying to access array offset on value of type null in C:\xampp\htdocs\lpske-portal\api\login.php on line 7
[17-Jul-2025 17:12:19 Europe/Berlin] PHP Warning:  Undefined variable $row in C:\xampp\htdocs\lpske-portal\api\login.php on line 8
[17-Jul-2025 17:12:19 Europe/Berlin] PHP Warning:  Trying to access array offset on value of type null in C:\xampp\htdocs\lpske-portal\api\login.php on line 8
[17-Jul-2025 17:12:19 Europe/Berlin] PHP Warning:  Undefined variable $row in C:\xampp\htdocs\lpske-portal\api\login.php on line 9
[17-Jul-2025 17:12:19 Europe/Berlin] PHP Warning:  Trying to access array offset on value of type null in C:\xampp\htdocs\lpske-portal\api\login.php on line 9
[17-Jul-2025 17:12:38 Europe/Berlin] PHP Warning:  Undefined variable $row in C:\xampp\htdocs\lpske-portal\api\login.php on line 7
[17-Jul-2025 17:12:38 Europe/Berlin] PHP Warning:  Trying to access array offset on value of type null in C:\xampp\htdocs\lpske-portal\api\login.php on line 7
[17-Jul-2025 17:12:38 Europe/Berlin] PHP Warning:  Undefined variable $row in C:\xampp\htdocs\lpske-portal\api\login.php on line 8
[17-Jul-2025 17:12:38 Europe/Berlin] PHP Warning:  Trying to access array offset on value of type null in C:\xampp\htdocs\lpske-portal\api\login.php on line 8
[17-Jul-2025 17:12:38 Europe/Berlin] PHP Warning:  Undefined variable $row in C:\xampp\htdocs\lpske-portal\api\login.php on line 9
[17-Jul-2025 17:12:38 Europe/Berlin] PHP Warning:  Trying to access array offset on value of type null in C:\xampp\htdocs\lpske-portal\api\login.php on line 9
[17-Jul-2025 17:13:00 Europe/Berlin] PHP Warning:  Undefined variable $row in C:\xampp\htdocs\lpske-portal\api\login.php on line 7
[17-Jul-2025 17:13:00 Europe/Berlin] PHP Warning:  Trying to access array offset on value of type null in C:\xampp\htdocs\lpske-portal\api\login.php on line 7
[17-Jul-2025 17:13:00 Europe/Berlin] PHP Warning:  Undefined variable $row in C:\xampp\htdocs\lpske-portal\api\login.php on line 8
[17-Jul-2025 17:13:00 Europe/Berlin] PHP Warning:  Trying to access array offset on value of type null in C:\xampp\htdocs\lpske-portal\api\login.php on line 8
[17-Jul-2025 17:13:00 Europe/Berlin] PHP Warning:  Undefined variable $row in C:\xampp\htdocs\lpske-portal\api\login.php on line 9
[17-Jul-2025 17:13:00 Europe/Berlin] PHP Warning:  Trying to access array offset on value of type null in C:\xampp\htdocs\lpske-portal\api\login.php on line 9
[17-Jul-2025 17:13:14 Europe/Berlin] PHP Warning:  Undefined variable $row in C:\xampp\htdocs\lpske-portal\api\login.php on line 7
[17-Jul-2025 17:13:14 Europe/Berlin] PHP Warning:  Trying to access array offset on value of type null in C:\xampp\htdocs\lpske-portal\api\login.php on line 7
[17-Jul-2025 17:13:14 Europe/Berlin] PHP Warning:  Undefined variable $row in C:\xampp\htdocs\lpske-portal\api\login.php on line 8
[17-Jul-2025 17:13:14 Europe/Berlin] PHP Warning:  Trying to access array offset on value of type null in C:\xampp\htdocs\lpske-portal\api\login.php on line 8
[17-Jul-2025 17:13:14 Europe/Berlin] PHP Warning:  Undefined variable $row in C:\xampp\htdocs\lpske-portal\api\login.php on line 9
[17-Jul-2025 17:13:14 Europe/Berlin] PHP Warning:  Trying to access array offset on value of type null in C:\xampp\htdocs\lpske-portal\api\login.php on line 9
[17-Jul-2025 17:15:30 Europe/Berlin] PHP Warning:  Undefined variable $row in C:\xampp\htdocs\lpske-portal\api\login.php on line 7
[17-Jul-2025 17:15:30 Europe/Berlin] PHP Warning:  Trying to access array offset on value of type null in C:\xampp\htdocs\lpske-portal\api\login.php on line 7
[17-Jul-2025 17:15:30 Europe/Berlin] PHP Warning:  Undefined variable $row in C:\xampp\htdocs\lpske-portal\api\login.php on line 8
[17-Jul-2025 17:15:30 Europe/Berlin] PHP Warning:  Trying to access array offset on value of type null in C:\xampp\htdocs\lpske-portal\api\login.php on line 8
[17-Jul-2025 17:15:30 Europe/Berlin] PHP Warning:  Undefined variable $row in C:\xampp\htdocs\lpske-portal\api\login.php on line 9
[17-Jul-2025 17:15:30 Europe/Berlin] PHP Warning:  Trying to access array offset on value of type null in C:\xampp\htdocs\lpske-portal\api\login.php on line 9
[17-Jul-2025 17:18:45 Europe/Berlin] PHP Warning:  Undefined variable $row in C:\xampp\htdocs\lpske-portal\api\login.php on line 7
[17-Jul-2025 17:18:45 Europe/Berlin] PHP Warning:  Trying to access array offset on value of type null in C:\xampp\htdocs\lpske-portal\api\login.php on line 7
[17-Jul-2025 17:18:45 Europe/Berlin] PHP Warning:  Undefined variable $row in C:\xampp\htdocs\lpske-portal\api\login.php on line 8
[17-Jul-2025 17:18:45 Europe/Berlin] PHP Warning:  Trying to access array offset on value of type null in C:\xampp\htdocs\lpske-portal\api\login.php on line 8
[17-Jul-2025 17:18:45 Europe/Berlin] PHP Warning:  Undefined variable $row in C:\xampp\htdocs\lpske-portal\api\login.php on line 9
[17-Jul-2025 17:18:45 Europe/Berlin] PHP Warning:  Trying to access array offset on value of type null in C:\xampp\htdocs\lpske-portal\api\login.php on line 9
[17-Jul-2025 17:19:42 Europe/Berlin] PHP Warning:  Undefined variable $row in C:\xampp\htdocs\lpske-portal\api\login.php on line 7
[17-Jul-2025 17:19:42 Europe/Berlin] PHP Warning:  Trying to access array offset on value of type null in C:\xampp\htdocs\lpske-portal\api\login.php on line 7
[17-Jul-2025 17:19:42 Europe/Berlin] PHP Warning:  Undefined variable $row in C:\xampp\htdocs\lpske-portal\api\login.php on line 8
[17-Jul-2025 17:19:42 Europe/Berlin] PHP Warning:  Trying to access array offset on value of type null in C:\xampp\htdocs\lpske-portal\api\login.php on line 8
[17-Jul-2025 17:19:42 Europe/Berlin] PHP Warning:  Undefined variable $row in C:\xampp\htdocs\lpske-portal\api\login.php on line 9
[17-Jul-2025 17:19:42 Europe/Berlin] PHP Warning:  Trying to access array offset on value of type null in C:\xampp\htdocs\lpske-portal\api\login.php on line 9
[17-Jul-2025 18:34:56 Europe/Berlin] PHP Warning:  Undefined variable $row in C:\xampp\htdocs\lpske-portal\api\login.php on line 7
[17-Jul-2025 18:34:56 Europe/Berlin] PHP Warning:  Trying to access array offset on value of type null in C:\xampp\htdocs\lpske-portal\api\login.php on line 7
[17-Jul-2025 18:34:56 Europe/Berlin] PHP Warning:  Undefined variable $row in C:\xampp\htdocs\lpske-portal\api\login.php on line 8
[17-Jul-2025 18:34:56 Europe/Berlin] PHP Warning:  Trying to access array offset on value of type null in C:\xampp\htdocs\lpske-portal\api\login.php on line 8
[17-Jul-2025 18:34:56 Europe/Berlin] PHP Warning:  Undefined variable $row in C:\xampp\htdocs\lpske-portal\api\login.php on line 9
[17-Jul-2025 18:34:56 Europe/Berlin] PHP Warning:  Trying to access array offset on value of type null in C:\xampp\htdocs\lpske-portal\api\login.php on line 9
[17-Jul-2025 18:52:18 Europe/Berlin] PHP Warning:  Undefined variable $row in C:\xampp\htdocs\lpske-portal\api\login.php on line 7
[17-Jul-2025 18:52:18 Europe/Berlin] PHP Warning:  Trying to access array offset on value of type null in C:\xampp\htdocs\lpske-portal\api\login.php on line 7
[17-Jul-2025 18:52:18 Europe/Berlin] PHP Warning:  Undefined variable $row in C:\xampp\htdocs\lpske-portal\api\login.php on line 8
[17-Jul-2025 18:52:18 Europe/Berlin] PHP Warning:  Trying to access array offset on value of type null in C:\xampp\htdocs\lpske-portal\api\login.php on line 8
[17-Jul-2025 18:52:18 Europe/Berlin] PHP Warning:  Undefined variable $row in C:\xampp\htdocs\lpske-portal\api\login.php on line 9
[17-Jul-2025 18:52:18 Europe/Berlin] PHP Warning:  Trying to access array offset on value of type null in C:\xampp\htdocs\lpske-portal\api\login.php on line 9
[17-Jul-2025 19:24:53 Europe/Berlin] PHP Warning:  Undefined variable $row in C:\xampp\htdocs\lpske-portal\api\login.php on line 7
[17-Jul-2025 19:24:53 Europe/Berlin] PHP Warning:  Trying to access array offset on value of type null in C:\xampp\htdocs\lpske-portal\api\login.php on line 7
[17-Jul-2025 19:24:53 Europe/Berlin] PHP Warning:  Undefined variable $row in C:\xampp\htdocs\lpske-portal\api\login.php on line 8
[17-Jul-2025 19:24:53 Europe/Berlin] PHP Warning:  Trying to access array offset on value of type null in C:\xampp\htdocs\lpske-portal\api\login.php on line 8
[17-Jul-2025 19:24:53 Europe/Berlin] PHP Warning:  Undefined variable $row in C:\xampp\htdocs\lpske-portal\api\login.php on line 9
[17-Jul-2025 19:24:53 Europe/Berlin] PHP Warning:  Trying to access array offset on value of type null in C:\xampp\htdocs\lpske-portal\api\login.php on line 9
[17-Jul-2025 19:32:49 Europe/Berlin] PHP Warning:  Undefined variable $row in C:\xampp\htdocs\lpske-portal\api\login.php on line 7
[17-Jul-2025 19:32:49 Europe/Berlin] PHP Warning:  Trying to access array offset on value of type null in C:\xampp\htdocs\lpske-portal\api\login.php on line 7
[17-Jul-2025 19:32:49 Europe/Berlin] PHP Warning:  Undefined variable $row in C:\xampp\htdocs\lpske-portal\api\login.php on line 8
[17-Jul-2025 19:32:49 Europe/Berlin] PHP Warning:  Trying to access array offset on value of type null in C:\xampp\htdocs\lpske-portal\api\login.php on line 8
[17-Jul-2025 19:32:49 Europe/Berlin] PHP Warning:  Undefined variable $row in C:\xampp\htdocs\lpske-portal\api\login.php on line 9
[17-Jul-2025 19:32:49 Europe/Berlin] PHP Warning:  Trying to access array offset on value of type null in C:\xampp\htdocs\lpske-portal\api\login.php on line 9
[17-Jul-2025 19:33:08 Europe/Berlin] PHP Warning:  Undefined variable $row in C:\xampp\htdocs\lpske-portal\api\login.php on line 7
[17-Jul-2025 19:33:08 Europe/Berlin] PHP Warning:  Trying to access array offset on value of type null in C:\xampp\htdocs\lpske-portal\api\login.php on line 7
[17-Jul-2025 19:33:08 Europe/Berlin] PHP Warning:  Undefined variable $row in C:\xampp\htdocs\lpske-portal\api\login.php on line 8
[17-Jul-2025 19:33:08 Europe/Berlin] PHP Warning:  Trying to access array offset on value of type null in C:\xampp\htdocs\lpske-portal\api\login.php on line 8
[17-Jul-2025 19:33:08 Europe/Berlin] PHP Warning:  Undefined variable $row in C:\xampp\htdocs\lpske-portal\api\login.php on line 9
[17-Jul-2025 19:33:08 Europe/Berlin] PHP Warning:  Trying to access array offset on value of type null in C:\xampp\htdocs\lpske-portal\api\login.php on line 9
[17-Jul-2025 20:04:36 Europe/Berlin] PHP Warning:  Undefined variable $row in C:\xampp\htdocs\lpske-portal\api\login.php on line 7
[17-Jul-2025 20:04:36 Europe/Berlin] PHP Warning:  Trying to access array offset on value of type null in C:\xampp\htdocs\lpske-portal\api\login.php on line 7
[17-Jul-2025 20:04:36 Europe/Berlin] PHP Warning:  Undefined variable $row in C:\xampp\htdocs\lpske-portal\api\login.php on line 8
[17-Jul-2025 20:04:36 Europe/Berlin] PHP Warning:  Trying to access array offset on value of type null in C:\xampp\htdocs\lpske-portal\api\login.php on line 8
[17-Jul-2025 20:04:36 Europe/Berlin] PHP Warning:  Undefined variable $row in C:\xampp\htdocs\lpske-portal\api\login.php on line 9
[17-Jul-2025 20:04:36 Europe/Berlin] PHP Warning:  Trying to access array offset on value of type null in C:\xampp\htdocs\lpske-portal\api\login.php on line 9
[18-Jul-2025 04:13:07 Europe/Berlin] PHP Warning:  Undefined variable $row in C:\xampp\htdocs\lpske-portal\api\login.php on line 7
[18-Jul-2025 04:13:07 Europe/Berlin] PHP Warning:  Trying to access array offset on value of type null in C:\xampp\htdocs\lpske-portal\api\login.php on line 7
[18-Jul-2025 04:13:07 Europe/Berlin] PHP Warning:  Undefined variable $row in C:\xampp\htdocs\lpske-portal\api\login.php on line 8
[18-Jul-2025 04:13:07 Europe/Berlin] PHP Warning:  Trying to access array offset on value of type null in C:\xampp\htdocs\lpske-portal\api\login.php on line 8
[18-Jul-2025 04:13:07 Europe/Berlin] PHP Warning:  Undefined variable $row in C:\xampp\htdocs\lpske-portal\api\login.php on line 9
[18-Jul-2025 04:13:07 Europe/Berlin] PHP Warning:  Trying to access array offset on value of type null in C:\xampp\htdocs\lpske-portal\api\login.php on line 9
[18-Jul-2025 04:14:05 Europe/Berlin] PHP Warning:  Undefined variable $row in C:\xampp\htdocs\lpske-portal\api\login.php on line 7
[18-Jul-2025 04:14:05 Europe/Berlin] PHP Warning:  Trying to access array offset on value of type null in C:\xampp\htdocs\lpske-portal\api\login.php on line 7
[18-Jul-2025 04:14:05 Europe/Berlin] PHP Warning:  Undefined variable $row in C:\xampp\htdocs\lpske-portal\api\login.php on line 8
[18-Jul-2025 04:14:05 Europe/Berlin] PHP Warning:  Trying to access array offset on value of type null in C:\xampp\htdocs\lpske-portal\api\login.php on line 8
[18-Jul-2025 04:14:05 Europe/Berlin] PHP Warning:  Undefined variable $row in C:\xampp\htdocs\lpske-portal\api\login.php on line 9
[18-Jul-2025 04:14:05 Europe/Berlin] PHP Warning:  Trying to access array offset on value of type null in C:\xampp\htdocs\lpske-portal\api\login.php on line 9
[18-Jul-2025 04:26:27 Europe/Berlin] PHP Warning:  Undefined variable $row in C:\xampp\htdocs\lpske-portal\api\login.php on line 7
[18-Jul-2025 04:26:27 Europe/Berlin] PHP Warning:  Trying to access array offset on value of type null in C:\xampp\htdocs\lpske-portal\api\login.php on line 7
[18-Jul-2025 04:26:27 Europe/Berlin] PHP Warning:  Undefined variable $row in C:\xampp\htdocs\lpske-portal\api\login.php on line 8
[18-Jul-2025 04:26:27 Europe/Berlin] PHP Warning:  Trying to access array offset on value of type null in C:\xampp\htdocs\lpske-portal\api\login.php on line 8
[18-Jul-2025 04:26:27 Europe/Berlin] PHP Warning:  Undefined variable $row in C:\xampp\htdocs\lpske-portal\api\login.php on line 9
[18-Jul-2025 04:26:27 Europe/Berlin] PHP Warning:  Trying to access array offset on value of type null in C:\xampp\htdocs\lpske-portal\api\login.php on line 9
[18-Jul-2025 04:29:15 Europe/Berlin] PHP Warning:  Undefined variable $row in C:\xampp\htdocs\lpske-portal\api\login.php on line 7
[18-Jul-2025 04:29:15 Europe/Berlin] PHP Warning:  Trying to access array offset on value of type null in C:\xampp\htdocs\lpske-portal\api\login.php on line 7
[18-Jul-2025 04:29:15 Europe/Berlin] PHP Warning:  Undefined variable $row in C:\xampp\htdocs\lpske-portal\api\login.php on line 8
[18-Jul-2025 04:29:15 Europe/Berlin] PHP Warning:  Trying to access array offset on value of type null in C:\xampp\htdocs\lpske-portal\api\login.php on line 8
[18-Jul-2025 04:29:15 Europe/Berlin] PHP Warning:  Undefined variable $row in C:\xampp\htdocs\lpske-portal\api\login.php on line 9
[18-Jul-2025 04:29:15 Europe/Berlin] PHP Warning:  Trying to access array offset on value of type null in C:\xampp\htdocs\lpske-portal\api\login.php on line 9
[18-Jul-2025 05:06:05 Europe/Berlin] PHP Warning:  Undefined variable $row in C:\xampp\htdocs\lpske-portal\api\login.php on line 7
[18-Jul-2025 05:06:05 Europe/Berlin] PHP Warning:  Trying to access array offset on value of type null in C:\xampp\htdocs\lpske-portal\api\login.php on line 7
[18-Jul-2025 05:06:05 Europe/Berlin] PHP Warning:  Undefined variable $row in C:\xampp\htdocs\lpske-portal\api\login.php on line 8
[18-Jul-2025 05:06:05 Europe/Berlin] PHP Warning:  Trying to access array offset on value of type null in C:\xampp\htdocs\lpske-portal\api\login.php on line 8
[18-Jul-2025 05:06:05 Europe/Berlin] PHP Warning:  Undefined variable $row in C:\xampp\htdocs\lpske-portal\api\login.php on line 9
[18-Jul-2025 05:06:05 Europe/Berlin] PHP Warning:  Trying to access array offset on value of type null in C:\xampp\htdocs\lpske-portal\api\login.php on line 9
[18-Jul-2025 05:06:36 Europe/Berlin] PHP Warning:  Undefined variable $row in C:\xampp\htdocs\lpske-portal\api\login.php on line 7
[18-Jul-2025 05:06:36 Europe/Berlin] PHP Warning:  Trying to access array offset on value of type null in C:\xampp\htdocs\lpske-portal\api\login.php on line 7
[18-Jul-2025 05:06:36 Europe/Berlin] PHP Warning:  Undefined variable $row in C:\xampp\htdocs\lpske-portal\api\login.php on line 8
[18-Jul-2025 05:06:36 Europe/Berlin] PHP Warning:  Trying to access array offset on value of type null in C:\xampp\htdocs\lpske-portal\api\login.php on line 8
[18-Jul-2025 05:06:36 Europe/Berlin] PHP Warning:  Undefined variable $row in C:\xampp\htdocs\lpske-portal\api\login.php on line 9
[18-Jul-2025 05:06:36 Europe/Berlin] PHP Warning:  Trying to access array offset on value of type null in C:\xampp\htdocs\lpske-portal\api\login.php on line 9
[18-Jul-2025 05:19:49 Europe/Berlin] PHP Warning:  Undefined variable $row in C:\xampp\htdocs\lpske-portal\api\login.php on line 7
[18-Jul-2025 05:19:49 Europe/Berlin] PHP Warning:  Trying to access array offset on value of type null in C:\xampp\htdocs\lpske-portal\api\login.php on line 7
[18-Jul-2025 05:19:49 Europe/Berlin] PHP Warning:  Undefined variable $row in C:\xampp\htdocs\lpske-portal\api\login.php on line 8
[18-Jul-2025 05:19:49 Europe/Berlin] PHP Warning:  Trying to access array offset on value of type null in C:\xampp\htdocs\lpske-portal\api\login.php on line 8
[18-Jul-2025 05:19:49 Europe/Berlin] PHP Warning:  Undefined variable $row in C:\xampp\htdocs\lpske-portal\api\login.php on line 9
[18-Jul-2025 05:19:49 Europe/Berlin] PHP Warning:  Trying to access array offset on value of type null in C:\xampp\htdocs\lpske-portal\api\login.php on line 9
[18-Jul-2025 05:20:34 Europe/Berlin] PHP Warning:  Undefined variable $row in C:\xampp\htdocs\lpske-portal\api\login.php on line 7
[18-Jul-2025 05:20:34 Europe/Berlin] PHP Warning:  Trying to access array offset on value of type null in C:\xampp\htdocs\lpske-portal\api\login.php on line 7
[18-Jul-2025 05:20:34 Europe/Berlin] PHP Warning:  Undefined variable $row in C:\xampp\htdocs\lpske-portal\api\login.php on line 8
[18-Jul-2025 05:20:34 Europe/Berlin] PHP Warning:  Trying to access array offset on value of type null in C:\xampp\htdocs\lpske-portal\api\login.php on line 8
[18-Jul-2025 05:20:34 Europe/Berlin] PHP Warning:  Undefined variable $row in C:\xampp\htdocs\lpske-portal\api\login.php on line 9
[18-Jul-2025 05:20:34 Europe/Berlin] PHP Warning:  Trying to access array offset on value of type null in C:\xampp\htdocs\lpske-portal\api\login.php on line 9
[18-Jul-2025 05:36:19 Europe/Berlin] PHP Warning:  Undefined variable $row in C:\xampp\htdocs\lpske-portal\api\login.php on line 7
[18-Jul-2025 05:36:19 Europe/Berlin] PHP Warning:  Trying to access array offset on value of type null in C:\xampp\htdocs\lpske-portal\api\login.php on line 7
[18-Jul-2025 05:36:19 Europe/Berlin] PHP Warning:  Undefined variable $row in C:\xampp\htdocs\lpske-portal\api\login.php on line 8
[18-Jul-2025 05:36:19 Europe/Berlin] PHP Warning:  Trying to access array offset on value of type null in C:\xampp\htdocs\lpske-portal\api\login.php on line 8
[18-Jul-2025 05:36:19 Europe/Berlin] PHP Warning:  Undefined variable $row in C:\xampp\htdocs\lpske-portal\api\login.php on line 9
[18-Jul-2025 05:36:19 Europe/Berlin] PHP Warning:  Trying to access array offset on value of type null in C:\xampp\htdocs\lpske-portal\api\login.php on line 9
[18-Jul-2025 05:36:57 Europe/Berlin] PHP Warning:  Undefined variable $row in C:\xampp\htdocs\lpske-portal\api\login.php on line 7
[18-Jul-2025 05:36:57 Europe/Berlin] PHP Warning:  Trying to access array offset on value of type null in C:\xampp\htdocs\lpske-portal\api\login.php on line 7
[18-Jul-2025 05:36:57 Europe/Berlin] PHP Warning:  Undefined variable $row in C:\xampp\htdocs\lpske-portal\api\login.php on line 8
[18-Jul-2025 05:36:57 Europe/Berlin] PHP Warning:  Trying to access array offset on value of type null in C:\xampp\htdocs\lpske-portal\api\login.php on line 8
[18-Jul-2025 05:36:57 Europe/Berlin] PHP Warning:  Undefined variable $row in C:\xampp\htdocs\lpske-portal\api\login.php on line 9
[18-Jul-2025 05:36:57 Europe/Berlin] PHP Warning:  Trying to access array offset on value of type null in C:\xampp\htdocs\lpske-portal\api\login.php on line 9
[18-Jul-2025 05:37:20 Europe/Berlin] PHP Warning:  Undefined variable $row in C:\xampp\htdocs\lpske-portal\api\login.php on line 7
[18-Jul-2025 05:37:20 Europe/Berlin] PHP Warning:  Trying to access array offset on value of type null in C:\xampp\htdocs\lpske-portal\api\login.php on line 7
[18-Jul-2025 05:37:20 Europe/Berlin] PHP Warning:  Undefined variable $row in C:\xampp\htdocs\lpske-portal\api\login.php on line 8
[18-Jul-2025 05:37:20 Europe/Berlin] PHP Warning:  Trying to access array offset on value of type null in C:\xampp\htdocs\lpske-portal\api\login.php on line 8
[18-Jul-2025 05:37:20 Europe/Berlin] PHP Warning:  Undefined variable $row in C:\xampp\htdocs\lpske-portal\api\login.php on line 9
[18-Jul-2025 05:37:20 Europe/Berlin] PHP Warning:  Trying to access array offset on value of type null in C:\xampp\htdocs\lpske-portal\api\login.php on line 9
[18-Jul-2025 07:28:25 Europe/Berlin] PHP Warning:  Undefined variable $row in C:\xampp\htdocs\lpske-portal\api\login.php on line 7
[18-Jul-2025 07:28:25 Europe/Berlin] PHP Warning:  Trying to access array offset on value of type null in C:\xampp\htdocs\lpske-portal\api\login.php on line 7
[18-Jul-2025 07:28:25 Europe/Berlin] PHP Warning:  Undefined variable $row in C:\xampp\htdocs\lpske-portal\api\login.php on line 8
[18-Jul-2025 07:28:25 Europe/Berlin] PHP Warning:  Trying to access array offset on value of type null in C:\xampp\htdocs\lpske-portal\api\login.php on line 8
[18-Jul-2025 07:28:25 Europe/Berlin] PHP Warning:  Undefined variable $row in C:\xampp\htdocs\lpske-portal\api\login.php on line 9
[18-Jul-2025 07:28:25 Europe/Berlin] PHP Warning:  Trying to access array offset on value of type null in C:\xampp\htdocs\lpske-portal\api\login.php on line 9
[18-Jul-2025 07:28:31 Europe/Berlin] PHP Warning:  Undefined variable $row in C:\xampp\htdocs\lpske-portal\api\login.php on line 7
[18-Jul-2025 07:28:31 Europe/Berlin] PHP Warning:  Trying to access array offset on value of type null in C:\xampp\htdocs\lpske-portal\api\login.php on line 7
[18-Jul-2025 07:28:31 Europe/Berlin] PHP Warning:  Undefined variable $row in C:\xampp\htdocs\lpske-portal\api\login.php on line 8
[18-Jul-2025 07:28:31 Europe/Berlin] PHP Warning:  Trying to access array offset on value of type null in C:\xampp\htdocs\lpske-portal\api\login.php on line 8
[18-Jul-2025 07:28:31 Europe/Berlin] PHP Warning:  Undefined variable $row in C:\xampp\htdocs\lpske-portal\api\login.php on line 9
[18-Jul-2025 07:28:31 Europe/Berlin] PHP Warning:  Trying to access array offset on value of type null in C:\xampp\htdocs\lpske-portal\api\login.php on line 9
[18-Jul-2025 07:35:17 Europe/Berlin] PHP Warning:  Undefined variable $row in C:\xampp\htdocs\lpske-portal\api\login.php on line 7
[18-Jul-2025 07:35:17 Europe/Berlin] PHP Warning:  Trying to access array offset on value of type null in C:\xampp\htdocs\lpske-portal\api\login.php on line 7
[18-Jul-2025 07:35:17 Europe/Berlin] PHP Warning:  Undefined variable $row in C:\xampp\htdocs\lpske-portal\api\login.php on line 8
[18-Jul-2025 07:35:17 Europe/Berlin] PHP Warning:  Trying to access array offset on value of type null in C:\xampp\htdocs\lpske-portal\api\login.php on line 8
[18-Jul-2025 07:35:17 Europe/Berlin] PHP Warning:  Undefined variable $row in C:\xampp\htdocs\lpske-portal\api\login.php on line 9
[18-Jul-2025 07:35:17 Europe/Berlin] PHP Warning:  Trying to access array offset on value of type null in C:\xampp\htdocs\lpske-portal\api\login.php on line 9
[18-Jul-2025 07:55:22 Europe/Berlin] PHP Warning:  Undefined variable $row in C:\xampp\htdocs\lpske-portal\api\login.php on line 7
[18-Jul-2025 07:55:22 Europe/Berlin] PHP Warning:  Trying to access array offset on value of type null in C:\xampp\htdocs\lpske-portal\api\login.php on line 7
[18-Jul-2025 07:55:22 Europe/Berlin] PHP Warning:  Undefined variable $row in C:\xampp\htdocs\lpske-portal\api\login.php on line 8
[18-Jul-2025 07:55:22 Europe/Berlin] PHP Warning:  Trying to access array offset on value of type null in C:\xampp\htdocs\lpske-portal\api\login.php on line 8
[18-Jul-2025 07:55:22 Europe/Berlin] PHP Warning:  Undefined variable $row in C:\xampp\htdocs\lpske-portal\api\login.php on line 9
[18-Jul-2025 07:55:22 Europe/Berlin] PHP Warning:  Trying to access array offset on value of type null in C:\xampp\htdocs\lpske-portal\api\login.php on line 9
[18-Jul-2025 07:56:01 Europe/Berlin] PHP Warning:  Undefined variable $row in C:\xampp\htdocs\lpske-portal\api\login.php on line 7
[18-Jul-2025 07:56:01 Europe/Berlin] PHP Warning:  Trying to access array offset on value of type null in C:\xampp\htdocs\lpske-portal\api\login.php on line 7
[18-Jul-2025 07:56:01 Europe/Berlin] PHP Warning:  Undefined variable $row in C:\xampp\htdocs\lpske-portal\api\login.php on line 8
[18-Jul-2025 07:56:01 Europe/Berlin] PHP Warning:  Trying to access array offset on value of type null in C:\xampp\htdocs\lpske-portal\api\login.php on line 8
[18-Jul-2025 07:56:01 Europe/Berlin] PHP Warning:  Undefined variable $row in C:\xampp\htdocs\lpske-portal\api\login.php on line 9
[18-Jul-2025 07:56:01 Europe/Berlin] PHP Warning:  Trying to access array offset on value of type null in C:\xampp\htdocs\lpske-portal\api\login.php on line 9
[18-Jul-2025 08:07:21 Europe/Berlin] PHP Warning:  Undefined variable $row in C:\xampp\htdocs\lpske-portal\api\login.php on line 7
[18-Jul-2025 08:07:21 Europe/Berlin] PHP Warning:  Trying to access array offset on value of type null in C:\xampp\htdocs\lpske-portal\api\login.php on line 7
[18-Jul-2025 08:07:21 Europe/Berlin] PHP Warning:  Undefined variable $row in C:\xampp\htdocs\lpske-portal\api\login.php on line 8
[18-Jul-2025 08:07:21 Europe/Berlin] PHP Warning:  Trying to access array offset on value of type null in C:\xampp\htdocs\lpske-portal\api\login.php on line 8
[18-Jul-2025 08:07:21 Europe/Berlin] PHP Warning:  Undefined variable $row in C:\xampp\htdocs\lpske-portal\api\login.php on line 9
[18-Jul-2025 08:07:21 Europe/Berlin] PHP Warning:  Trying to access array offset on value of type null in C:\xampp\htdocs\lpske-portal\api\login.php on line 9
[18-Jul-2025 08:18:08 Europe/Berlin] PHP Warning:  Undefined variable $row in C:\xampp\htdocs\lpske-portal\api\login.php on line 7
[18-Jul-2025 08:18:08 Europe/Berlin] PHP Warning:  Trying to access array offset on value of type null in C:\xampp\htdocs\lpske-portal\api\login.php on line 7
[18-Jul-2025 08:18:08 Europe/Berlin] PHP Warning:  Undefined variable $row in C:\xampp\htdocs\lpske-portal\api\login.php on line 8
[18-Jul-2025 08:18:08 Europe/Berlin] PHP Warning:  Trying to access array offset on value of type null in C:\xampp\htdocs\lpske-portal\api\login.php on line 8
[18-Jul-2025 08:18:08 Europe/Berlin] PHP Warning:  Undefined variable $row in C:\xampp\htdocs\lpske-portal\api\login.php on line 9
[18-Jul-2025 08:18:08 Europe/Berlin] PHP Warning:  Trying to access array offset on value of type null in C:\xampp\htdocs\lpske-portal\api\login.php on line 9
[18-Jul-2025 08:19:01 Europe/Berlin] PHP Warning:  Undefined variable $row in C:\xampp\htdocs\lpske-portal\api\login.php on line 7
[18-Jul-2025 08:19:01 Europe/Berlin] PHP Warning:  Trying to access array offset on value of type null in C:\xampp\htdocs\lpske-portal\api\login.php on line 7
[18-Jul-2025 08:19:01 Europe/Berlin] PHP Warning:  Undefined variable $row in C:\xampp\htdocs\lpske-portal\api\login.php on line 8
[18-Jul-2025 08:19:01 Europe/Berlin] PHP Warning:  Trying to access array offset on value of type null in C:\xampp\htdocs\lpske-portal\api\login.php on line 8
[18-Jul-2025 08:19:01 Europe/Berlin] PHP Warning:  Undefined variable $row in C:\xampp\htdocs\lpske-portal\api\login.php on line 9
[18-Jul-2025 08:19:01 Europe/Berlin] PHP Warning:  Trying to access array offset on value of type null in C:\xampp\htdocs\lpske-portal\api\login.php on line 9
[18-Jul-2025 08:28:24 Europe/Berlin] PHP Warning:  Undefined variable $row in C:\xampp\htdocs\lpske-portal\api\login.php on line 7
[18-Jul-2025 08:28:24 Europe/Berlin] PHP Warning:  Trying to access array offset on value of type null in C:\xampp\htdocs\lpske-portal\api\login.php on line 7
[18-Jul-2025 08:28:24 Europe/Berlin] PHP Warning:  Undefined variable $row in C:\xampp\htdocs\lpske-portal\api\login.php on line 8
[18-Jul-2025 08:28:24 Europe/Berlin] PHP Warning:  Trying to access array offset on value of type null in C:\xampp\htdocs\lpske-portal\api\login.php on line 8
[18-Jul-2025 08:28:24 Europe/Berlin] PHP Warning:  Undefined variable $row in C:\xampp\htdocs\lpske-portal\api\login.php on line 9
[18-Jul-2025 08:28:24 Europe/Berlin] PHP Warning:  Trying to access array offset on value of type null in C:\xampp\htdocs\lpske-portal\api\login.php on line 9
[18-Jul-2025 08:29:29 Europe/Berlin] PHP Warning:  Undefined variable $row in C:\xampp\htdocs\lpske-portal\api\login.php on line 7
[18-Jul-2025 08:29:29 Europe/Berlin] PHP Warning:  Trying to access array offset on value of type null in C:\xampp\htdocs\lpske-portal\api\login.php on line 7
[18-Jul-2025 08:29:29 Europe/Berlin] PHP Warning:  Undefined variable $row in C:\xampp\htdocs\lpske-portal\api\login.php on line 8
[18-Jul-2025 08:29:29 Europe/Berlin] PHP Warning:  Trying to access array offset on value of type null in C:\xampp\htdocs\lpske-portal\api\login.php on line 8
[18-Jul-2025 08:29:29 Europe/Berlin] PHP Warning:  Undefined variable $row in C:\xampp\htdocs\lpske-portal\api\login.php on line 9
[18-Jul-2025 08:29:29 Europe/Berlin] PHP Warning:  Trying to access array offset on value of type null in C:\xampp\htdocs\lpske-portal\api\login.php on line 9
[18-Jul-2025 08:29:57 Europe/Berlin] PHP Warning:  Undefined variable $row in C:\xampp\htdocs\lpske-portal\api\login.php on line 7
[18-Jul-2025 08:29:57 Europe/Berlin] PHP Warning:  Trying to access array offset on value of type null in C:\xampp\htdocs\lpske-portal\api\login.php on line 7
[18-Jul-2025 08:29:57 Europe/Berlin] PHP Warning:  Undefined variable $row in C:\xampp\htdocs\lpske-portal\api\login.php on line 8
[18-Jul-2025 08:29:57 Europe/Berlin] PHP Warning:  Trying to access array offset on value of type null in C:\xampp\htdocs\lpske-portal\api\login.php on line 8
[18-Jul-2025 08:29:57 Europe/Berlin] PHP Warning:  Undefined variable $row in C:\xampp\htdocs\lpske-portal\api\login.php on line 9
[18-Jul-2025 08:29:57 Europe/Berlin] PHP Warning:  Trying to access array offset on value of type null in C:\xampp\htdocs\lpske-portal\api\login.php on line 9
[18-Jul-2025 08:30:28 Europe/Berlin] PHP Warning:  Undefined variable $row in C:\xampp\htdocs\lpske-portal\api\login.php on line 7
[18-Jul-2025 08:30:28 Europe/Berlin] PHP Warning:  Trying to access array offset on value of type null in C:\xampp\htdocs\lpske-portal\api\login.php on line 7
[18-Jul-2025 08:30:28 Europe/Berlin] PHP Warning:  Undefined variable $row in C:\xampp\htdocs\lpske-portal\api\login.php on line 8
[18-Jul-2025 08:30:28 Europe/Berlin] PHP Warning:  Trying to access array offset on value of type null in C:\xampp\htdocs\lpske-portal\api\login.php on line 8
[18-Jul-2025 08:30:28 Europe/Berlin] PHP Warning:  Undefined variable $row in C:\xampp\htdocs\lpske-portal\api\login.php on line 9
[18-Jul-2025 08:30:28 Europe/Berlin] PHP Warning:  Trying to access array offset on value of type null in C:\xampp\htdocs\lpske-portal\api\login.php on line 9
[18-Jul-2025 08:31:13 Europe/Berlin] PHP Warning:  Undefined variable $row in C:\xampp\htdocs\lpske-portal\api\login.php on line 7
[18-Jul-2025 08:31:13 Europe/Berlin] PHP Warning:  Trying to access array offset on value of type null in C:\xampp\htdocs\lpske-portal\api\login.php on line 7
[18-Jul-2025 08:31:13 Europe/Berlin] PHP Warning:  Undefined variable $row in C:\xampp\htdocs\lpske-portal\api\login.php on line 8
[18-Jul-2025 08:31:13 Europe/Berlin] PHP Warning:  Trying to access array offset on value of type null in C:\xampp\htdocs\lpske-portal\api\login.php on line 8
[18-Jul-2025 08:31:13 Europe/Berlin] PHP Warning:  Undefined variable $row in C:\xampp\htdocs\lpske-portal\api\login.php on line 9
[18-Jul-2025 08:31:13 Europe/Berlin] PHP Warning:  Trying to access array offset on value of type null in C:\xampp\htdocs\lpske-portal\api\login.php on line 9
[18-Jul-2025 08:33:58 Europe/Berlin] PHP Warning:  Undefined variable $row in C:\xampp\htdocs\lpske-portal\api\login.php on line 7
[18-Jul-2025 08:33:58 Europe/Berlin] PHP Warning:  Trying to access array offset on value of type null in C:\xampp\htdocs\lpske-portal\api\login.php on line 7
[18-Jul-2025 08:33:58 Europe/Berlin] PHP Warning:  Undefined variable $row in C:\xampp\htdocs\lpske-portal\api\login.php on line 8
[18-Jul-2025 08:33:58 Europe/Berlin] PHP Warning:  Trying to access array offset on value of type null in C:\xampp\htdocs\lpske-portal\api\login.php on line 8
[18-Jul-2025 08:33:58 Europe/Berlin] PHP Warning:  Undefined variable $row in C:\xampp\htdocs\lpske-portal\api\login.php on line 9
[18-Jul-2025 08:33:58 Europe/Berlin] PHP Warning:  Trying to access array offset on value of type null in C:\xampp\htdocs\lpske-portal\api\login.php on line 9
[18-Jul-2025 09:04:36 Europe/Berlin] PHP Warning:  Undefined variable $row in C:\xampp\htdocs\lpske-portal\api\login.php on line 7
[18-Jul-2025 09:04:36 Europe/Berlin] PHP Warning:  Trying to access array offset on value of type null in C:\xampp\htdocs\lpske-portal\api\login.php on line 7
[18-Jul-2025 09:04:36 Europe/Berlin] PHP Warning:  Undefined variable $row in C:\xampp\htdocs\lpske-portal\api\login.php on line 8
[18-Jul-2025 09:04:36 Europe/Berlin] PHP Warning:  Trying to access array offset on value of type null in C:\xampp\htdocs\lpske-portal\api\login.php on line 8
[18-Jul-2025 09:04:36 Europe/Berlin] PHP Warning:  Undefined variable $row in C:\xampp\htdocs\lpske-portal\api\login.php on line 9
[18-Jul-2025 09:04:36 Europe/Berlin] PHP Warning:  Trying to access array offset on value of type null in C:\xampp\htdocs\lpske-portal\api\login.php on line 9
[18-Jul-2025 09:11:12 Europe/Berlin] PHP Warning:  Undefined variable $row in C:\xampp\htdocs\lpske-portal\api\login.php on line 7
[18-Jul-2025 09:11:12 Europe/Berlin] PHP Warning:  Trying to access array offset on value of type null in C:\xampp\htdocs\lpske-portal\api\login.php on line 7
[18-Jul-2025 09:11:12 Europe/Berlin] PHP Warning:  Undefined variable $row in C:\xampp\htdocs\lpske-portal\api\login.php on line 8
[18-Jul-2025 09:11:12 Europe/Berlin] PHP Warning:  Trying to access array offset on value of type null in C:\xampp\htdocs\lpske-portal\api\login.php on line 8
[18-Jul-2025 09:11:12 Europe/Berlin] PHP Warning:  Undefined variable $row in C:\xampp\htdocs\lpske-portal\api\login.php on line 9
[18-Jul-2025 09:11:12 Europe/Berlin] PHP Warning:  Trying to access array offset on value of type null in C:\xampp\htdocs\lpske-portal\api\login.php on line 9
[18-Jul-2025 09:15:00 Europe/Berlin] PHP Warning:  Undefined variable $row in C:\xampp\htdocs\lpske-portal\api\login.php on line 7
[18-Jul-2025 09:15:00 Europe/Berlin] PHP Warning:  Trying to access array offset on value of type null in C:\xampp\htdocs\lpske-portal\api\login.php on line 7
[18-Jul-2025 09:15:00 Europe/Berlin] PHP Warning:  Undefined variable $row in C:\xampp\htdocs\lpske-portal\api\login.php on line 8
[18-Jul-2025 09:15:00 Europe/Berlin] PHP Warning:  Trying to access array offset on value of type null in C:\xampp\htdocs\lpske-portal\api\login.php on line 8
[18-Jul-2025 09:15:00 Europe/Berlin] PHP Warning:  Undefined variable $row in C:\xampp\htdocs\lpske-portal\api\login.php on line 9
[18-Jul-2025 09:15:00 Europe/Berlin] PHP Warning:  Trying to access array offset on value of type null in C:\xampp\htdocs\lpske-portal\api\login.php on line 9
[18-Jul-2025 09:16:55 Europe/Berlin] PHP Warning:  Undefined variable $row in C:\xampp\htdocs\lpske-portal\api\login.php on line 7
[18-Jul-2025 09:16:55 Europe/Berlin] PHP Warning:  Trying to access array offset on value of type null in C:\xampp\htdocs\lpske-portal\api\login.php on line 7
[18-Jul-2025 09:16:55 Europe/Berlin] PHP Warning:  Undefined variable $row in C:\xampp\htdocs\lpske-portal\api\login.php on line 8
[18-Jul-2025 09:16:55 Europe/Berlin] PHP Warning:  Trying to access array offset on value of type null in C:\xampp\htdocs\lpske-portal\api\login.php on line 8
[18-Jul-2025 09:16:55 Europe/Berlin] PHP Warning:  Undefined variable $row in C:\xampp\htdocs\lpske-portal\api\login.php on line 9
[18-Jul-2025 09:16:55 Europe/Berlin] PHP Warning:  Trying to access array offset on value of type null in C:\xampp\htdocs\lpske-portal\api\login.php on line 9
[18-Jul-2025 09:17:17 Europe/Berlin] PHP Warning:  Undefined variable $row in C:\xampp\htdocs\lpske-portal\api\login.php on line 7
[18-Jul-2025 09:17:17 Europe/Berlin] PHP Warning:  Trying to access array offset on value of type null in C:\xampp\htdocs\lpske-portal\api\login.php on line 7
[18-Jul-2025 09:17:17 Europe/Berlin] PHP Warning:  Undefined variable $row in C:\xampp\htdocs\lpske-portal\api\login.php on line 8
[18-Jul-2025 09:17:17 Europe/Berlin] PHP Warning:  Trying to access array offset on value of type null in C:\xampp\htdocs\lpske-portal\api\login.php on line 8
[18-Jul-2025 09:17:17 Europe/Berlin] PHP Warning:  Undefined variable $row in C:\xampp\htdocs\lpske-portal\api\login.php on line 9
[18-Jul-2025 09:17:17 Europe/Berlin] PHP Warning:  Trying to access array offset on value of type null in C:\xampp\htdocs\lpske-portal\api\login.php on line 9
[18-Jul-2025 09:29:35 Europe/Berlin] PHP Warning:  Undefined variable $row in C:\xampp\htdocs\lpske-portal\api\login.php on line 7
[18-Jul-2025 09:29:35 Europe/Berlin] PHP Warning:  Trying to access array offset on value of type null in C:\xampp\htdocs\lpske-portal\api\login.php on line 7
[18-Jul-2025 09:29:35 Europe/Berlin] PHP Warning:  Undefined variable $row in C:\xampp\htdocs\lpske-portal\api\login.php on line 8
[18-Jul-2025 09:29:35 Europe/Berlin] PHP Warning:  Trying to access array offset on value of type null in C:\xampp\htdocs\lpske-portal\api\login.php on line 8
[18-Jul-2025 09:29:35 Europe/Berlin] PHP Warning:  Undefined variable $row in C:\xampp\htdocs\lpske-portal\api\login.php on line 9
[18-Jul-2025 09:29:35 Europe/Berlin] PHP Warning:  Trying to access array offset on value of type null in C:\xampp\htdocs\lpske-portal\api\login.php on line 9
[18-Jul-2025 09:30:09 Europe/Berlin] PHP Warning:  Undefined variable $row in C:\xampp\htdocs\lpske-portal\api\login.php on line 7
[18-Jul-2025 09:30:09 Europe/Berlin] PHP Warning:  Trying to access array offset on value of type null in C:\xampp\htdocs\lpske-portal\api\login.php on line 7
[18-Jul-2025 09:30:09 Europe/Berlin] PHP Warning:  Undefined variable $row in C:\xampp\htdocs\lpske-portal\api\login.php on line 8
[18-Jul-2025 09:30:09 Europe/Berlin] PHP Warning:  Trying to access array offset on value of type null in C:\xampp\htdocs\lpske-portal\api\login.php on line 8
[18-Jul-2025 09:30:09 Europe/Berlin] PHP Warning:  Undefined variable $row in C:\xampp\htdocs\lpske-portal\api\login.php on line 9
[18-Jul-2025 09:30:09 Europe/Berlin] PHP Warning:  Trying to access array offset on value of type null in C:\xampp\htdocs\lpske-portal\api\login.php on line 9
[18-Jul-2025 09:31:15 Europe/Berlin] PHP Warning:  Undefined variable $row in C:\xampp\htdocs\lpske-portal\api\login.php on line 7
[18-Jul-2025 09:31:15 Europe/Berlin] PHP Warning:  Trying to access array offset on value of type null in C:\xampp\htdocs\lpske-portal\api\login.php on line 7
[18-Jul-2025 09:31:15 Europe/Berlin] PHP Warning:  Undefined variable $row in C:\xampp\htdocs\lpske-portal\api\login.php on line 8
[18-Jul-2025 09:31:15 Europe/Berlin] PHP Warning:  Trying to access array offset on value of type null in C:\xampp\htdocs\lpske-portal\api\login.php on line 8
[18-Jul-2025 09:31:15 Europe/Berlin] PHP Warning:  Undefined variable $row in C:\xampp\htdocs\lpske-portal\api\login.php on line 9
[18-Jul-2025 09:31:15 Europe/Berlin] PHP Warning:  Trying to access array offset on value of type null in C:\xampp\htdocs\lpske-portal\api\login.php on line 9
[18-Jul-2025 09:32:12 Europe/Berlin] PHP Warning:  Undefined variable $row in C:\xampp\htdocs\lpske-portal\api\login.php on line 7
[18-Jul-2025 09:32:12 Europe/Berlin] PHP Warning:  Trying to access array offset on value of type null in C:\xampp\htdocs\lpske-portal\api\login.php on line 7
[18-Jul-2025 09:32:12 Europe/Berlin] PHP Warning:  Undefined variable $row in C:\xampp\htdocs\lpske-portal\api\login.php on line 8
[18-Jul-2025 09:32:12 Europe/Berlin] PHP Warning:  Trying to access array offset on value of type null in C:\xampp\htdocs\lpske-portal\api\login.php on line 8
[18-Jul-2025 09:32:12 Europe/Berlin] PHP Warning:  Undefined variable $row in C:\xampp\htdocs\lpske-portal\api\login.php on line 9
[18-Jul-2025 09:32:12 Europe/Berlin] PHP Warning:  Trying to access array offset on value of type null in C:\xampp\htdocs\lpske-portal\api\login.php on line 9
[18-Jul-2025 09:32:45 Europe/Berlin] PHP Warning:  Undefined variable $row in C:\xampp\htdocs\lpske-portal\api\login.php on line 7
[18-Jul-2025 09:32:45 Europe/Berlin] PHP Warning:  Trying to access array offset on value of type null in C:\xampp\htdocs\lpske-portal\api\login.php on line 7
[18-Jul-2025 09:32:45 Europe/Berlin] PHP Warning:  Undefined variable $row in C:\xampp\htdocs\lpske-portal\api\login.php on line 8
[18-Jul-2025 09:32:45 Europe/Berlin] PHP Warning:  Trying to access array offset on value of type null in C:\xampp\htdocs\lpske-portal\api\login.php on line 8
[18-Jul-2025 09:32:45 Europe/Berlin] PHP Warning:  Undefined variable $row in C:\xampp\htdocs\lpske-portal\api\login.php on line 9
[18-Jul-2025 09:32:45 Europe/Berlin] PHP Warning:  Trying to access array offset on value of type null in C:\xampp\htdocs\lpske-portal\api\login.php on line 9
[18-Jul-2025 09:33:36 Europe/Berlin] PHP Warning:  Undefined variable $row in C:\xampp\htdocs\lpske-portal\api\login.php on line 7
[18-Jul-2025 09:33:36 Europe/Berlin] PHP Warning:  Trying to access array offset on value of type null in C:\xampp\htdocs\lpske-portal\api\login.php on line 7
[18-Jul-2025 09:33:36 Europe/Berlin] PHP Warning:  Undefined variable $row in C:\xampp\htdocs\lpske-portal\api\login.php on line 8
[18-Jul-2025 09:33:36 Europe/Berlin] PHP Warning:  Trying to access array offset on value of type null in C:\xampp\htdocs\lpske-portal\api\login.php on line 8
[18-Jul-2025 09:33:36 Europe/Berlin] PHP Warning:  Undefined variable $row in C:\xampp\htdocs\lpske-portal\api\login.php on line 9
[18-Jul-2025 09:33:36 Europe/Berlin] PHP Warning:  Trying to access array offset on value of type null in C:\xampp\htdocs\lpske-portal\api\login.php on line 9
[18-Jul-2025 09:34:15 Europe/Berlin] PHP Warning:  Undefined variable $row in C:\xampp\htdocs\lpske-portal\api\login.php on line 7
[18-Jul-2025 09:34:15 Europe/Berlin] PHP Warning:  Trying to access array offset on value of type null in C:\xampp\htdocs\lpske-portal\api\login.php on line 7
[18-Jul-2025 09:34:15 Europe/Berlin] PHP Warning:  Undefined variable $row in C:\xampp\htdocs\lpske-portal\api\login.php on line 8
[18-Jul-2025 09:34:15 Europe/Berlin] PHP Warning:  Trying to access array offset on value of type null in C:\xampp\htdocs\lpske-portal\api\login.php on line 8
[18-Jul-2025 09:34:15 Europe/Berlin] PHP Warning:  Undefined variable $row in C:\xampp\htdocs\lpske-portal\api\login.php on line 9
[18-Jul-2025 09:34:15 Europe/Berlin] PHP Warning:  Trying to access array offset on value of type null in C:\xampp\htdocs\lpske-portal\api\login.php on line 9
[18-Jul-2025 09:49:03 Europe/Berlin] PHP Warning:  Undefined variable $row in C:\xampp\htdocs\lpske-portal\api\login.php on line 7
[18-Jul-2025 09:49:03 Europe/Berlin] PHP Warning:  Trying to access array offset on value of type null in C:\xampp\htdocs\lpske-portal\api\login.php on line 7
[18-Jul-2025 09:49:03 Europe/Berlin] PHP Warning:  Undefined variable $row in C:\xampp\htdocs\lpske-portal\api\login.php on line 8
[18-Jul-2025 09:49:03 Europe/Berlin] PHP Warning:  Trying to access array offset on value of type null in C:\xampp\htdocs\lpske-portal\api\login.php on line 8
[18-Jul-2025 09:49:03 Europe/Berlin] PHP Warning:  Undefined variable $row in C:\xampp\htdocs\lpske-portal\api\login.php on line 9
[18-Jul-2025 09:49:03 Europe/Berlin] PHP Warning:  Trying to access array offset on value of type null in C:\xampp\htdocs\lpske-portal\api\login.php on line 9
[18-Jul-2025 09:53:38 Europe/Berlin] PHP Warning:  Undefined variable $row in C:\xampp\htdocs\lpske-portal\api\login.php on line 7
[18-Jul-2025 09:53:38 Europe/Berlin] PHP Warning:  Trying to access array offset on value of type null in C:\xampp\htdocs\lpske-portal\api\login.php on line 7
[18-Jul-2025 09:53:38 Europe/Berlin] PHP Warning:  Undefined variable $row in C:\xampp\htdocs\lpske-portal\api\login.php on line 8
[18-Jul-2025 09:53:38 Europe/Berlin] PHP Warning:  Trying to access array offset on value of type null in C:\xampp\htdocs\lpske-portal\api\login.php on line 8
[18-Jul-2025 09:53:38 Europe/Berlin] PHP Warning:  Undefined variable $row in C:\xampp\htdocs\lpske-portal\api\login.php on line 9
[18-Jul-2025 09:53:38 Europe/Berlin] PHP Warning:  Trying to access array offset on value of type null in C:\xampp\htdocs\lpske-portal\api\login.php on line 9
[18-Jul-2025 09:54:19 Europe/Berlin] PHP Warning:  Undefined variable $row in C:\xampp\htdocs\lpske-portal\api\login.php on line 7
[18-Jul-2025 09:54:19 Europe/Berlin] PHP Warning:  Trying to access array offset on value of type null in C:\xampp\htdocs\lpske-portal\api\login.php on line 7
[18-Jul-2025 09:54:19 Europe/Berlin] PHP Warning:  Undefined variable $row in C:\xampp\htdocs\lpske-portal\api\login.php on line 8
[18-Jul-2025 09:54:19 Europe/Berlin] PHP Warning:  Trying to access array offset on value of type null in C:\xampp\htdocs\lpske-portal\api\login.php on line 8
[18-Jul-2025 09:54:19 Europe/Berlin] PHP Warning:  Undefined variable $row in C:\xampp\htdocs\lpske-portal\api\login.php on line 9
[18-Jul-2025 09:54:19 Europe/Berlin] PHP Warning:  Trying to access array offset on value of type null in C:\xampp\htdocs\lpske-portal\api\login.php on line 9
[18-Jul-2025 09:54:49 Europe/Berlin] PHP Warning:  Undefined variable $row in C:\xampp\htdocs\lpske-portal\api\login.php on line 7
[18-Jul-2025 09:54:49 Europe/Berlin] PHP Warning:  Trying to access array offset on value of type null in C:\xampp\htdocs\lpske-portal\api\login.php on line 7
[18-Jul-2025 09:54:49 Europe/Berlin] PHP Warning:  Undefined variable $row in C:\xampp\htdocs\lpske-portal\api\login.php on line 8
[18-Jul-2025 09:54:49 Europe/Berlin] PHP Warning:  Trying to access array offset on value of type null in C:\xampp\htdocs\lpske-portal\api\login.php on line 8
[18-Jul-2025 09:54:49 Europe/Berlin] PHP Warning:  Undefined variable $row in C:\xampp\htdocs\lpske-portal\api\login.php on line 9
[18-Jul-2025 09:54:49 Europe/Berlin] PHP Warning:  Trying to access array offset on value of type null in C:\xampp\htdocs\lpske-portal\api\login.php on line 9
[18-Jul-2025 09:56:12 Europe/Berlin] PHP Warning:  Undefined variable $row in C:\xampp\htdocs\lpske-portal\api\login.php on line 7
[18-Jul-2025 09:56:12 Europe/Berlin] PHP Warning:  Trying to access array offset on value of type null in C:\xampp\htdocs\lpske-portal\api\login.php on line 7
[18-Jul-2025 09:56:12 Europe/Berlin] PHP Warning:  Undefined variable $row in C:\xampp\htdocs\lpske-portal\api\login.php on line 8
[18-Jul-2025 09:56:12 Europe/Berlin] PHP Warning:  Trying to access array offset on value of type null in C:\xampp\htdocs\lpske-portal\api\login.php on line 8
[18-Jul-2025 09:56:12 Europe/Berlin] PHP Warning:  Undefined variable $row in C:\xampp\htdocs\lpske-portal\api\login.php on line 9
[18-Jul-2025 09:56:12 Europe/Berlin] PHP Warning:  Trying to access array offset on value of type null in C:\xampp\htdocs\lpske-portal\api\login.php on line 9
[18-Jul-2025 09:58:27 Europe/Berlin] PHP Warning:  Undefined variable $row in C:\xampp\htdocs\lpske-portal\api\login.php on line 7
[18-Jul-2025 09:58:27 Europe/Berlin] PHP Warning:  Trying to access array offset on value of type null in C:\xampp\htdocs\lpske-portal\api\login.php on line 7
[18-Jul-2025 09:58:27 Europe/Berlin] PHP Warning:  Undefined variable $row in C:\xampp\htdocs\lpske-portal\api\login.php on line 8
[18-Jul-2025 09:58:27 Europe/Berlin] PHP Warning:  Trying to access array offset on value of type null in C:\xampp\htdocs\lpske-portal\api\login.php on line 8
[18-Jul-2025 09:58:27 Europe/Berlin] PHP Warning:  Undefined variable $row in C:\xampp\htdocs\lpske-portal\api\login.php on line 9
[18-Jul-2025 09:58:27 Europe/Berlin] PHP Warning:  Trying to access array offset on value of type null in C:\xampp\htdocs\lpske-portal\api\login.php on line 9
[18-Jul-2025 10:00:36 Europe/Berlin] PHP Warning:  Undefined variable $row in C:\xampp\htdocs\lpske-portal\api\login.php on line 7
[18-Jul-2025 10:00:36 Europe/Berlin] PHP Warning:  Trying to access array offset on value of type null in C:\xampp\htdocs\lpske-portal\api\login.php on line 7
[18-Jul-2025 10:00:36 Europe/Berlin] PHP Warning:  Undefined variable $row in C:\xampp\htdocs\lpske-portal\api\login.php on line 8
[18-Jul-2025 10:00:36 Europe/Berlin] PHP Warning:  Trying to access array offset on value of type null in C:\xampp\htdocs\lpske-portal\api\login.php on line 8
[18-Jul-2025 10:00:36 Europe/Berlin] PHP Warning:  Undefined variable $row in C:\xampp\htdocs\lpske-portal\api\login.php on line 9
[18-Jul-2025 10:00:36 Europe/Berlin] PHP Warning:  Trying to access array offset on value of type null in C:\xampp\htdocs\lpske-portal\api\login.php on line 9
[18-Jul-2025 10:01:40 Europe/Berlin] PHP Warning:  Undefined variable $row in C:\xampp\htdocs\lpske-portal\api\login.php on line 7
[18-Jul-2025 10:01:40 Europe/Berlin] PHP Warning:  Trying to access array offset on value of type null in C:\xampp\htdocs\lpske-portal\api\login.php on line 7
[18-Jul-2025 10:01:40 Europe/Berlin] PHP Warning:  Undefined variable $row in C:\xampp\htdocs\lpske-portal\api\login.php on line 8
[18-Jul-2025 10:01:40 Europe/Berlin] PHP Warning:  Trying to access array offset on value of type null in C:\xampp\htdocs\lpske-portal\api\login.php on line 8
[18-Jul-2025 10:01:40 Europe/Berlin] PHP Warning:  Undefined variable $row in C:\xampp\htdocs\lpske-portal\api\login.php on line 9
[18-Jul-2025 10:01:40 Europe/Berlin] PHP Warning:  Trying to access array offset on value of type null in C:\xampp\htdocs\lpske-portal\api\login.php on line 9
[18-Jul-2025 10:02:49 Europe/Berlin] PHP Warning:  Undefined variable $row in C:\xampp\htdocs\lpske-portal\api\login.php on line 7
[18-Jul-2025 10:02:49 Europe/Berlin] PHP Warning:  Trying to access array offset on value of type null in C:\xampp\htdocs\lpske-portal\api\login.php on line 7
[18-Jul-2025 10:02:49 Europe/Berlin] PHP Warning:  Undefined variable $row in C:\xampp\htdocs\lpske-portal\api\login.php on line 8
[18-Jul-2025 10:02:49 Europe/Berlin] PHP Warning:  Trying to access array offset on value of type null in C:\xampp\htdocs\lpske-portal\api\login.php on line 8
[18-Jul-2025 10:02:49 Europe/Berlin] PHP Warning:  Undefined variable $row in C:\xampp\htdocs\lpske-portal\api\login.php on line 9
[18-Jul-2025 10:02:49 Europe/Berlin] PHP Warning:  Trying to access array offset on value of type null in C:\xampp\htdocs\lpske-portal\api\login.php on line 9
[18-Jul-2025 10:03:12 Europe/Berlin] PHP Warning:  Undefined variable $row in C:\xampp\htdocs\lpske-portal\api\login.php on line 7
[18-Jul-2025 10:03:12 Europe/Berlin] PHP Warning:  Trying to access array offset on value of type null in C:\xampp\htdocs\lpske-portal\api\login.php on line 7
[18-Jul-2025 10:03:12 Europe/Berlin] PHP Warning:  Undefined variable $row in C:\xampp\htdocs\lpske-portal\api\login.php on line 8
[18-Jul-2025 10:03:12 Europe/Berlin] PHP Warning:  Trying to access array offset on value of type null in C:\xampp\htdocs\lpske-portal\api\login.php on line 8
[18-Jul-2025 10:03:12 Europe/Berlin] PHP Warning:  Undefined variable $row in C:\xampp\htdocs\lpske-portal\api\login.php on line 9
[18-Jul-2025 10:03:12 Europe/Berlin] PHP Warning:  Trying to access array offset on value of type null in C:\xampp\htdocs\lpske-portal\api\login.php on line 9
[18-Jul-2025 10:04:22 Europe/Berlin] PHP Warning:  Undefined variable $row in C:\xampp\htdocs\lpske-portal\api\login.php on line 7
[18-Jul-2025 10:04:22 Europe/Berlin] PHP Warning:  Trying to access array offset on value of type null in C:\xampp\htdocs\lpske-portal\api\login.php on line 7
[18-Jul-2025 10:04:22 Europe/Berlin] PHP Warning:  Undefined variable $row in C:\xampp\htdocs\lpske-portal\api\login.php on line 8
[18-Jul-2025 10:04:22 Europe/Berlin] PHP Warning:  Trying to access array offset on value of type null in C:\xampp\htdocs\lpske-portal\api\login.php on line 8
[18-Jul-2025 10:04:22 Europe/Berlin] PHP Warning:  Undefined variable $row in C:\xampp\htdocs\lpske-portal\api\login.php on line 9
[18-Jul-2025 10:04:22 Europe/Berlin] PHP Warning:  Trying to access array offset on value of type null in C:\xampp\htdocs\lpske-portal\api\login.php on line 9
[18-Jul-2025 14:08:39 Europe/Berlin] PHP Warning:  Undefined variable $row in C:\xampp\htdocs\lpske-portal\api\login.php on line 7
[18-Jul-2025 14:08:39 Europe/Berlin] PHP Warning:  Trying to access array offset on value of type null in C:\xampp\htdocs\lpske-portal\api\login.php on line 7
[18-Jul-2025 14:08:39 Europe/Berlin] PHP Warning:  Undefined variable $row in C:\xampp\htdocs\lpske-portal\api\login.php on line 8
[18-Jul-2025 14:08:39 Europe/Berlin] PHP Warning:  Trying to access array offset on value of type null in C:\xampp\htdocs\lpske-portal\api\login.php on line 8
[18-Jul-2025 14:08:39 Europe/Berlin] PHP Warning:  Undefined variable $row in C:\xampp\htdocs\lpske-portal\api\login.php on line 9
[18-Jul-2025 14:08:39 Europe/Berlin] PHP Warning:  Trying to access array offset on value of type null in C:\xampp\htdocs\lpske-portal\api\login.php on line 9
[18-Jul-2025 14:08:50 Europe/Berlin] PHP Warning:  Undefined variable $row in C:\xampp\htdocs\lpske-portal\api\login.php on line 7
[18-Jul-2025 14:08:50 Europe/Berlin] PHP Warning:  Trying to access array offset on value of type null in C:\xampp\htdocs\lpske-portal\api\login.php on line 7
[18-Jul-2025 14:08:50 Europe/Berlin] PHP Warning:  Undefined variable $row in C:\xampp\htdocs\lpske-portal\api\login.php on line 8
[18-Jul-2025 14:08:50 Europe/Berlin] PHP Warning:  Trying to access array offset on value of type null in C:\xampp\htdocs\lpske-portal\api\login.php on line 8
[18-Jul-2025 14:08:50 Europe/Berlin] PHP Warning:  Undefined variable $row in C:\xampp\htdocs\lpske-portal\api\login.php on line 9
[18-Jul-2025 14:08:50 Europe/Berlin] PHP Warning:  Trying to access array offset on value of type null in C:\xampp\htdocs\lpske-portal\api\login.php on line 9
[18-Jul-2025 14:09:01 Europe/Berlin] PHP Warning:  Undefined variable $row in C:\xampp\htdocs\lpske-portal\api\login.php on line 7
[18-Jul-2025 14:09:01 Europe/Berlin] PHP Warning:  Trying to access array offset on value of type null in C:\xampp\htdocs\lpske-portal\api\login.php on line 7
[18-Jul-2025 14:09:01 Europe/Berlin] PHP Warning:  Undefined variable $row in C:\xampp\htdocs\lpske-portal\api\login.php on line 8
[18-Jul-2025 14:09:01 Europe/Berlin] PHP Warning:  Trying to access array offset on value of type null in C:\xampp\htdocs\lpske-portal\api\login.php on line 8
[18-Jul-2025 14:09:01 Europe/Berlin] PHP Warning:  Undefined variable $row in C:\xampp\htdocs\lpske-portal\api\login.php on line 9
[18-Jul-2025 14:09:01 Europe/Berlin] PHP Warning:  Trying to access array offset on value of type null in C:\xampp\htdocs\lpske-portal\api\login.php on line 9
[21-Jul-2025 04:06:57 Europe/Berlin] PHP Warning:  Undefined variable $row in C:\xampp\htdocs\lpske-portal\api\login.php on line 7
[21-Jul-2025 04:06:57 Europe/Berlin] PHP Warning:  Trying to access array offset on value of type null in C:\xampp\htdocs\lpske-portal\api\login.php on line 7
[21-Jul-2025 04:06:57 Europe/Berlin] PHP Warning:  Undefined variable $row in C:\xampp\htdocs\lpske-portal\api\login.php on line 8
[21-Jul-2025 04:06:57 Europe/Berlin] PHP Warning:  Trying to access array offset on value of type null in C:\xampp\htdocs\lpske-portal\api\login.php on line 8
[21-Jul-2025 04:06:57 Europe/Berlin] PHP Warning:  Undefined variable $row in C:\xampp\htdocs\lpske-portal\api\login.php on line 9
[21-Jul-2025 04:06:57 Europe/Berlin] PHP Warning:  Trying to access array offset on value of type null in C:\xampp\htdocs\lpske-portal\api\login.php on line 9
[21-Jul-2025 04:10:38 Europe/Berlin] PHP Warning:  Undefined variable $row in C:\xampp\htdocs\lpske-portal\api\login.php on line 7
[21-Jul-2025 04:10:38 Europe/Berlin] PHP Warning:  Trying to access array offset on value of type null in C:\xampp\htdocs\lpske-portal\api\login.php on line 7
[21-Jul-2025 04:10:38 Europe/Berlin] PHP Warning:  Undefined variable $row in C:\xampp\htdocs\lpske-portal\api\login.php on line 8
[21-Jul-2025 04:10:38 Europe/Berlin] PHP Warning:  Trying to access array offset on value of type null in C:\xampp\htdocs\lpske-portal\api\login.php on line 8
[21-Jul-2025 04:10:38 Europe/Berlin] PHP Warning:  Undefined variable $row in C:\xampp\htdocs\lpske-portal\api\login.php on line 9
[21-Jul-2025 04:10:38 Europe/Berlin] PHP Warning:  Trying to access array offset on value of type null in C:\xampp\htdocs\lpske-portal\api\login.php on line 9
[21-Jul-2025 04:12:04 Europe/Berlin] PHP Warning:  Undefined variable $row in C:\xampp\htdocs\lpske-portal\api\login.php on line 7
[21-Jul-2025 04:12:04 Europe/Berlin] PHP Warning:  Trying to access array offset on value of type null in C:\xampp\htdocs\lpske-portal\api\login.php on line 7
[21-Jul-2025 04:12:04 Europe/Berlin] PHP Warning:  Undefined variable $row in C:\xampp\htdocs\lpske-portal\api\login.php on line 8
[21-Jul-2025 04:12:04 Europe/Berlin] PHP Warning:  Trying to access array offset on value of type null in C:\xampp\htdocs\lpske-portal\api\login.php on line 8
[21-Jul-2025 04:12:04 Europe/Berlin] PHP Warning:  Undefined variable $row in C:\xampp\htdocs\lpske-portal\api\login.php on line 9
[21-Jul-2025 04:12:04 Europe/Berlin] PHP Warning:  Trying to access array offset on value of type null in C:\xampp\htdocs\lpske-portal\api\login.php on line 9
[21-Jul-2025 04:15:55 Europe/Berlin] PHP Warning:  Undefined variable $row in C:\xampp\htdocs\lpske-portal\api\login.php on line 7
[21-Jul-2025 04:15:55 Europe/Berlin] PHP Warning:  Trying to access array offset on value of type null in C:\xampp\htdocs\lpske-portal\api\login.php on line 7
[21-Jul-2025 04:15:55 Europe/Berlin] PHP Warning:  Undefined variable $row in C:\xampp\htdocs\lpske-portal\api\login.php on line 8
[21-Jul-2025 04:15:55 Europe/Berlin] PHP Warning:  Trying to access array offset on value of type null in C:\xampp\htdocs\lpske-portal\api\login.php on line 8
[21-Jul-2025 04:15:55 Europe/Berlin] PHP Warning:  Undefined variable $row in C:\xampp\htdocs\lpske-portal\api\login.php on line 9
[21-Jul-2025 04:15:55 Europe/Berlin] PHP Warning:  Trying to access array offset on value of type null in C:\xampp\htdocs\lpske-portal\api\login.php on line 9
[21-Jul-2025 04:16:12 Europe/Berlin] PHP Warning:  Undefined variable $row in C:\xampp\htdocs\lpske-portal\api\login.php on line 7
[21-Jul-2025 04:16:12 Europe/Berlin] PHP Warning:  Trying to access array offset on value of type null in C:\xampp\htdocs\lpske-portal\api\login.php on line 7
[21-Jul-2025 04:16:12 Europe/Berlin] PHP Warning:  Undefined variable $row in C:\xampp\htdocs\lpske-portal\api\login.php on line 8
[21-Jul-2025 04:16:12 Europe/Berlin] PHP Warning:  Trying to access array offset on value of type null in C:\xampp\htdocs\lpske-portal\api\login.php on line 8
[21-Jul-2025 04:16:12 Europe/Berlin] PHP Warning:  Undefined variable $row in C:\xampp\htdocs\lpske-portal\api\login.php on line 9
[21-Jul-2025 04:16:12 Europe/Berlin] PHP Warning:  Trying to access array offset on value of type null in C:\xampp\htdocs\lpske-portal\api\login.php on line 9
[21-Jul-2025 04:42:29 Europe/Berlin] PHP Warning:  Undefined variable $row in C:\xampp\htdocs\lpske-portal\api\login.php on line 7
[21-Jul-2025 04:42:29 Europe/Berlin] PHP Warning:  Trying to access array offset on value of type null in C:\xampp\htdocs\lpske-portal\api\login.php on line 7
[21-Jul-2025 04:42:29 Europe/Berlin] PHP Warning:  Undefined variable $row in C:\xampp\htdocs\lpske-portal\api\login.php on line 8
[21-Jul-2025 04:42:29 Europe/Berlin] PHP Warning:  Trying to access array offset on value of type null in C:\xampp\htdocs\lpske-portal\api\login.php on line 8
[21-Jul-2025 04:42:29 Europe/Berlin] PHP Warning:  Undefined variable $row in C:\xampp\htdocs\lpske-portal\api\login.php on line 9
[21-Jul-2025 04:42:29 Europe/Berlin] PHP Warning:  Trying to access array offset on value of type null in C:\xampp\htdocs\lpske-portal\api\login.php on line 9
[21-Jul-2025 04:43:10 Europe/Berlin] PHP Warning:  Undefined variable $row in C:\xampp\htdocs\lpske-portal\api\login.php on line 7
[21-Jul-2025 04:43:10 Europe/Berlin] PHP Warning:  Trying to access array offset on value of type null in C:\xampp\htdocs\lpske-portal\api\login.php on line 7
[21-Jul-2025 04:43:10 Europe/Berlin] PHP Warning:  Undefined variable $row in C:\xampp\htdocs\lpske-portal\api\login.php on line 8
[21-Jul-2025 04:43:10 Europe/Berlin] PHP Warning:  Trying to access array offset on value of type null in C:\xampp\htdocs\lpske-portal\api\login.php on line 8
[21-Jul-2025 04:43:10 Europe/Berlin] PHP Warning:  Undefined variable $row in C:\xampp\htdocs\lpske-portal\api\login.php on line 9
[21-Jul-2025 04:43:10 Europe/Berlin] PHP Warning:  Trying to access array offset on value of type null in C:\xampp\htdocs\lpske-portal\api\login.php on line 9
[21-Jul-2025 04:53:56 Europe/Berlin] PHP Warning:  Undefined variable $row in C:\xampp\htdocs\lpske-portal\api\login.php on line 7
[21-Jul-2025 04:53:56 Europe/Berlin] PHP Warning:  Trying to access array offset on value of type null in C:\xampp\htdocs\lpske-portal\api\login.php on line 7
[21-Jul-2025 04:53:56 Europe/Berlin] PHP Warning:  Undefined variable $row in C:\xampp\htdocs\lpske-portal\api\login.php on line 8
[21-Jul-2025 04:53:56 Europe/Berlin] PHP Warning:  Trying to access array offset on value of type null in C:\xampp\htdocs\lpske-portal\api\login.php on line 8
[21-Jul-2025 04:53:56 Europe/Berlin] PHP Warning:  Undefined variable $row in C:\xampp\htdocs\lpske-portal\api\login.php on line 9
[21-Jul-2025 04:53:56 Europe/Berlin] PHP Warning:  Trying to access array offset on value of type null in C:\xampp\htdocs\lpske-portal\api\login.php on line 9
[21-Jul-2025 04:54:03 Europe/Berlin] PHP Warning:  Undefined variable $row in C:\xampp\htdocs\lpske-portal\api\login.php on line 7
[21-Jul-2025 04:54:03 Europe/Berlin] PHP Warning:  Trying to access array offset on value of type null in C:\xampp\htdocs\lpske-portal\api\login.php on line 7
[21-Jul-2025 04:54:03 Europe/Berlin] PHP Warning:  Undefined variable $row in C:\xampp\htdocs\lpske-portal\api\login.php on line 8
[21-Jul-2025 04:54:03 Europe/Berlin] PHP Warning:  Trying to access array offset on value of type null in C:\xampp\htdocs\lpske-portal\api\login.php on line 8
[21-Jul-2025 04:54:03 Europe/Berlin] PHP Warning:  Undefined variable $row in C:\xampp\htdocs\lpske-portal\api\login.php on line 9
[21-Jul-2025 04:54:03 Europe/Berlin] PHP Warning:  Trying to access array offset on value of type null in C:\xampp\htdocs\lpske-portal\api\login.php on line 9
[21-Jul-2025 04:54:35 Europe/Berlin] PHP Warning:  Undefined variable $row in C:\xampp\htdocs\lpske-portal\api\login.php on line 7
[21-Jul-2025 04:54:35 Europe/Berlin] PHP Warning:  Trying to access array offset on value of type null in C:\xampp\htdocs\lpske-portal\api\login.php on line 7
[21-Jul-2025 04:54:35 Europe/Berlin] PHP Warning:  Undefined variable $row in C:\xampp\htdocs\lpske-portal\api\login.php on line 8
[21-Jul-2025 04:54:35 Europe/Berlin] PHP Warning:  Trying to access array offset on value of type null in C:\xampp\htdocs\lpske-portal\api\login.php on line 8
[21-Jul-2025 04:54:35 Europe/Berlin] PHP Warning:  Undefined variable $row in C:\xampp\htdocs\lpske-portal\api\login.php on line 9
[21-Jul-2025 04:54:35 Europe/Berlin] PHP Warning:  Trying to access array offset on value of type null in C:\xampp\htdocs\lpske-portal\api\login.php on line 9
[21-Jul-2025 04:55:11 Europe/Berlin] PHP Warning:  Undefined variable $row in C:\xampp\htdocs\lpske-portal\api\login.php on line 7
[21-Jul-2025 04:55:11 Europe/Berlin] PHP Warning:  Trying to access array offset on value of type null in C:\xampp\htdocs\lpske-portal\api\login.php on line 7
[21-Jul-2025 04:55:11 Europe/Berlin] PHP Warning:  Undefined variable $row in C:\xampp\htdocs\lpske-portal\api\login.php on line 8
[21-Jul-2025 04:55:11 Europe/Berlin] PHP Warning:  Trying to access array offset on value of type null in C:\xampp\htdocs\lpske-portal\api\login.php on line 8
[21-Jul-2025 04:55:11 Europe/Berlin] PHP Warning:  Undefined variable $row in C:\xampp\htdocs\lpske-portal\api\login.php on line 9
[21-Jul-2025 04:55:11 Europe/Berlin] PHP Warning:  Trying to access array offset on value of type null in C:\xampp\htdocs\lpske-portal\api\login.php on line 9
[21-Jul-2025 04:55:47 Europe/Berlin] PHP Warning:  Undefined variable $row in C:\xampp\htdocs\lpske-portal\api\login.php on line 7
[21-Jul-2025 04:55:47 Europe/Berlin] PHP Warning:  Trying to access array offset on value of type null in C:\xampp\htdocs\lpske-portal\api\login.php on line 7
[21-Jul-2025 04:55:47 Europe/Berlin] PHP Warning:  Undefined variable $row in C:\xampp\htdocs\lpske-portal\api\login.php on line 8
[21-Jul-2025 04:55:47 Europe/Berlin] PHP Warning:  Trying to access array offset on value of type null in C:\xampp\htdocs\lpske-portal\api\login.php on line 8
[21-Jul-2025 04:55:47 Europe/Berlin] PHP Warning:  Undefined variable $row in C:\xampp\htdocs\lpske-portal\api\login.php on line 9
[21-Jul-2025 04:55:47 Europe/Berlin] PHP Warning:  Trying to access array offset on value of type null in C:\xampp\htdocs\lpske-portal\api\login.php on line 9
[21-Jul-2025 04:56:52 Europe/Berlin] PHP Warning:  Undefined variable $row in C:\xampp\htdocs\lpske-portal\api\login.php on line 7
[21-Jul-2025 04:56:52 Europe/Berlin] PHP Warning:  Trying to access array offset on value of type null in C:\xampp\htdocs\lpske-portal\api\login.php on line 7
[21-Jul-2025 04:56:52 Europe/Berlin] PHP Warning:  Undefined variable $row in C:\xampp\htdocs\lpske-portal\api\login.php on line 8
[21-Jul-2025 04:56:52 Europe/Berlin] PHP Warning:  Trying to access array offset on value of type null in C:\xampp\htdocs\lpske-portal\api\login.php on line 8
[21-Jul-2025 04:56:52 Europe/Berlin] PHP Warning:  Undefined variable $row in C:\xampp\htdocs\lpske-portal\api\login.php on line 9
[21-Jul-2025 04:56:52 Europe/Berlin] PHP Warning:  Trying to access array offset on value of type null in C:\xampp\htdocs\lpske-portal\api\login.php on line 9
[21-Jul-2025 04:58:22 Europe/Berlin] PHP Warning:  Undefined variable $row in C:\xampp\htdocs\lpske-portal\api\login.php on line 7
[21-Jul-2025 04:58:22 Europe/Berlin] PHP Warning:  Trying to access array offset on value of type null in C:\xampp\htdocs\lpske-portal\api\login.php on line 7
[21-Jul-2025 04:58:22 Europe/Berlin] PHP Warning:  Undefined variable $row in C:\xampp\htdocs\lpske-portal\api\login.php on line 8
[21-Jul-2025 04:58:22 Europe/Berlin] PHP Warning:  Trying to access array offset on value of type null in C:\xampp\htdocs\lpske-portal\api\login.php on line 8
[21-Jul-2025 04:58:22 Europe/Berlin] PHP Warning:  Undefined variable $row in C:\xampp\htdocs\lpske-portal\api\login.php on line 9
[21-Jul-2025 04:58:22 Europe/Berlin] PHP Warning:  Trying to access array offset on value of type null in C:\xampp\htdocs\lpske-portal\api\login.php on line 9
[21-Jul-2025 04:58:46 Europe/Berlin] PHP Warning:  Undefined variable $row in C:\xampp\htdocs\lpske-portal\api\login.php on line 7
[21-Jul-2025 04:58:46 Europe/Berlin] PHP Warning:  Trying to access array offset on value of type null in C:\xampp\htdocs\lpske-portal\api\login.php on line 7
[21-Jul-2025 04:58:46 Europe/Berlin] PHP Warning:  Undefined variable $row in C:\xampp\htdocs\lpske-portal\api\login.php on line 8
[21-Jul-2025 04:58:46 Europe/Berlin] PHP Warning:  Trying to access array offset on value of type null in C:\xampp\htdocs\lpske-portal\api\login.php on line 8
[21-Jul-2025 04:58:46 Europe/Berlin] PHP Warning:  Undefined variable $row in C:\xampp\htdocs\lpske-portal\api\login.php on line 9
[21-Jul-2025 04:58:46 Europe/Berlin] PHP Warning:  Trying to access array offset on value of type null in C:\xampp\htdocs\lpske-portal\api\login.php on line 9
[21-Jul-2025 04:59:20 Europe/Berlin] PHP Warning:  Undefined variable $row in C:\xampp\htdocs\lpske-portal\api\login.php on line 7
[21-Jul-2025 04:59:20 Europe/Berlin] PHP Warning:  Trying to access array offset on value of type null in C:\xampp\htdocs\lpske-portal\api\login.php on line 7
[21-Jul-2025 04:59:20 Europe/Berlin] PHP Warning:  Undefined variable $row in C:\xampp\htdocs\lpske-portal\api\login.php on line 8
[21-Jul-2025 04:59:20 Europe/Berlin] PHP Warning:  Trying to access array offset on value of type null in C:\xampp\htdocs\lpske-portal\api\login.php on line 8
[21-Jul-2025 04:59:20 Europe/Berlin] PHP Warning:  Undefined variable $row in C:\xampp\htdocs\lpske-portal\api\login.php on line 9
[21-Jul-2025 04:59:20 Europe/Berlin] PHP Warning:  Trying to access array offset on value of type null in C:\xampp\htdocs\lpske-portal\api\login.php on line 9
[21-Jul-2025 05:08:46 Europe/Berlin] PHP Warning:  Undefined variable $row in C:\xampp\htdocs\lpske-portal\api\login.php on line 7
[21-Jul-2025 05:08:46 Europe/Berlin] PHP Warning:  Trying to access array offset on value of type null in C:\xampp\htdocs\lpske-portal\api\login.php on line 7
[21-Jul-2025 05:08:46 Europe/Berlin] PHP Warning:  Undefined variable $row in C:\xampp\htdocs\lpske-portal\api\login.php on line 8
[21-Jul-2025 05:08:46 Europe/Berlin] PHP Warning:  Trying to access array offset on value of type null in C:\xampp\htdocs\lpske-portal\api\login.php on line 8
[21-Jul-2025 05:08:46 Europe/Berlin] PHP Warning:  Undefined variable $row in C:\xampp\htdocs\lpske-portal\api\login.php on line 9
[21-Jul-2025 05:08:46 Europe/Berlin] PHP Warning:  Trying to access array offset on value of type null in C:\xampp\htdocs\lpske-portal\api\login.php on line 9
[21-Jul-2025 05:14:27 Europe/Berlin] PHP Warning:  Undefined variable $row in C:\xampp\htdocs\lpske-portal\api\login.php on line 7
[21-Jul-2025 05:14:27 Europe/Berlin] PHP Warning:  Trying to access array offset on value of type null in C:\xampp\htdocs\lpske-portal\api\login.php on line 7
[21-Jul-2025 05:14:27 Europe/Berlin] PHP Warning:  Undefined variable $row in C:\xampp\htdocs\lpske-portal\api\login.php on line 8
[21-Jul-2025 05:14:27 Europe/Berlin] PHP Warning:  Trying to access array offset on value of type null in C:\xampp\htdocs\lpske-portal\api\login.php on line 8
[21-Jul-2025 05:14:27 Europe/Berlin] PHP Warning:  Undefined variable $row in C:\xampp\htdocs\lpske-portal\api\login.php on line 9
[21-Jul-2025 05:14:27 Europe/Berlin] PHP Warning:  Trying to access array offset on value of type null in C:\xampp\htdocs\lpske-portal\api\login.php on line 9
[21-Jul-2025 06:59:59 Europe/Berlin] PHP Warning:  Undefined variable $row in C:\xampp\htdocs\lpske-portal\api\login.php on line 7
[21-Jul-2025 06:59:59 Europe/Berlin] PHP Warning:  Trying to access array offset on value of type null in C:\xampp\htdocs\lpske-portal\api\login.php on line 7
[21-Jul-2025 06:59:59 Europe/Berlin] PHP Warning:  Undefined variable $row in C:\xampp\htdocs\lpske-portal\api\login.php on line 8
[21-Jul-2025 06:59:59 Europe/Berlin] PHP Warning:  Trying to access array offset on value of type null in C:\xampp\htdocs\lpske-portal\api\login.php on line 8
[21-Jul-2025 06:59:59 Europe/Berlin] PHP Warning:  Undefined variable $row in C:\xampp\htdocs\lpske-portal\api\login.php on line 9
[21-Jul-2025 06:59:59 Europe/Berlin] PHP Warning:  Trying to access array offset on value of type null in C:\xampp\htdocs\lpske-portal\api\login.php on line 9
[21-Jul-2025 08:02:49 Europe/Berlin] PHP Warning:  Undefined variable $row in C:\xampp\htdocs\lpske-portal\api\login.php on line 7
[21-Jul-2025 08:02:50 Europe/Berlin] PHP Warning:  Trying to access array offset on value of type null in C:\xampp\htdocs\lpske-portal\api\login.php on line 7
[21-Jul-2025 08:02:50 Europe/Berlin] PHP Warning:  Undefined variable $row in C:\xampp\htdocs\lpske-portal\api\login.php on line 8
[21-Jul-2025 08:02:50 Europe/Berlin] PHP Warning:  Trying to access array offset on value of type null in C:\xampp\htdocs\lpske-portal\api\login.php on line 8
[21-Jul-2025 08:02:50 Europe/Berlin] PHP Warning:  Undefined variable $row in C:\xampp\htdocs\lpske-portal\api\login.php on line 9
[21-Jul-2025 08:02:50 Europe/Berlin] PHP Warning:  Trying to access array offset on value of type null in C:\xampp\htdocs\lpske-portal\api\login.php on line 9
[21-Jul-2025 08:24:05 Europe/Berlin] PHP Warning:  Undefined variable $row in C:\xampp\htdocs\lpske-portal\api\login.php on line 7
[21-Jul-2025 08:24:05 Europe/Berlin] PHP Warning:  Trying to access array offset on value of type null in C:\xampp\htdocs\lpske-portal\api\login.php on line 7
[21-Jul-2025 08:24:05 Europe/Berlin] PHP Warning:  Undefined variable $row in C:\xampp\htdocs\lpske-portal\api\login.php on line 8
[21-Jul-2025 08:24:05 Europe/Berlin] PHP Warning:  Trying to access array offset on value of type null in C:\xampp\htdocs\lpske-portal\api\login.php on line 8
[21-Jul-2025 08:24:05 Europe/Berlin] PHP Warning:  Undefined variable $row in C:\xampp\htdocs\lpske-portal\api\login.php on line 9
[21-Jul-2025 08:24:05 Europe/Berlin] PHP Warning:  Trying to access array offset on value of type null in C:\xampp\htdocs\lpske-portal\api\login.php on line 9
[21-Jul-2025 08:31:43 Europe/Berlin] PHP Warning:  Undefined variable $row in C:\xampp\htdocs\lpske-portal\api\login.php on line 7
[21-Jul-2025 08:31:43 Europe/Berlin] PHP Warning:  Trying to access array offset on value of type null in C:\xampp\htdocs\lpske-portal\api\login.php on line 7
[21-Jul-2025 08:31:43 Europe/Berlin] PHP Warning:  Undefined variable $row in C:\xampp\htdocs\lpske-portal\api\login.php on line 8
[21-Jul-2025 08:31:43 Europe/Berlin] PHP Warning:  Trying to access array offset on value of type null in C:\xampp\htdocs\lpske-portal\api\login.php on line 8
[21-Jul-2025 08:31:43 Europe/Berlin] PHP Warning:  Undefined variable $row in C:\xampp\htdocs\lpske-portal\api\login.php on line 9
[21-Jul-2025 08:31:43 Europe/Berlin] PHP Warning:  Trying to access array offset on value of type null in C:\xampp\htdocs\lpske-portal\api\login.php on line 9
[21-Jul-2025 08:32:07 Europe/Berlin] PHP Warning:  Undefined variable $row in C:\xampp\htdocs\lpske-portal\api\login.php on line 7
[21-Jul-2025 08:32:07 Europe/Berlin] PHP Warning:  Trying to access array offset on value of type null in C:\xampp\htdocs\lpske-portal\api\login.php on line 7
[21-Jul-2025 08:32:07 Europe/Berlin] PHP Warning:  Undefined variable $row in C:\xampp\htdocs\lpske-portal\api\login.php on line 8
[21-Jul-2025 08:32:07 Europe/Berlin] PHP Warning:  Trying to access array offset on value of type null in C:\xampp\htdocs\lpske-portal\api\login.php on line 8
[21-Jul-2025 08:32:07 Europe/Berlin] PHP Warning:  Undefined variable $row in C:\xampp\htdocs\lpske-portal\api\login.php on line 9
[21-Jul-2025 08:32:07 Europe/Berlin] PHP Warning:  Trying to access array offset on value of type null in C:\xampp\htdocs\lpske-portal\api\login.php on line 9
[21-Jul-2025 08:32:54 Europe/Berlin] PHP Warning:  Undefined variable $row in C:\xampp\htdocs\lpske-portal\api\login.php on line 7
[21-Jul-2025 08:32:54 Europe/Berlin] PHP Warning:  Trying to access array offset on value of type null in C:\xampp\htdocs\lpske-portal\api\login.php on line 7
[21-Jul-2025 08:32:54 Europe/Berlin] PHP Warning:  Undefined variable $row in C:\xampp\htdocs\lpske-portal\api\login.php on line 8
[21-Jul-2025 08:32:54 Europe/Berlin] PHP Warning:  Trying to access array offset on value of type null in C:\xampp\htdocs\lpske-portal\api\login.php on line 8
[21-Jul-2025 08:32:54 Europe/Berlin] PHP Warning:  Undefined variable $row in C:\xampp\htdocs\lpske-portal\api\login.php on line 9
[21-Jul-2025 08:32:54 Europe/Berlin] PHP Warning:  Trying to access array offset on value of type null in C:\xampp\htdocs\lpske-portal\api\login.php on line 9
[21-Jul-2025 09:32:28 Europe/Berlin] PHP Warning:  Undefined variable $row in C:\xampp\htdocs\lpske-portal\api\login.php on line 7
[21-Jul-2025 09:32:28 Europe/Berlin] PHP Warning:  Trying to access array offset on value of type null in C:\xampp\htdocs\lpske-portal\api\login.php on line 7
[21-Jul-2025 09:32:28 Europe/Berlin] PHP Warning:  Undefined variable $row in C:\xampp\htdocs\lpske-portal\api\login.php on line 8
[21-Jul-2025 09:32:28 Europe/Berlin] PHP Warning:  Trying to access array offset on value of type null in C:\xampp\htdocs\lpske-portal\api\login.php on line 8
[21-Jul-2025 09:32:28 Europe/Berlin] PHP Warning:  Undefined variable $row in C:\xampp\htdocs\lpske-portal\api\login.php on line 9
[21-Jul-2025 09:32:28 Europe/Berlin] PHP Warning:  Trying to access array offset on value of type null in C:\xampp\htdocs\lpske-portal\api\login.php on line 9
[22-Jul-2025 04:06:42 Europe/Berlin] PHP Warning:  Undefined variable $row in C:\xampp\htdocs\lpske-portal\api\login.php on line 7
[22-Jul-2025 04:06:42 Europe/Berlin] PHP Warning:  Trying to access array offset on value of type null in C:\xampp\htdocs\lpske-portal\api\login.php on line 7
[22-Jul-2025 04:06:42 Europe/Berlin] PHP Warning:  Undefined variable $row in C:\xampp\htdocs\lpske-portal\api\login.php on line 8
[22-Jul-2025 04:06:42 Europe/Berlin] PHP Warning:  Trying to access array offset on value of type null in C:\xampp\htdocs\lpske-portal\api\login.php on line 8
[22-Jul-2025 04:06:42 Europe/Berlin] PHP Warning:  Undefined variable $row in C:\xampp\htdocs\lpske-portal\api\login.php on line 9
[22-Jul-2025 04:06:42 Europe/Berlin] PHP Warning:  Trying to access array offset on value of type null in C:\xampp\htdocs\lpske-portal\api\login.php on line 9
[22-Jul-2025 04:07:28 Europe/Berlin] PHP Warning:  Undefined variable $row in C:\xampp\htdocs\lpske-portal\api\login.php on line 7
[22-Jul-2025 04:07:28 Europe/Berlin] PHP Warning:  Trying to access array offset on value of type null in C:\xampp\htdocs\lpske-portal\api\login.php on line 7
[22-Jul-2025 04:07:28 Europe/Berlin] PHP Warning:  Undefined variable $row in C:\xampp\htdocs\lpske-portal\api\login.php on line 8
[22-Jul-2025 04:07:28 Europe/Berlin] PHP Warning:  Trying to access array offset on value of type null in C:\xampp\htdocs\lpske-portal\api\login.php on line 8
[22-Jul-2025 04:07:28 Europe/Berlin] PHP Warning:  Undefined variable $row in C:\xampp\htdocs\lpske-portal\api\login.php on line 9
[22-Jul-2025 04:07:28 Europe/Berlin] PHP Warning:  Trying to access array offset on value of type null in C:\xampp\htdocs\lpske-portal\api\login.php on line 9
[22-Jul-2025 04:07:34 Europe/Berlin] PHP Warning:  Undefined variable $row in C:\xampp\htdocs\lpske-portal\api\login.php on line 7
[22-Jul-2025 04:07:34 Europe/Berlin] PHP Warning:  Trying to access array offset on value of type null in C:\xampp\htdocs\lpske-portal\api\login.php on line 7
[22-Jul-2025 04:07:34 Europe/Berlin] PHP Warning:  Undefined variable $row in C:\xampp\htdocs\lpske-portal\api\login.php on line 8
[22-Jul-2025 04:07:34 Europe/Berlin] PHP Warning:  Trying to access array offset on value of type null in C:\xampp\htdocs\lpske-portal\api\login.php on line 8
[22-Jul-2025 04:07:34 Europe/Berlin] PHP Warning:  Undefined variable $row in C:\xampp\htdocs\lpske-portal\api\login.php on line 9
[22-Jul-2025 04:07:34 Europe/Berlin] PHP Warning:  Trying to access array offset on value of type null in C:\xampp\htdocs\lpske-portal\api\login.php on line 9
[22-Jul-2025 04:07:57 Europe/Berlin] PHP Warning:  Undefined variable $row in C:\xampp\htdocs\lpske-portal\api\login.php on line 7
[22-Jul-2025 04:07:57 Europe/Berlin] PHP Warning:  Trying to access array offset on value of type null in C:\xampp\htdocs\lpske-portal\api\login.php on line 7
[22-Jul-2025 04:07:57 Europe/Berlin] PHP Warning:  Undefined variable $row in C:\xampp\htdocs\lpske-portal\api\login.php on line 8
[22-Jul-2025 04:07:57 Europe/Berlin] PHP Warning:  Trying to access array offset on value of type null in C:\xampp\htdocs\lpske-portal\api\login.php on line 8
[22-Jul-2025 04:07:57 Europe/Berlin] PHP Warning:  Undefined variable $row in C:\xampp\htdocs\lpske-portal\api\login.php on line 9
[22-Jul-2025 04:07:57 Europe/Berlin] PHP Warning:  Trying to access array offset on value of type null in C:\xampp\htdocs\lpske-portal\api\login.php on line 9
[22-Jul-2025 04:08:32 Europe/Berlin] PHP Warning:  Undefined variable $row in C:\xampp\htdocs\lpske-portal\api\login.php on line 7
[22-Jul-2025 04:08:32 Europe/Berlin] PHP Warning:  Trying to access array offset on value of type null in C:\xampp\htdocs\lpske-portal\api\login.php on line 7
[22-Jul-2025 04:08:32 Europe/Berlin] PHP Warning:  Undefined variable $row in C:\xampp\htdocs\lpske-portal\api\login.php on line 8
[22-Jul-2025 04:08:32 Europe/Berlin] PHP Warning:  Trying to access array offset on value of type null in C:\xampp\htdocs\lpske-portal\api\login.php on line 8
[22-Jul-2025 04:08:32 Europe/Berlin] PHP Warning:  Undefined variable $row in C:\xampp\htdocs\lpske-portal\api\login.php on line 9
[22-Jul-2025 04:08:32 Europe/Berlin] PHP Warning:  Trying to access array offset on value of type null in C:\xampp\htdocs\lpske-portal\api\login.php on line 9
[22-Jul-2025 04:36:13 Europe/Berlin] PHP Warning:  Undefined variable $row in C:\xampp\htdocs\lpske-portal\api\login.php on line 7
[22-Jul-2025 04:36:13 Europe/Berlin] PHP Warning:  Trying to access array offset on value of type null in C:\xampp\htdocs\lpske-portal\api\login.php on line 7
[22-Jul-2025 04:36:13 Europe/Berlin] PHP Warning:  Undefined variable $row in C:\xampp\htdocs\lpske-portal\api\login.php on line 8
[22-Jul-2025 04:36:13 Europe/Berlin] PHP Warning:  Trying to access array offset on value of type null in C:\xampp\htdocs\lpske-portal\api\login.php on line 8
[22-Jul-2025 04:36:13 Europe/Berlin] PHP Warning:  Undefined variable $row in C:\xampp\htdocs\lpske-portal\api\login.php on line 9
[22-Jul-2025 04:36:13 Europe/Berlin] PHP Warning:  Trying to access array offset on value of type null in C:\xampp\htdocs\lpske-portal\api\login.php on line 9
[22-Jul-2025 04:52:49 Europe/Berlin] PHP Warning:  Undefined variable $row in C:\xampp\htdocs\lpske-portal\api\login.php on line 7
[22-Jul-2025 04:52:49 Europe/Berlin] PHP Warning:  Trying to access array offset on value of type null in C:\xampp\htdocs\lpske-portal\api\login.php on line 7
[22-Jul-2025 04:52:49 Europe/Berlin] PHP Warning:  Undefined variable $row in C:\xampp\htdocs\lpske-portal\api\login.php on line 8
[22-Jul-2025 04:52:49 Europe/Berlin] PHP Warning:  Trying to access array offset on value of type null in C:\xampp\htdocs\lpske-portal\api\login.php on line 8
[22-Jul-2025 04:52:49 Europe/Berlin] PHP Warning:  Undefined variable $row in C:\xampp\htdocs\lpske-portal\api\login.php on line 9
[22-Jul-2025 04:52:49 Europe/Berlin] PHP Warning:  Trying to access array offset on value of type null in C:\xampp\htdocs\lpske-portal\api\login.php on line 9
[22-Jul-2025 04:54:09 Europe/Berlin] PHP Warning:  Undefined variable $row in C:\xampp\htdocs\lpske-portal\api\login.php on line 7
[22-Jul-2025 04:54:09 Europe/Berlin] PHP Warning:  Trying to access array offset on value of type null in C:\xampp\htdocs\lpske-portal\api\login.php on line 7
[22-Jul-2025 04:54:09 Europe/Berlin] PHP Warning:  Undefined variable $row in C:\xampp\htdocs\lpske-portal\api\login.php on line 8
[22-Jul-2025 04:54:09 Europe/Berlin] PHP Warning:  Trying to access array offset on value of type null in C:\xampp\htdocs\lpske-portal\api\login.php on line 8
[22-Jul-2025 04:54:09 Europe/Berlin] PHP Warning:  Undefined variable $row in C:\xampp\htdocs\lpske-portal\api\login.php on line 9
[22-Jul-2025 04:54:09 Europe/Berlin] PHP Warning:  Trying to access array offset on value of type null in C:\xampp\htdocs\lpske-portal\api\login.php on line 9
[22-Jul-2025 04:54:42 Europe/Berlin] PHP Warning:  Undefined variable $row in C:\xampp\htdocs\lpske-portal\api\login.php on line 7
[22-Jul-2025 04:54:42 Europe/Berlin] PHP Warning:  Trying to access array offset on value of type null in C:\xampp\htdocs\lpske-portal\api\login.php on line 7
[22-Jul-2025 04:54:42 Europe/Berlin] PHP Warning:  Undefined variable $row in C:\xampp\htdocs\lpske-portal\api\login.php on line 8
[22-Jul-2025 04:54:42 Europe/Berlin] PHP Warning:  Trying to access array offset on value of type null in C:\xampp\htdocs\lpske-portal\api\login.php on line 8
[22-Jul-2025 04:54:42 Europe/Berlin] PHP Warning:  Undefined variable $row in C:\xampp\htdocs\lpske-portal\api\login.php on line 9
[22-Jul-2025 04:54:42 Europe/Berlin] PHP Warning:  Trying to access array offset on value of type null in C:\xampp\htdocs\lpske-portal\api\login.php on line 9
[22-Jul-2025 04:55:28 Europe/Berlin] PHP Warning:  Undefined variable $row in C:\xampp\htdocs\lpske-portal\api\login.php on line 7
[22-Jul-2025 04:55:28 Europe/Berlin] PHP Warning:  Trying to access array offset on value of type null in C:\xampp\htdocs\lpske-portal\api\login.php on line 7
[22-Jul-2025 04:55:28 Europe/Berlin] PHP Warning:  Undefined variable $row in C:\xampp\htdocs\lpske-portal\api\login.php on line 8
[22-Jul-2025 04:55:28 Europe/Berlin] PHP Warning:  Trying to access array offset on value of type null in C:\xampp\htdocs\lpske-portal\api\login.php on line 8
[22-Jul-2025 04:55:28 Europe/Berlin] PHP Warning:  Undefined variable $row in C:\xampp\htdocs\lpske-portal\api\login.php on line 9
[22-Jul-2025 04:55:28 Europe/Berlin] PHP Warning:  Trying to access array offset on value of type null in C:\xampp\htdocs\lpske-portal\api\login.php on line 9
[22-Jul-2025 04:59:39 Europe/Berlin] PHP Warning:  Undefined variable $row in C:\xampp\htdocs\lpske-portal\api\login.php on line 7
[22-Jul-2025 04:59:39 Europe/Berlin] PHP Warning:  Trying to access array offset on value of type null in C:\xampp\htdocs\lpske-portal\api\login.php on line 7
[22-Jul-2025 04:59:39 Europe/Berlin] PHP Warning:  Undefined variable $row in C:\xampp\htdocs\lpske-portal\api\login.php on line 8
[22-Jul-2025 04:59:39 Europe/Berlin] PHP Warning:  Trying to access array offset on value of type null in C:\xampp\htdocs\lpske-portal\api\login.php on line 8
[22-Jul-2025 04:59:39 Europe/Berlin] PHP Warning:  Undefined variable $row in C:\xampp\htdocs\lpske-portal\api\login.php on line 9
[22-Jul-2025 04:59:39 Europe/Berlin] PHP Warning:  Trying to access array offset on value of type null in C:\xampp\htdocs\lpske-portal\api\login.php on line 9
[22-Jul-2025 05:00:44 Europe/Berlin] PHP Warning:  Undefined variable $row in C:\xampp\htdocs\lpske-portal\api\login.php on line 7
[22-Jul-2025 05:00:44 Europe/Berlin] PHP Warning:  Trying to access array offset on value of type null in C:\xampp\htdocs\lpske-portal\api\login.php on line 7
[22-Jul-2025 05:00:44 Europe/Berlin] PHP Warning:  Undefined variable $row in C:\xampp\htdocs\lpske-portal\api\login.php on line 8
[22-Jul-2025 05:00:44 Europe/Berlin] PHP Warning:  Trying to access array offset on value of type null in C:\xampp\htdocs\lpske-portal\api\login.php on line 8
[22-Jul-2025 05:00:44 Europe/Berlin] PHP Warning:  Undefined variable $row in C:\xampp\htdocs\lpske-portal\api\login.php on line 9
[22-Jul-2025 05:00:44 Europe/Berlin] PHP Warning:  Trying to access array offset on value of type null in C:\xampp\htdocs\lpske-portal\api\login.php on line 9
[22-Jul-2025 05:30:20 Europe/Berlin] PHP Warning:  Undefined variable $row in C:\xampp\htdocs\lpske-portal\api\login.php on line 7
[22-Jul-2025 05:30:20 Europe/Berlin] PHP Warning:  Trying to access array offset on value of type null in C:\xampp\htdocs\lpske-portal\api\login.php on line 7
[22-Jul-2025 05:30:20 Europe/Berlin] PHP Warning:  Undefined variable $row in C:\xampp\htdocs\lpske-portal\api\login.php on line 8
[22-Jul-2025 05:30:20 Europe/Berlin] PHP Warning:  Trying to access array offset on value of type null in C:\xampp\htdocs\lpske-portal\api\login.php on line 8
[22-Jul-2025 05:30:20 Europe/Berlin] PHP Warning:  Undefined variable $row in C:\xampp\htdocs\lpske-portal\api\login.php on line 9
[22-Jul-2025 05:30:20 Europe/Berlin] PHP Warning:  Trying to access array offset on value of type null in C:\xampp\htdocs\lpske-portal\api\login.php on line 9
[22-Jul-2025 05:31:42 Europe/Berlin] PHP Warning:  Undefined variable $row in C:\xampp\htdocs\lpske-portal\api\login.php on line 7
[22-Jul-2025 05:31:42 Europe/Berlin] PHP Warning:  Trying to access array offset on value of type null in C:\xampp\htdocs\lpske-portal\api\login.php on line 7
[22-Jul-2025 05:31:42 Europe/Berlin] PHP Warning:  Undefined variable $row in C:\xampp\htdocs\lpske-portal\api\login.php on line 8
[22-Jul-2025 05:31:42 Europe/Berlin] PHP Warning:  Trying to access array offset on value of type null in C:\xampp\htdocs\lpske-portal\api\login.php on line 8
[22-Jul-2025 05:31:42 Europe/Berlin] PHP Warning:  Undefined variable $row in C:\xampp\htdocs\lpske-portal\api\login.php on line 9
[22-Jul-2025 05:31:42 Europe/Berlin] PHP Warning:  Trying to access array offset on value of type null in C:\xampp\htdocs\lpske-portal\api\login.php on line 9
[22-Jul-2025 05:32:09 Europe/Berlin] PHP Warning:  Undefined variable $row in C:\xampp\htdocs\lpske-portal\api\login.php on line 7
[22-Jul-2025 05:32:09 Europe/Berlin] PHP Warning:  Trying to access array offset on value of type null in C:\xampp\htdocs\lpske-portal\api\login.php on line 7
[22-Jul-2025 05:32:09 Europe/Berlin] PHP Warning:  Undefined variable $row in C:\xampp\htdocs\lpske-portal\api\login.php on line 8
[22-Jul-2025 05:32:09 Europe/Berlin] PHP Warning:  Trying to access array offset on value of type null in C:\xampp\htdocs\lpske-portal\api\login.php on line 8
[22-Jul-2025 05:32:09 Europe/Berlin] PHP Warning:  Undefined variable $row in C:\xampp\htdocs\lpske-portal\api\login.php on line 9
[22-Jul-2025 05:32:09 Europe/Berlin] PHP Warning:  Trying to access array offset on value of type null in C:\xampp\htdocs\lpske-portal\api\login.php on line 9
[22-Jul-2025 06:15:40 Europe/Berlin] PHP Warning:  Undefined variable $row in C:\xampp\htdocs\lpske-portal\api\login.php on line 7
[22-Jul-2025 06:15:40 Europe/Berlin] PHP Warning:  Trying to access array offset on value of type null in C:\xampp\htdocs\lpske-portal\api\login.php on line 7
[22-Jul-2025 06:15:40 Europe/Berlin] PHP Warning:  Undefined variable $row in C:\xampp\htdocs\lpske-portal\api\login.php on line 8
[22-Jul-2025 06:15:40 Europe/Berlin] PHP Warning:  Trying to access array offset on value of type null in C:\xampp\htdocs\lpske-portal\api\login.php on line 8
[22-Jul-2025 06:15:40 Europe/Berlin] PHP Warning:  Undefined variable $row in C:\xampp\htdocs\lpske-portal\api\login.php on line 9
[22-Jul-2025 06:15:40 Europe/Berlin] PHP Warning:  Trying to access array offset on value of type null in C:\xampp\htdocs\lpske-portal\api\login.php on line 9
[22-Jul-2025 06:16:04 Europe/Berlin] PHP Warning:  Undefined variable $row in C:\xampp\htdocs\lpske-portal\api\login.php on line 7
[22-Jul-2025 06:16:04 Europe/Berlin] PHP Warning:  Trying to access array offset on value of type null in C:\xampp\htdocs\lpske-portal\api\login.php on line 7
[22-Jul-2025 06:16:04 Europe/Berlin] PHP Warning:  Undefined variable $row in C:\xampp\htdocs\lpske-portal\api\login.php on line 8
[22-Jul-2025 06:16:04 Europe/Berlin] PHP Warning:  Trying to access array offset on value of type null in C:\xampp\htdocs\lpske-portal\api\login.php on line 8
[22-Jul-2025 06:16:04 Europe/Berlin] PHP Warning:  Undefined variable $row in C:\xampp\htdocs\lpske-portal\api\login.php on line 9
[22-Jul-2025 06:16:04 Europe/Berlin] PHP Warning:  Trying to access array offset on value of type null in C:\xampp\htdocs\lpske-portal\api\login.php on line 9
[22-Jul-2025 06:37:35 Europe/Berlin] PHP Warning:  Undefined variable $row in C:\xampp\htdocs\lpske-portal\api\login.php on line 7
[22-Jul-2025 06:37:35 Europe/Berlin] PHP Warning:  Trying to access array offset on value of type null in C:\xampp\htdocs\lpske-portal\api\login.php on line 7
[22-Jul-2025 06:37:35 Europe/Berlin] PHP Warning:  Undefined variable $row in C:\xampp\htdocs\lpske-portal\api\login.php on line 8
[22-Jul-2025 06:37:35 Europe/Berlin] PHP Warning:  Trying to access array offset on value of type null in C:\xampp\htdocs\lpske-portal\api\login.php on line 8
[22-Jul-2025 06:37:35 Europe/Berlin] PHP Warning:  Undefined variable $row in C:\xampp\htdocs\lpske-portal\api\login.php on line 9
[22-Jul-2025 06:37:35 Europe/Berlin] PHP Warning:  Trying to access array offset on value of type null in C:\xampp\htdocs\lpske-portal\api\login.php on line 9
[22-Jul-2025 06:37:59 Europe/Berlin] PHP Warning:  Undefined variable $row in C:\xampp\htdocs\lpske-portal\api\login.php on line 7
[22-Jul-2025 06:37:59 Europe/Berlin] PHP Warning:  Trying to access array offset on value of type null in C:\xampp\htdocs\lpske-portal\api\login.php on line 7
[22-Jul-2025 06:37:59 Europe/Berlin] PHP Warning:  Undefined variable $row in C:\xampp\htdocs\lpske-portal\api\login.php on line 8
[22-Jul-2025 06:37:59 Europe/Berlin] PHP Warning:  Trying to access array offset on value of type null in C:\xampp\htdocs\lpske-portal\api\login.php on line 8
[22-Jul-2025 06:37:59 Europe/Berlin] PHP Warning:  Undefined variable $row in C:\xampp\htdocs\lpske-portal\api\login.php on line 9
[22-Jul-2025 06:37:59 Europe/Berlin] PHP Warning:  Trying to access array offset on value of type null in C:\xampp\htdocs\lpske-portal\api\login.php on line 9
[22-Jul-2025 06:38:17 Europe/Berlin] PHP Warning:  Undefined variable $row in C:\xampp\htdocs\lpske-portal\api\login.php on line 7
[22-Jul-2025 06:38:17 Europe/Berlin] PHP Warning:  Trying to access array offset on value of type null in C:\xampp\htdocs\lpske-portal\api\login.php on line 7
[22-Jul-2025 06:38:17 Europe/Berlin] PHP Warning:  Undefined variable $row in C:\xampp\htdocs\lpske-portal\api\login.php on line 8
[22-Jul-2025 06:38:17 Europe/Berlin] PHP Warning:  Trying to access array offset on value of type null in C:\xampp\htdocs\lpske-portal\api\login.php on line 8
[22-Jul-2025 06:38:17 Europe/Berlin] PHP Warning:  Undefined variable $row in C:\xampp\htdocs\lpske-portal\api\login.php on line 9
[22-Jul-2025 06:38:17 Europe/Berlin] PHP Warning:  Trying to access array offset on value of type null in C:\xampp\htdocs\lpske-portal\api\login.php on line 9
[22-Jul-2025 06:38:55 Europe/Berlin] PHP Warning:  Undefined variable $row in C:\xampp\htdocs\lpske-portal\api\login.php on line 7
[22-Jul-2025 06:38:55 Europe/Berlin] PHP Warning:  Trying to access array offset on value of type null in C:\xampp\htdocs\lpske-portal\api\login.php on line 7
[22-Jul-2025 06:38:55 Europe/Berlin] PHP Warning:  Undefined variable $row in C:\xampp\htdocs\lpske-portal\api\login.php on line 8
[22-Jul-2025 06:38:55 Europe/Berlin] PHP Warning:  Trying to access array offset on value of type null in C:\xampp\htdocs\lpske-portal\api\login.php on line 8
[22-Jul-2025 06:38:55 Europe/Berlin] PHP Warning:  Undefined variable $row in C:\xampp\htdocs\lpske-portal\api\login.php on line 9
[22-Jul-2025 06:38:55 Europe/Berlin] PHP Warning:  Trying to access array offset on value of type null in C:\xampp\htdocs\lpske-portal\api\login.php on line 9
[22-Jul-2025 06:39:35 Europe/Berlin] PHP Warning:  Undefined variable $row in C:\xampp\htdocs\lpske-portal\api\login.php on line 7
[22-Jul-2025 06:39:35 Europe/Berlin] PHP Warning:  Trying to access array offset on value of type null in C:\xampp\htdocs\lpske-portal\api\login.php on line 7
[22-Jul-2025 06:39:35 Europe/Berlin] PHP Warning:  Undefined variable $row in C:\xampp\htdocs\lpske-portal\api\login.php on line 8
[22-Jul-2025 06:39:35 Europe/Berlin] PHP Warning:  Trying to access array offset on value of type null in C:\xampp\htdocs\lpske-portal\api\login.php on line 8
[22-Jul-2025 06:39:35 Europe/Berlin] PHP Warning:  Undefined variable $row in C:\xampp\htdocs\lpske-portal\api\login.php on line 9
[22-Jul-2025 06:39:35 Europe/Berlin] PHP Warning:  Trying to access array offset on value of type null in C:\xampp\htdocs\lpske-portal\api\login.php on line 9
[22-Jul-2025 09:18:31 Europe/Berlin] PHP Warning:  Undefined variable $row in C:\xampp\htdocs\lpske-portal\api\login.php on line 7
[22-Jul-2025 09:18:31 Europe/Berlin] PHP Warning:  Trying to access array offset on value of type null in C:\xampp\htdocs\lpske-portal\api\login.php on line 7
[22-Jul-2025 09:18:31 Europe/Berlin] PHP Warning:  Undefined variable $row in C:\xampp\htdocs\lpske-portal\api\login.php on line 8
[22-Jul-2025 09:18:31 Europe/Berlin] PHP Warning:  Trying to access array offset on value of type null in C:\xampp\htdocs\lpske-portal\api\login.php on line 8
[22-Jul-2025 09:18:31 Europe/Berlin] PHP Warning:  Undefined variable $row in C:\xampp\htdocs\lpske-portal\api\login.php on line 9
[22-Jul-2025 09:18:31 Europe/Berlin] PHP Warning:  Trying to access array offset on value of type null in C:\xampp\htdocs\lpske-portal\api\login.php on line 9
[22-Jul-2025 09:19:10 Europe/Berlin] PHP Warning:  Undefined variable $row in C:\xampp\htdocs\lpske-portal\api\login.php on line 7
[22-Jul-2025 09:19:10 Europe/Berlin] PHP Warning:  Trying to access array offset on value of type null in C:\xampp\htdocs\lpske-portal\api\login.php on line 7
[22-Jul-2025 09:19:10 Europe/Berlin] PHP Warning:  Undefined variable $row in C:\xampp\htdocs\lpske-portal\api\login.php on line 8
[22-Jul-2025 09:19:10 Europe/Berlin] PHP Warning:  Trying to access array offset on value of type null in C:\xampp\htdocs\lpske-portal\api\login.php on line 8
[22-Jul-2025 09:19:10 Europe/Berlin] PHP Warning:  Undefined variable $row in C:\xampp\htdocs\lpske-portal\api\login.php on line 9
[22-Jul-2025 09:19:10 Europe/Berlin] PHP Warning:  Trying to access array offset on value of type null in C:\xampp\htdocs\lpske-portal\api\login.php on line 9
[23-Jul-2025 04:04:32 Europe/Berlin] PHP Warning:  Undefined variable $row in C:\xampp\htdocs\lpske-portal\api\login.php on line 7
[23-Jul-2025 04:04:32 Europe/Berlin] PHP Warning:  Trying to access array offset on value of type null in C:\xampp\htdocs\lpske-portal\api\login.php on line 7
[23-Jul-2025 04:04:32 Europe/Berlin] PHP Warning:  Undefined variable $row in C:\xampp\htdocs\lpske-portal\api\login.php on line 8
[23-Jul-2025 04:04:32 Europe/Berlin] PHP Warning:  Trying to access array offset on value of type null in C:\xampp\htdocs\lpske-portal\api\login.php on line 8
[23-Jul-2025 04:04:32 Europe/Berlin] PHP Warning:  Undefined variable $row in C:\xampp\htdocs\lpske-portal\api\login.php on line 9
[23-Jul-2025 04:04:32 Europe/Berlin] PHP Warning:  Trying to access array offset on value of type null in C:\xampp\htdocs\lpske-portal\api\login.php on line 9
[23-Jul-2025 04:04:49 Europe/Berlin] PHP Warning:  Undefined variable $row in C:\xampp\htdocs\lpske-portal\api\login.php on line 7
[23-Jul-2025 04:04:49 Europe/Berlin] PHP Warning:  Trying to access array offset on value of type null in C:\xampp\htdocs\lpske-portal\api\login.php on line 7
[23-Jul-2025 04:04:49 Europe/Berlin] PHP Warning:  Undefined variable $row in C:\xampp\htdocs\lpske-portal\api\login.php on line 8
[23-Jul-2025 04:04:49 Europe/Berlin] PHP Warning:  Trying to access array offset on value of type null in C:\xampp\htdocs\lpske-portal\api\login.php on line 8
[23-Jul-2025 04:04:49 Europe/Berlin] PHP Warning:  Undefined variable $row in C:\xampp\htdocs\lpske-portal\api\login.php on line 9
[23-Jul-2025 04:04:49 Europe/Berlin] PHP Warning:  Trying to access array offset on value of type null in C:\xampp\htdocs\lpske-portal\api\login.php on line 9
[23-Jul-2025 04:05:45 Europe/Berlin] PHP Warning:  Undefined variable $row in C:\xampp\htdocs\lpske-portal\api\login.php on line 7
[23-Jul-2025 04:05:45 Europe/Berlin] PHP Warning:  Trying to access array offset on value of type null in C:\xampp\htdocs\lpske-portal\api\login.php on line 7
[23-Jul-2025 04:05:45 Europe/Berlin] PHP Warning:  Undefined variable $row in C:\xampp\htdocs\lpske-portal\api\login.php on line 8
[23-Jul-2025 04:05:45 Europe/Berlin] PHP Warning:  Trying to access array offset on value of type null in C:\xampp\htdocs\lpske-portal\api\login.php on line 8
[23-Jul-2025 04:05:45 Europe/Berlin] PHP Warning:  Undefined variable $row in C:\xampp\htdocs\lpske-portal\api\login.php on line 9
[23-Jul-2025 04:05:45 Europe/Berlin] PHP Warning:  Trying to access array offset on value of type null in C:\xampp\htdocs\lpske-portal\api\login.php on line 9
[23-Jul-2025 04:12:11 Europe/Berlin] PHP Warning:  Undefined variable $row in C:\xampp\htdocs\lpske-portal\api\login.php on line 7
[23-Jul-2025 04:12:11 Europe/Berlin] PHP Warning:  Trying to access array offset on value of type null in C:\xampp\htdocs\lpske-portal\api\login.php on line 7
[23-Jul-2025 04:12:11 Europe/Berlin] PHP Warning:  Undefined variable $row in C:\xampp\htdocs\lpske-portal\api\login.php on line 8
[23-Jul-2025 04:12:11 Europe/Berlin] PHP Warning:  Trying to access array offset on value of type null in C:\xampp\htdocs\lpske-portal\api\login.php on line 8
[23-Jul-2025 04:12:11 Europe/Berlin] PHP Warning:  Undefined variable $row in C:\xampp\htdocs\lpske-portal\api\login.php on line 9
[23-Jul-2025 04:12:11 Europe/Berlin] PHP Warning:  Trying to access array offset on value of type null in C:\xampp\htdocs\lpske-portal\api\login.php on line 9
[23-Jul-2025 04:12:21 Europe/Berlin] PHP Warning:  Undefined variable $row in C:\xampp\htdocs\lpske-portal\api\login.php on line 7
[23-Jul-2025 04:12:21 Europe/Berlin] PHP Warning:  Trying to access array offset on value of type null in C:\xampp\htdocs\lpske-portal\api\login.php on line 7
[23-Jul-2025 04:12:21 Europe/Berlin] PHP Warning:  Undefined variable $row in C:\xampp\htdocs\lpske-portal\api\login.php on line 8
[23-Jul-2025 04:12:21 Europe/Berlin] PHP Warning:  Trying to access array offset on value of type null in C:\xampp\htdocs\lpske-portal\api\login.php on line 8
[23-Jul-2025 04:12:21 Europe/Berlin] PHP Warning:  Undefined variable $row in C:\xampp\htdocs\lpske-portal\api\login.php on line 9
[23-Jul-2025 04:12:21 Europe/Berlin] PHP Warning:  Trying to access array offset on value of type null in C:\xampp\htdocs\lpske-portal\api\login.php on line 9
[23-Jul-2025 04:45:29 Europe/Berlin] PHP Warning:  Undefined variable $row in C:\xampp\htdocs\lpske-portal\api\login.php on line 7
[23-Jul-2025 04:45:29 Europe/Berlin] PHP Warning:  Trying to access array offset on value of type null in C:\xampp\htdocs\lpske-portal\api\login.php on line 7
[23-Jul-2025 04:45:29 Europe/Berlin] PHP Warning:  Undefined variable $row in C:\xampp\htdocs\lpske-portal\api\login.php on line 8
[23-Jul-2025 04:45:29 Europe/Berlin] PHP Warning:  Trying to access array offset on value of type null in C:\xampp\htdocs\lpske-portal\api\login.php on line 8
[23-Jul-2025 04:45:29 Europe/Berlin] PHP Warning:  Undefined variable $row in C:\xampp\htdocs\lpske-portal\api\login.php on line 9
[23-Jul-2025 04:45:29 Europe/Berlin] PHP Warning:  Trying to access array offset on value of type null in C:\xampp\htdocs\lpske-portal\api\login.php on line 9
[23-Jul-2025 04:45:55 Europe/Berlin] PHP Warning:  Undefined variable $row in C:\xampp\htdocs\lpske-portal\api\login.php on line 7
[23-Jul-2025 04:45:55 Europe/Berlin] PHP Warning:  Trying to access array offset on value of type null in C:\xampp\htdocs\lpske-portal\api\login.php on line 7
[23-Jul-2025 04:45:55 Europe/Berlin] PHP Warning:  Undefined variable $row in C:\xampp\htdocs\lpske-portal\api\login.php on line 8
[23-Jul-2025 04:45:55 Europe/Berlin] PHP Warning:  Trying to access array offset on value of type null in C:\xampp\htdocs\lpske-portal\api\login.php on line 8
[23-Jul-2025 04:45:55 Europe/Berlin] PHP Warning:  Undefined variable $row in C:\xampp\htdocs\lpske-portal\api\login.php on line 9
[23-Jul-2025 04:45:55 Europe/Berlin] PHP Warning:  Trying to access array offset on value of type null in C:\xampp\htdocs\lpske-portal\api\login.php on line 9
[23-Jul-2025 05:01:13 Europe/Berlin] PHP Warning:  Undefined variable $row in C:\xampp\htdocs\lpske-portal\api\login.php on line 7
[23-Jul-2025 05:01:13 Europe/Berlin] PHP Warning:  Trying to access array offset on value of type null in C:\xampp\htdocs\lpske-portal\api\login.php on line 7
[23-Jul-2025 05:01:13 Europe/Berlin] PHP Warning:  Undefined variable $row in C:\xampp\htdocs\lpske-portal\api\login.php on line 8
[23-Jul-2025 05:01:13 Europe/Berlin] PHP Warning:  Trying to access array offset on value of type null in C:\xampp\htdocs\lpske-portal\api\login.php on line 8
[23-Jul-2025 05:01:13 Europe/Berlin] PHP Warning:  Undefined variable $row in C:\xampp\htdocs\lpske-portal\api\login.php on line 9
[23-Jul-2025 05:01:13 Europe/Berlin] PHP Warning:  Trying to access array offset on value of type null in C:\xampp\htdocs\lpske-portal\api\login.php on line 9
[23-Jul-2025 05:02:52 Europe/Berlin] PHP Warning:  Undefined variable $row in C:\xampp\htdocs\lpske-portal\api\login.php on line 7
[23-Jul-2025 05:02:52 Europe/Berlin] PHP Warning:  Trying to access array offset on value of type null in C:\xampp\htdocs\lpske-portal\api\login.php on line 7
[23-Jul-2025 05:02:52 Europe/Berlin] PHP Warning:  Undefined variable $row in C:\xampp\htdocs\lpske-portal\api\login.php on line 8
[23-Jul-2025 05:02:52 Europe/Berlin] PHP Warning:  Trying to access array offset on value of type null in C:\xampp\htdocs\lpske-portal\api\login.php on line 8
[23-Jul-2025 05:02:52 Europe/Berlin] PHP Warning:  Undefined variable $row in C:\xampp\htdocs\lpske-portal\api\login.php on line 9
[23-Jul-2025 05:02:52 Europe/Berlin] PHP Warning:  Trying to access array offset on value of type null in C:\xampp\htdocs\lpske-portal\api\login.php on line 9
[23-Jul-2025 05:04:08 Europe/Berlin] PHP Warning:  Undefined variable $row in C:\xampp\htdocs\lpske-portal\api\login.php on line 7
[23-Jul-2025 05:04:08 Europe/Berlin] PHP Warning:  Trying to access array offset on value of type null in C:\xampp\htdocs\lpske-portal\api\login.php on line 7
[23-Jul-2025 05:04:08 Europe/Berlin] PHP Warning:  Undefined variable $row in C:\xampp\htdocs\lpske-portal\api\login.php on line 8
[23-Jul-2025 05:04:08 Europe/Berlin] PHP Warning:  Trying to access array offset on value of type null in C:\xampp\htdocs\lpske-portal\api\login.php on line 8
[23-Jul-2025 05:04:08 Europe/Berlin] PHP Warning:  Undefined variable $row in C:\xampp\htdocs\lpske-portal\api\login.php on line 9
[23-Jul-2025 05:04:08 Europe/Berlin] PHP Warning:  Trying to access array offset on value of type null in C:\xampp\htdocs\lpske-portal\api\login.php on line 9
[23-Jul-2025 05:05:50 Europe/Berlin] PHP Warning:  Undefined variable $row in C:\xampp\htdocs\lpske-portal\api\login.php on line 7
[23-Jul-2025 05:05:50 Europe/Berlin] PHP Warning:  Trying to access array offset on value of type null in C:\xampp\htdocs\lpske-portal\api\login.php on line 7
[23-Jul-2025 05:05:50 Europe/Berlin] PHP Warning:  Undefined variable $row in C:\xampp\htdocs\lpske-portal\api\login.php on line 8
[23-Jul-2025 05:05:50 Europe/Berlin] PHP Warning:  Trying to access array offset on value of type null in C:\xampp\htdocs\lpske-portal\api\login.php on line 8
[23-Jul-2025 05:05:50 Europe/Berlin] PHP Warning:  Undefined variable $row in C:\xampp\htdocs\lpske-portal\api\login.php on line 9
[23-Jul-2025 05:05:50 Europe/Berlin] PHP Warning:  Trying to access array offset on value of type null in C:\xampp\htdocs\lpske-portal\api\login.php on line 9
[23-Jul-2025 05:05:58 Europe/Berlin] PHP Warning:  Undefined variable $row in C:\xampp\htdocs\lpske-portal\api\login.php on line 7
[23-Jul-2025 05:05:58 Europe/Berlin] PHP Warning:  Trying to access array offset on value of type null in C:\xampp\htdocs\lpske-portal\api\login.php on line 7
[23-Jul-2025 05:05:58 Europe/Berlin] PHP Warning:  Undefined variable $row in C:\xampp\htdocs\lpske-portal\api\login.php on line 8
[23-Jul-2025 05:05:58 Europe/Berlin] PHP Warning:  Trying to access array offset on value of type null in C:\xampp\htdocs\lpske-portal\api\login.php on line 8
[23-Jul-2025 05:05:58 Europe/Berlin] PHP Warning:  Undefined variable $row in C:\xampp\htdocs\lpske-portal\api\login.php on line 9
[23-Jul-2025 05:05:58 Europe/Berlin] PHP Warning:  Trying to access array offset on value of type null in C:\xampp\htdocs\lpske-portal\api\login.php on line 9
[23-Jul-2025 05:09:54 Europe/Berlin] PHP Warning:  Undefined variable $row in C:\xampp\htdocs\lpske-portal\api\login.php on line 7
[23-Jul-2025 05:09:54 Europe/Berlin] PHP Warning:  Trying to access array offset on value of type null in C:\xampp\htdocs\lpske-portal\api\login.php on line 7
[23-Jul-2025 05:09:54 Europe/Berlin] PHP Warning:  Undefined variable $row in C:\xampp\htdocs\lpske-portal\api\login.php on line 8
[23-Jul-2025 05:09:54 Europe/Berlin] PHP Warning:  Trying to access array offset on value of type null in C:\xampp\htdocs\lpske-portal\api\login.php on line 8
[23-Jul-2025 05:09:54 Europe/Berlin] PHP Warning:  Undefined variable $row in C:\xampp\htdocs\lpske-portal\api\login.php on line 9
[23-Jul-2025 05:09:54 Europe/Berlin] PHP Warning:  Trying to access array offset on value of type null in C:\xampp\htdocs\lpske-portal\api\login.php on line 9
[23-Jul-2025 05:40:47 Europe/Berlin] PHP Warning:  Undefined variable $row in C:\xampp\htdocs\lpske-portal\api\login.php on line 7
[23-Jul-2025 05:40:47 Europe/Berlin] PHP Warning:  Trying to access array offset on value of type null in C:\xampp\htdocs\lpske-portal\api\login.php on line 7
[23-Jul-2025 05:40:47 Europe/Berlin] PHP Warning:  Undefined variable $row in C:\xampp\htdocs\lpske-portal\api\login.php on line 8
[23-Jul-2025 05:40:47 Europe/Berlin] PHP Warning:  Trying to access array offset on value of type null in C:\xampp\htdocs\lpske-portal\api\login.php on line 8
[23-Jul-2025 05:40:47 Europe/Berlin] PHP Warning:  Undefined variable $row in C:\xampp\htdocs\lpske-portal\api\login.php on line 9
[23-Jul-2025 05:40:47 Europe/Berlin] PHP Warning:  Trying to access array offset on value of type null in C:\xampp\htdocs\lpske-portal\api\login.php on line 9
[23-Jul-2025 05:49:28 Europe/Berlin] PHP Warning:  Undefined variable $row in C:\xampp\htdocs\lpske-portal\api\login.php on line 7
[23-Jul-2025 05:49:28 Europe/Berlin] PHP Warning:  Trying to access array offset on value of type null in C:\xampp\htdocs\lpske-portal\api\login.php on line 7
[23-Jul-2025 05:49:28 Europe/Berlin] PHP Warning:  Undefined variable $row in C:\xampp\htdocs\lpske-portal\api\login.php on line 8
[23-Jul-2025 05:49:28 Europe/Berlin] PHP Warning:  Trying to access array offset on value of type null in C:\xampp\htdocs\lpske-portal\api\login.php on line 8
[23-Jul-2025 05:49:28 Europe/Berlin] PHP Warning:  Undefined variable $row in C:\xampp\htdocs\lpske-portal\api\login.php on line 9
[23-Jul-2025 05:49:28 Europe/Berlin] PHP Warning:  Trying to access array offset on value of type null in C:\xampp\htdocs\lpske-portal\api\login.php on line 9
[23-Jul-2025 06:14:28 Europe/Berlin] PHP Warning:  Undefined variable $row in C:\xampp\htdocs\lpske-portal\api\login.php on line 7
[23-Jul-2025 06:14:28 Europe/Berlin] PHP Warning:  Trying to access array offset on value of type null in C:\xampp\htdocs\lpske-portal\api\login.php on line 7
[23-Jul-2025 06:14:28 Europe/Berlin] PHP Warning:  Undefined variable $row in C:\xampp\htdocs\lpske-portal\api\login.php on line 8
[23-Jul-2025 06:14:28 Europe/Berlin] PHP Warning:  Trying to access array offset on value of type null in C:\xampp\htdocs\lpske-portal\api\login.php on line 8
[23-Jul-2025 06:14:28 Europe/Berlin] PHP Warning:  Undefined variable $row in C:\xampp\htdocs\lpske-portal\api\login.php on line 9
[23-Jul-2025 06:14:28 Europe/Berlin] PHP Warning:  Trying to access array offset on value of type null in C:\xampp\htdocs\lpske-portal\api\login.php on line 9
[23-Jul-2025 06:15:21 Europe/Berlin] PHP Warning:  Undefined variable $row in C:\xampp\htdocs\lpske-portal\api\login.php on line 7
[23-Jul-2025 06:15:21 Europe/Berlin] PHP Warning:  Trying to access array offset on value of type null in C:\xampp\htdocs\lpske-portal\api\login.php on line 7
[23-Jul-2025 06:15:21 Europe/Berlin] PHP Warning:  Undefined variable $row in C:\xampp\htdocs\lpske-portal\api\login.php on line 8
[23-Jul-2025 06:15:21 Europe/Berlin] PHP Warning:  Trying to access array offset on value of type null in C:\xampp\htdocs\lpske-portal\api\login.php on line 8
[23-Jul-2025 06:15:21 Europe/Berlin] PHP Warning:  Undefined variable $row in C:\xampp\htdocs\lpske-portal\api\login.php on line 9
[23-Jul-2025 06:15:21 Europe/Berlin] PHP Warning:  Trying to access array offset on value of type null in C:\xampp\htdocs\lpske-portal\api\login.php on line 9
[23-Jul-2025 06:16:16 Europe/Berlin] PHP Warning:  Undefined variable $row in C:\xampp\htdocs\lpske-portal\api\login.php on line 7
[23-Jul-2025 06:16:16 Europe/Berlin] PHP Warning:  Trying to access array offset on value of type null in C:\xampp\htdocs\lpske-portal\api\login.php on line 7
[23-Jul-2025 06:16:16 Europe/Berlin] PHP Warning:  Undefined variable $row in C:\xampp\htdocs\lpske-portal\api\login.php on line 8
[23-Jul-2025 06:16:16 Europe/Berlin] PHP Warning:  Trying to access array offset on value of type null in C:\xampp\htdocs\lpske-portal\api\login.php on line 8
[23-Jul-2025 06:16:16 Europe/Berlin] PHP Warning:  Undefined variable $row in C:\xampp\htdocs\lpske-portal\api\login.php on line 9
[23-Jul-2025 06:16:16 Europe/Berlin] PHP Warning:  Trying to access array offset on value of type null in C:\xampp\htdocs\lpske-portal\api\login.php on line 9
[23-Jul-2025 06:29:26 Europe/Berlin] PHP Warning:  Undefined variable $row in C:\xampp\htdocs\lpske-portal\api\login.php on line 7
[23-Jul-2025 06:29:26 Europe/Berlin] PHP Warning:  Trying to access array offset on value of type null in C:\xampp\htdocs\lpske-portal\api\login.php on line 7
[23-Jul-2025 06:29:26 Europe/Berlin] PHP Warning:  Undefined variable $row in C:\xampp\htdocs\lpske-portal\api\login.php on line 8
[23-Jul-2025 06:29:26 Europe/Berlin] PHP Warning:  Trying to access array offset on value of type null in C:\xampp\htdocs\lpske-portal\api\login.php on line 8
[23-Jul-2025 06:29:26 Europe/Berlin] PHP Warning:  Undefined variable $row in C:\xampp\htdocs\lpske-portal\api\login.php on line 9
[23-Jul-2025 06:29:26 Europe/Berlin] PHP Warning:  Trying to access array offset on value of type null in C:\xampp\htdocs\lpske-portal\api\login.php on line 9
[23-Jul-2025 06:33:10 Europe/Berlin] PHP Warning:  Undefined variable $row in C:\xampp\htdocs\lpske-portal\api\login.php on line 7
[23-Jul-2025 06:33:10 Europe/Berlin] PHP Warning:  Trying to access array offset on value of type null in C:\xampp\htdocs\lpske-portal\api\login.php on line 7
[23-Jul-2025 06:33:10 Europe/Berlin] PHP Warning:  Undefined variable $row in C:\xampp\htdocs\lpske-portal\api\login.php on line 8
[23-Jul-2025 06:33:10 Europe/Berlin] PHP Warning:  Trying to access array offset on value of type null in C:\xampp\htdocs\lpske-portal\api\login.php on line 8
[23-Jul-2025 06:33:10 Europe/Berlin] PHP Warning:  Undefined variable $row in C:\xampp\htdocs\lpske-portal\api\login.php on line 9
[23-Jul-2025 06:33:10 Europe/Berlin] PHP Warning:  Trying to access array offset on value of type null in C:\xampp\htdocs\lpske-portal\api\login.php on line 9
[23-Jul-2025 06:44:33 Europe/Berlin] PHP Warning:  Undefined variable $row in C:\xampp\htdocs\lpske-portal\api\login.php on line 7
[23-Jul-2025 06:44:33 Europe/Berlin] PHP Warning:  Trying to access array offset on value of type null in C:\xampp\htdocs\lpske-portal\api\login.php on line 7
[23-Jul-2025 06:44:33 Europe/Berlin] PHP Warning:  Undefined variable $row in C:\xampp\htdocs\lpske-portal\api\login.php on line 8
[23-Jul-2025 06:44:33 Europe/Berlin] PHP Warning:  Trying to access array offset on value of type null in C:\xampp\htdocs\lpske-portal\api\login.php on line 8
[23-Jul-2025 06:44:33 Europe/Berlin] PHP Warning:  Undefined variable $row in C:\xampp\htdocs\lpske-portal\api\login.php on line 9
[23-Jul-2025 06:44:33 Europe/Berlin] PHP Warning:  Trying to access array offset on value of type null in C:\xampp\htdocs\lpske-portal\api\login.php on line 9
[23-Jul-2025 06:45:57 Europe/Berlin] PHP Warning:  Undefined variable $row in C:\xampp\htdocs\lpske-portal\api\login.php on line 7
[23-Jul-2025 06:45:57 Europe/Berlin] PHP Warning:  Trying to access array offset on value of type null in C:\xampp\htdocs\lpske-portal\api\login.php on line 7
[23-Jul-2025 06:45:57 Europe/Berlin] PHP Warning:  Undefined variable $row in C:\xampp\htdocs\lpske-portal\api\login.php on line 8
[23-Jul-2025 06:45:57 Europe/Berlin] PHP Warning:  Trying to access array offset on value of type null in C:\xampp\htdocs\lpske-portal\api\login.php on line 8
[23-Jul-2025 06:45:57 Europe/Berlin] PHP Warning:  Undefined variable $row in C:\xampp\htdocs\lpske-portal\api\login.php on line 9
[23-Jul-2025 06:45:57 Europe/Berlin] PHP Warning:  Trying to access array offset on value of type null in C:\xampp\htdocs\lpske-portal\api\login.php on line 9
[23-Jul-2025 07:51:49 Europe/Berlin] PHP Warning:  Undefined variable $row in C:\xampp\htdocs\lpske-portal\api\login.php on line 7
[23-Jul-2025 07:51:49 Europe/Berlin] PHP Warning:  Trying to access array offset on value of type null in C:\xampp\htdocs\lpske-portal\api\login.php on line 7
[23-Jul-2025 07:51:49 Europe/Berlin] PHP Warning:  Undefined variable $row in C:\xampp\htdocs\lpske-portal\api\login.php on line 8
[23-Jul-2025 07:51:49 Europe/Berlin] PHP Warning:  Trying to access array offset on value of type null in C:\xampp\htdocs\lpske-portal\api\login.php on line 8
[23-Jul-2025 07:51:49 Europe/Berlin] PHP Warning:  Undefined variable $row in C:\xampp\htdocs\lpske-portal\api\login.php on line 9
[23-Jul-2025 07:51:49 Europe/Berlin] PHP Warning:  Trying to access array offset on value of type null in C:\xampp\htdocs\lpske-portal\api\login.php on line 9
[23-Jul-2025 07:52:24 Europe/Berlin] PHP Warning:  Undefined variable $row in C:\xampp\htdocs\lpske-portal\api\login.php on line 7
[23-Jul-2025 07:52:24 Europe/Berlin] PHP Warning:  Trying to access array offset on value of type null in C:\xampp\htdocs\lpske-portal\api\login.php on line 7
[23-Jul-2025 07:52:24 Europe/Berlin] PHP Warning:  Undefined variable $row in C:\xampp\htdocs\lpske-portal\api\login.php on line 8
[23-Jul-2025 07:52:24 Europe/Berlin] PHP Warning:  Trying to access array offset on value of type null in C:\xampp\htdocs\lpske-portal\api\login.php on line 8
[23-Jul-2025 07:52:24 Europe/Berlin] PHP Warning:  Undefined variable $row in C:\xampp\htdocs\lpske-portal\api\login.php on line 9
[23-Jul-2025 07:52:24 Europe/Berlin] PHP Warning:  Trying to access array offset on value of type null in C:\xampp\htdocs\lpske-portal\api\login.php on line 9
[23-Jul-2025 08:20:26 Europe/Berlin] PHP Warning:  Undefined variable $row in C:\xampp\htdocs\lpske-portal\api\login.php on line 7
[23-Jul-2025 08:20:26 Europe/Berlin] PHP Warning:  Trying to access array offset on value of type null in C:\xampp\htdocs\lpske-portal\api\login.php on line 7
[23-Jul-2025 08:20:26 Europe/Berlin] PHP Warning:  Undefined variable $row in C:\xampp\htdocs\lpske-portal\api\login.php on line 8
[23-Jul-2025 08:20:26 Europe/Berlin] PHP Warning:  Trying to access array offset on value of type null in C:\xampp\htdocs\lpske-portal\api\login.php on line 8
[23-Jul-2025 08:20:26 Europe/Berlin] PHP Warning:  Undefined variable $row in C:\xampp\htdocs\lpske-portal\api\login.php on line 9
[23-Jul-2025 08:20:26 Europe/Berlin] PHP Warning:  Trying to access array offset on value of type null in C:\xampp\htdocs\lpske-portal\api\login.php on line 9
[24-Jul-2025 04:11:33 Europe/Berlin] PHP Warning:  Undefined variable $row in C:\xampp\htdocs\lpske-portal\api\login.php on line 7
[24-Jul-2025 04:11:33 Europe/Berlin] PHP Warning:  Trying to access array offset on value of type null in C:\xampp\htdocs\lpske-portal\api\login.php on line 7
[24-Jul-2025 04:11:33 Europe/Berlin] PHP Warning:  Undefined variable $row in C:\xampp\htdocs\lpske-portal\api\login.php on line 8
[24-Jul-2025 04:11:33 Europe/Berlin] PHP Warning:  Trying to access array offset on value of type null in C:\xampp\htdocs\lpske-portal\api\login.php on line 8
[24-Jul-2025 04:11:33 Europe/Berlin] PHP Warning:  Undefined variable $row in C:\xampp\htdocs\lpske-portal\api\login.php on line 9
[24-Jul-2025 04:11:33 Europe/Berlin] PHP Warning:  Trying to access array offset on value of type null in C:\xampp\htdocs\lpske-portal\api\login.php on line 9
[24-Jul-2025 04:55:23 Europe/Berlin] PHP Warning:  Undefined variable $row in C:\xampp\htdocs\lpske-portal\api\login.php on line 7
[24-Jul-2025 04:55:23 Europe/Berlin] PHP Warning:  Trying to access array offset on value of type null in C:\xampp\htdocs\lpske-portal\api\login.php on line 7
[24-Jul-2025 04:55:23 Europe/Berlin] PHP Warning:  Undefined variable $row in C:\xampp\htdocs\lpske-portal\api\login.php on line 8
[24-Jul-2025 04:55:23 Europe/Berlin] PHP Warning:  Trying to access array offset on value of type null in C:\xampp\htdocs\lpske-portal\api\login.php on line 8
[24-Jul-2025 04:55:23 Europe/Berlin] PHP Warning:  Undefined variable $row in C:\xampp\htdocs\lpske-portal\api\login.php on line 9
[24-Jul-2025 04:55:23 Europe/Berlin] PHP Warning:  Trying to access array offset on value of type null in C:\xampp\htdocs\lpske-portal\api\login.php on line 9
[24-Jul-2025 04:56:04 Europe/Berlin] PHP Warning:  Undefined variable $row in C:\xampp\htdocs\lpske-portal\api\login.php on line 7
[24-Jul-2025 04:56:04 Europe/Berlin] PHP Warning:  Trying to access array offset on value of type null in C:\xampp\htdocs\lpske-portal\api\login.php on line 7
[24-Jul-2025 04:56:04 Europe/Berlin] PHP Warning:  Undefined variable $row in C:\xampp\htdocs\lpske-portal\api\login.php on line 8
[24-Jul-2025 04:56:04 Europe/Berlin] PHP Warning:  Trying to access array offset on value of type null in C:\xampp\htdocs\lpske-portal\api\login.php on line 8
[24-Jul-2025 04:56:04 Europe/Berlin] PHP Warning:  Undefined variable $row in C:\xampp\htdocs\lpske-portal\api\login.php on line 9
[24-Jul-2025 04:56:04 Europe/Berlin] PHP Warning:  Trying to access array offset on value of type null in C:\xampp\htdocs\lpske-portal\api\login.php on line 9
[24-Jul-2025 05:03:13 Europe/Berlin] PHP Warning:  Undefined variable $row in C:\xampp\htdocs\lpske-portal\api\login.php on line 7
[24-Jul-2025 05:03:13 Europe/Berlin] PHP Warning:  Trying to access array offset on value of type null in C:\xampp\htdocs\lpske-portal\api\login.php on line 7
[24-Jul-2025 05:03:13 Europe/Berlin] PHP Warning:  Undefined variable $row in C:\xampp\htdocs\lpske-portal\api\login.php on line 8
[24-Jul-2025 05:03:13 Europe/Berlin] PHP Warning:  Trying to access array offset on value of type null in C:\xampp\htdocs\lpske-portal\api\login.php on line 8
[24-Jul-2025 05:03:13 Europe/Berlin] PHP Warning:  Undefined variable $row in C:\xampp\htdocs\lpske-portal\api\login.php on line 9
[24-Jul-2025 05:03:13 Europe/Berlin] PHP Warning:  Trying to access array offset on value of type null in C:\xampp\htdocs\lpske-portal\api\login.php on line 9
[24-Jul-2025 05:13:18 Europe/Berlin] PHP Warning:  Undefined variable $row in C:\xampp\htdocs\lpske-portal\api\login.php on line 7
[24-Jul-2025 05:13:18 Europe/Berlin] PHP Warning:  Trying to access array offset on value of type null in C:\xampp\htdocs\lpske-portal\api\login.php on line 7
[24-Jul-2025 05:13:18 Europe/Berlin] PHP Warning:  Undefined variable $row in C:\xampp\htdocs\lpske-portal\api\login.php on line 8
[24-Jul-2025 05:13:18 Europe/Berlin] PHP Warning:  Trying to access array offset on value of type null in C:\xampp\htdocs\lpske-portal\api\login.php on line 8
[24-Jul-2025 05:13:18 Europe/Berlin] PHP Warning:  Undefined variable $row in C:\xampp\htdocs\lpske-portal\api\login.php on line 9
[24-Jul-2025 05:13:18 Europe/Berlin] PHP Warning:  Trying to access array offset on value of type null in C:\xampp\htdocs\lpske-portal\api\login.php on line 9
[24-Jul-2025 06:38:30 Europe/Berlin] PHP Warning:  Undefined variable $row in C:\xampp\htdocs\lpske-portal\api\login.php on line 7
[24-Jul-2025 06:38:30 Europe/Berlin] PHP Warning:  Trying to access array offset on value of type null in C:\xampp\htdocs\lpske-portal\api\login.php on line 7
[24-Jul-2025 06:38:30 Europe/Berlin] PHP Warning:  Undefined variable $row in C:\xampp\htdocs\lpske-portal\api\login.php on line 8
[24-Jul-2025 06:38:30 Europe/Berlin] PHP Warning:  Trying to access array offset on value of type null in C:\xampp\htdocs\lpske-portal\api\login.php on line 8
[24-Jul-2025 06:38:30 Europe/Berlin] PHP Warning:  Undefined variable $row in C:\xampp\htdocs\lpske-portal\api\login.php on line 9
[24-Jul-2025 06:38:30 Europe/Berlin] PHP Warning:  Trying to access array offset on value of type null in C:\xampp\htdocs\lpske-portal\api\login.php on line 9
[24-Jul-2025 07:03:23 Europe/Berlin] PHP Warning:  Undefined variable $row in C:\xampp\htdocs\lpske-portal\api\login.php on line 7
[24-Jul-2025 07:03:23 Europe/Berlin] PHP Warning:  Trying to access array offset on value of type null in C:\xampp\htdocs\lpske-portal\api\login.php on line 7
[24-Jul-2025 07:03:23 Europe/Berlin] PHP Warning:  Undefined variable $row in C:\xampp\htdocs\lpske-portal\api\login.php on line 8
[24-Jul-2025 07:03:23 Europe/Berlin] PHP Warning:  Trying to access array offset on value of type null in C:\xampp\htdocs\lpske-portal\api\login.php on line 8
[24-Jul-2025 07:03:23 Europe/Berlin] PHP Warning:  Undefined variable $row in C:\xampp\htdocs\lpske-portal\api\login.php on line 9
[24-Jul-2025 07:03:23 Europe/Berlin] PHP Warning:  Trying to access array offset on value of type null in C:\xampp\htdocs\lpske-portal\api\login.php on line 9
[25-Jul-2025 04:03:03 Europe/Berlin] PHP Warning:  Undefined variable $row in C:\xampp\htdocs\lpske-portal\api\login.php on line 7
[25-Jul-2025 04:03:03 Europe/Berlin] PHP Warning:  Trying to access array offset on value of type null in C:\xampp\htdocs\lpske-portal\api\login.php on line 7
[25-Jul-2025 04:03:03 Europe/Berlin] PHP Warning:  Undefined variable $row in C:\xampp\htdocs\lpske-portal\api\login.php on line 8
[25-Jul-2025 04:03:03 Europe/Berlin] PHP Warning:  Trying to access array offset on value of type null in C:\xampp\htdocs\lpske-portal\api\login.php on line 8
[25-Jul-2025 04:03:03 Europe/Berlin] PHP Warning:  Undefined variable $row in C:\xampp\htdocs\lpske-portal\api\login.php on line 9
[25-Jul-2025 04:03:03 Europe/Berlin] PHP Warning:  Trying to access array offset on value of type null in C:\xampp\htdocs\lpske-portal\api\login.php on line 9
[25-Jul-2025 04:20:15 Europe/Berlin] PHP Warning:  Undefined variable $row in C:\xampp\htdocs\lpske-portal\api\login.php on line 7
[25-Jul-2025 04:20:15 Europe/Berlin] PHP Warning:  Trying to access array offset on value of type null in C:\xampp\htdocs\lpske-portal\api\login.php on line 7
[25-Jul-2025 04:20:15 Europe/Berlin] PHP Warning:  Undefined variable $row in C:\xampp\htdocs\lpske-portal\api\login.php on line 8
[25-Jul-2025 04:20:15 Europe/Berlin] PHP Warning:  Trying to access array offset on value of type null in C:\xampp\htdocs\lpske-portal\api\login.php on line 8
[25-Jul-2025 04:20:15 Europe/Berlin] PHP Warning:  Undefined variable $row in C:\xampp\htdocs\lpske-portal\api\login.php on line 9
[25-Jul-2025 04:20:15 Europe/Berlin] PHP Warning:  Trying to access array offset on value of type null in C:\xampp\htdocs\lpske-portal\api\login.php on line 9
[25-Jul-2025 04:59:17 Europe/Berlin] PHP Warning:  Undefined variable $row in C:\xampp\htdocs\lpske-portal\api\login.php on line 7
[25-Jul-2025 04:59:17 Europe/Berlin] PHP Warning:  Trying to access array offset on value of type null in C:\xampp\htdocs\lpske-portal\api\login.php on line 7
[25-Jul-2025 04:59:17 Europe/Berlin] PHP Warning:  Undefined variable $row in C:\xampp\htdocs\lpske-portal\api\login.php on line 8
[25-Jul-2025 04:59:17 Europe/Berlin] PHP Warning:  Trying to access array offset on value of type null in C:\xampp\htdocs\lpske-portal\api\login.php on line 8
[25-Jul-2025 04:59:17 Europe/Berlin] PHP Warning:  Undefined variable $row in C:\xampp\htdocs\lpske-portal\api\login.php on line 9
[25-Jul-2025 04:59:17 Europe/Berlin] PHP Warning:  Trying to access array offset on value of type null in C:\xampp\htdocs\lpske-portal\api\login.php on line 9
[25-Jul-2025 06:27:59 Europe/Berlin] PHP Warning:  Undefined variable $row in C:\xampp\htdocs\lpske-portal\api\login.php on line 7
[25-Jul-2025 06:27:59 Europe/Berlin] PHP Warning:  Trying to access array offset on value of type null in C:\xampp\htdocs\lpske-portal\api\login.php on line 7
[25-Jul-2025 06:27:59 Europe/Berlin] PHP Warning:  Undefined variable $row in C:\xampp\htdocs\lpske-portal\api\login.php on line 8
[25-Jul-2025 06:27:59 Europe/Berlin] PHP Warning:  Trying to access array offset on value of type null in C:\xampp\htdocs\lpske-portal\api\login.php on line 8
[25-Jul-2025 06:27:59 Europe/Berlin] PHP Warning:  Undefined variable $row in C:\xampp\htdocs\lpske-portal\api\login.php on line 9
[25-Jul-2025 06:27:59 Europe/Berlin] PHP Warning:  Trying to access array offset on value of type null in C:\xampp\htdocs\lpske-portal\api\login.php on line 9
[25-Jul-2025 08:37:40 Europe/Berlin] PHP Warning:  Undefined variable $row in C:\xampp\htdocs\lpske-portal\api\login.php on line 7
[25-Jul-2025 08:37:40 Europe/Berlin] PHP Warning:  Trying to access array offset on value of type null in C:\xampp\htdocs\lpske-portal\api\login.php on line 7
[25-Jul-2025 08:37:40 Europe/Berlin] PHP Warning:  Undefined variable $row in C:\xampp\htdocs\lpske-portal\api\login.php on line 8
[25-Jul-2025 08:37:40 Europe/Berlin] PHP Warning:  Trying to access array offset on value of type null in C:\xampp\htdocs\lpske-portal\api\login.php on line 8
[25-Jul-2025 08:37:40 Europe/Berlin] PHP Warning:  Undefined variable $row in C:\xampp\htdocs\lpske-portal\api\login.php on line 9
[25-Jul-2025 08:37:40 Europe/Berlin] PHP Warning:  Trying to access array offset on value of type null in C:\xampp\htdocs\lpske-portal\api\login.php on line 9
[25-Jul-2025 09:18:29 Europe/Berlin] PHP Warning:  Undefined variable $row in C:\xampp\htdocs\lpske-portal\api\login.php on line 7
[25-Jul-2025 09:18:29 Europe/Berlin] PHP Warning:  Trying to access array offset on value of type null in C:\xampp\htdocs\lpske-portal\api\login.php on line 7
[25-Jul-2025 09:18:29 Europe/Berlin] PHP Warning:  Undefined variable $row in C:\xampp\htdocs\lpske-portal\api\login.php on line 8
[25-Jul-2025 09:18:29 Europe/Berlin] PHP Warning:  Trying to access array offset on value of type null in C:\xampp\htdocs\lpske-portal\api\login.php on line 8
[25-Jul-2025 09:18:29 Europe/Berlin] PHP Warning:  Undefined variable $row in C:\xampp\htdocs\lpske-portal\api\login.php on line 9
[25-Jul-2025 09:18:29 Europe/Berlin] PHP Warning:  Trying to access array offset on value of type null in C:\xampp\htdocs\lpske-portal\api\login.php on line 9
[25-Jul-2025 09:19:59 Europe/Berlin] PHP Warning:  Undefined variable $row in C:\xampp\htdocs\lpske-portal\api\login.php on line 7
[25-Jul-2025 09:19:59 Europe/Berlin] PHP Warning:  Trying to access array offset on value of type null in C:\xampp\htdocs\lpske-portal\api\login.php on line 7
[25-Jul-2025 09:19:59 Europe/Berlin] PHP Warning:  Undefined variable $row in C:\xampp\htdocs\lpske-portal\api\login.php on line 8
[25-Jul-2025 09:19:59 Europe/Berlin] PHP Warning:  Trying to access array offset on value of type null in C:\xampp\htdocs\lpske-portal\api\login.php on line 8
[25-Jul-2025 09:19:59 Europe/Berlin] PHP Warning:  Undefined variable $row in C:\xampp\htdocs\lpske-portal\api\login.php on line 9
[25-Jul-2025 09:19:59 Europe/Berlin] PHP Warning:  Trying to access array offset on value of type null in C:\xampp\htdocs\lpske-portal\api\login.php on line 9
[25-Jul-2025 09:21:59 Europe/Berlin] PHP Warning:  Undefined variable $row in C:\xampp\htdocs\lpske-portal\api\login.php on line 7
[25-Jul-2025 09:21:59 Europe/Berlin] PHP Warning:  Trying to access array offset on value of type null in C:\xampp\htdocs\lpske-portal\api\login.php on line 7
[25-Jul-2025 09:21:59 Europe/Berlin] PHP Warning:  Undefined variable $row in C:\xampp\htdocs\lpske-portal\api\login.php on line 8
[25-Jul-2025 09:21:59 Europe/Berlin] PHP Warning:  Trying to access array offset on value of type null in C:\xampp\htdocs\lpske-portal\api\login.php on line 8
[25-Jul-2025 09:21:59 Europe/Berlin] PHP Warning:  Undefined variable $row in C:\xampp\htdocs\lpske-portal\api\login.php on line 9
[25-Jul-2025 09:21:59 Europe/Berlin] PHP Warning:  Trying to access array offset on value of type null in C:\xampp\htdocs\lpske-portal\api\login.php on line 9
[25-Jul-2025 09:24:23 Europe/Berlin] PHP Warning:  Undefined variable $row in C:\xampp\htdocs\lpske-portal\api\login.php on line 7
[25-Jul-2025 09:24:23 Europe/Berlin] PHP Warning:  Trying to access array offset on value of type null in C:\xampp\htdocs\lpske-portal\api\login.php on line 7
[25-Jul-2025 09:24:23 Europe/Berlin] PHP Warning:  Undefined variable $row in C:\xampp\htdocs\lpske-portal\api\login.php on line 8
[25-Jul-2025 09:24:23 Europe/Berlin] PHP Warning:  Trying to access array offset on value of type null in C:\xampp\htdocs\lpske-portal\api\login.php on line 8
[25-Jul-2025 09:24:23 Europe/Berlin] PHP Warning:  Undefined variable $row in C:\xampp\htdocs\lpske-portal\api\login.php on line 9
[25-Jul-2025 09:24:23 Europe/Berlin] PHP Warning:  Trying to access array offset on value of type null in C:\xampp\htdocs\lpske-portal\api\login.php on line 9
[25-Jul-2025 09:24:43 Europe/Berlin] PHP Warning:  Undefined variable $row in C:\xampp\htdocs\lpske-portal\api\login.php on line 7
[25-Jul-2025 09:24:43 Europe/Berlin] PHP Warning:  Trying to access array offset on value of type null in C:\xampp\htdocs\lpske-portal\api\login.php on line 7
[25-Jul-2025 09:24:43 Europe/Berlin] PHP Warning:  Undefined variable $row in C:\xampp\htdocs\lpske-portal\api\login.php on line 8
[25-Jul-2025 09:24:43 Europe/Berlin] PHP Warning:  Trying to access array offset on value of type null in C:\xampp\htdocs\lpske-portal\api\login.php on line 8
[25-Jul-2025 09:24:43 Europe/Berlin] PHP Warning:  Undefined variable $row in C:\xampp\htdocs\lpske-portal\api\login.php on line 9
[25-Jul-2025 09:24:43 Europe/Berlin] PHP Warning:  Trying to access array offset on value of type null in C:\xampp\htdocs\lpske-portal\api\login.php on line 9
[25-Jul-2025 09:25:02 Europe/Berlin] PHP Warning:  Undefined variable $row in C:\xampp\htdocs\lpske-portal\api\login.php on line 7
[25-Jul-2025 09:25:02 Europe/Berlin] PHP Warning:  Trying to access array offset on value of type null in C:\xampp\htdocs\lpske-portal\api\login.php on line 7
[25-Jul-2025 09:25:02 Europe/Berlin] PHP Warning:  Undefined variable $row in C:\xampp\htdocs\lpske-portal\api\login.php on line 8
[25-Jul-2025 09:25:02 Europe/Berlin] PHP Warning:  Trying to access array offset on value of type null in C:\xampp\htdocs\lpske-portal\api\login.php on line 8
[25-Jul-2025 09:25:02 Europe/Berlin] PHP Warning:  Undefined variable $row in C:\xampp\htdocs\lpske-portal\api\login.php on line 9
[25-Jul-2025 09:25:02 Europe/Berlin] PHP Warning:  Trying to access array offset on value of type null in C:\xampp\htdocs\lpske-portal\api\login.php on line 9
[25-Jul-2025 09:25:28 Europe/Berlin] PHP Warning:  Undefined variable $row in C:\xampp\htdocs\lpske-portal\api\login.php on line 7
[25-Jul-2025 09:25:28 Europe/Berlin] PHP Warning:  Trying to access array offset on value of type null in C:\xampp\htdocs\lpske-portal\api\login.php on line 7
[25-Jul-2025 09:25:28 Europe/Berlin] PHP Warning:  Undefined variable $row in C:\xampp\htdocs\lpske-portal\api\login.php on line 8
[25-Jul-2025 09:25:28 Europe/Berlin] PHP Warning:  Trying to access array offset on value of type null in C:\xampp\htdocs\lpske-portal\api\login.php on line 8
[25-Jul-2025 09:25:28 Europe/Berlin] PHP Warning:  Undefined variable $row in C:\xampp\htdocs\lpske-portal\api\login.php on line 9
[25-Jul-2025 09:25:28 Europe/Berlin] PHP Warning:  Trying to access array offset on value of type null in C:\xampp\htdocs\lpske-portal\api\login.php on line 9
[25-Jul-2025 09:26:12 Europe/Berlin] PHP Warning:  Undefined variable $row in C:\xampp\htdocs\lpske-portal\api\login.php on line 7
[25-Jul-2025 09:26:12 Europe/Berlin] PHP Warning:  Trying to access array offset on value of type null in C:\xampp\htdocs\lpske-portal\api\login.php on line 7
[25-Jul-2025 09:26:12 Europe/Berlin] PHP Warning:  Undefined variable $row in C:\xampp\htdocs\lpske-portal\api\login.php on line 8
[25-Jul-2025 09:26:12 Europe/Berlin] PHP Warning:  Trying to access array offset on value of type null in C:\xampp\htdocs\lpske-portal\api\login.php on line 8
[25-Jul-2025 09:26:12 Europe/Berlin] PHP Warning:  Undefined variable $row in C:\xampp\htdocs\lpske-portal\api\login.php on line 9
[25-Jul-2025 09:26:12 Europe/Berlin] PHP Warning:  Trying to access array offset on value of type null in C:\xampp\htdocs\lpske-portal\api\login.php on line 9
[25-Jul-2025 09:26:44 Europe/Berlin] PHP Warning:  Undefined variable $row in C:\xampp\htdocs\lpske-portal\api\login.php on line 7
[25-Jul-2025 09:26:44 Europe/Berlin] PHP Warning:  Trying to access array offset on value of type null in C:\xampp\htdocs\lpske-portal\api\login.php on line 7
[25-Jul-2025 09:26:44 Europe/Berlin] PHP Warning:  Undefined variable $row in C:\xampp\htdocs\lpske-portal\api\login.php on line 8
[25-Jul-2025 09:26:44 Europe/Berlin] PHP Warning:  Trying to access array offset on value of type null in C:\xampp\htdocs\lpske-portal\api\login.php on line 8
[25-Jul-2025 09:26:44 Europe/Berlin] PHP Warning:  Undefined variable $row in C:\xampp\htdocs\lpske-portal\api\login.php on line 9
[25-Jul-2025 09:26:44 Europe/Berlin] PHP Warning:  Trying to access array offset on value of type null in C:\xampp\htdocs\lpske-portal\api\login.php on line 9
[25-Jul-2025 09:26:51 Europe/Berlin] PHP Warning:  Undefined variable $row in C:\xampp\htdocs\lpske-portal\api\login.php on line 7
[25-Jul-2025 09:26:51 Europe/Berlin] PHP Warning:  Trying to access array offset on value of type null in C:\xampp\htdocs\lpske-portal\api\login.php on line 7
[25-Jul-2025 09:26:51 Europe/Berlin] PHP Warning:  Undefined variable $row in C:\xampp\htdocs\lpske-portal\api\login.php on line 8
[25-Jul-2025 09:26:51 Europe/Berlin] PHP Warning:  Trying to access array offset on value of type null in C:\xampp\htdocs\lpske-portal\api\login.php on line 8
[25-Jul-2025 09:26:51 Europe/Berlin] PHP Warning:  Undefined variable $row in C:\xampp\htdocs\lpske-portal\api\login.php on line 9
[25-Jul-2025 09:26:51 Europe/Berlin] PHP Warning:  Trying to access array offset on value of type null in C:\xampp\htdocs\lpske-portal\api\login.php on line 9
[25-Jul-2025 09:36:27 Europe/Berlin] PHP Warning:  Undefined variable $row in C:\xampp\htdocs\lpske-portal\api\login.php on line 7
[25-Jul-2025 09:36:27 Europe/Berlin] PHP Warning:  Trying to access array offset on value of type null in C:\xampp\htdocs\lpske-portal\api\login.php on line 7
[25-Jul-2025 09:36:27 Europe/Berlin] PHP Warning:  Undefined variable $row in C:\xampp\htdocs\lpske-portal\api\login.php on line 8
[25-Jul-2025 09:36:27 Europe/Berlin] PHP Warning:  Trying to access array offset on value of type null in C:\xampp\htdocs\lpske-portal\api\login.php on line 8
[25-Jul-2025 09:36:27 Europe/Berlin] PHP Warning:  Undefined variable $row in C:\xampp\htdocs\lpske-portal\api\login.php on line 9
[25-Jul-2025 09:36:27 Europe/Berlin] PHP Warning:  Trying to access array offset on value of type null in C:\xampp\htdocs\lpske-portal\api\login.php on line 9
[25-Jul-2025 09:41:20 Europe/Berlin] PHP Warning:  Undefined variable $row in C:\xampp\htdocs\lpske-portal\api\login.php on line 7
[25-Jul-2025 09:41:20 Europe/Berlin] PHP Warning:  Trying to access array offset on value of type null in C:\xampp\htdocs\lpske-portal\api\login.php on line 7
[25-Jul-2025 09:41:20 Europe/Berlin] PHP Warning:  Undefined variable $row in C:\xampp\htdocs\lpske-portal\api\login.php on line 8
[25-Jul-2025 09:41:20 Europe/Berlin] PHP Warning:  Trying to access array offset on value of type null in C:\xampp\htdocs\lpske-portal\api\login.php on line 8
[25-Jul-2025 09:41:20 Europe/Berlin] PHP Warning:  Undefined variable $row in C:\xampp\htdocs\lpske-portal\api\login.php on line 9
[25-Jul-2025 09:41:20 Europe/Berlin] PHP Warning:  Trying to access array offset on value of type null in C:\xampp\htdocs\lpske-portal\api\login.php on line 9
[25-Jul-2025 09:42:01 Europe/Berlin] PHP Warning:  Undefined variable $row in C:\xampp\htdocs\lpske-portal\api\login.php on line 7
[25-Jul-2025 09:42:01 Europe/Berlin] PHP Warning:  Trying to access array offset on value of type null in C:\xampp\htdocs\lpske-portal\api\login.php on line 7
[25-Jul-2025 09:42:01 Europe/Berlin] PHP Warning:  Undefined variable $row in C:\xampp\htdocs\lpske-portal\api\login.php on line 8
[25-Jul-2025 09:42:01 Europe/Berlin] PHP Warning:  Trying to access array offset on value of type null in C:\xampp\htdocs\lpske-portal\api\login.php on line 8
[25-Jul-2025 09:42:01 Europe/Berlin] PHP Warning:  Undefined variable $row in C:\xampp\htdocs\lpske-portal\api\login.php on line 9
[25-Jul-2025 09:42:01 Europe/Berlin] PHP Warning:  Trying to access array offset on value of type null in C:\xampp\htdocs\lpske-portal\api\login.php on line 9
[27-Jul-2025 18:32:05 Europe/Berlin] PHP Warning:  Undefined variable $row in C:\xampp\htdocs\lpske-portal\api\login.php on line 7
[27-Jul-2025 18:32:05 Europe/Berlin] PHP Warning:  Trying to access array offset on value of type null in C:\xampp\htdocs\lpske-portal\api\login.php on line 7
[27-Jul-2025 18:32:05 Europe/Berlin] PHP Warning:  Undefined variable $row in C:\xampp\htdocs\lpske-portal\api\login.php on line 8
[27-Jul-2025 18:32:05 Europe/Berlin] PHP Warning:  Trying to access array offset on value of type null in C:\xampp\htdocs\lpske-portal\api\login.php on line 8
[27-Jul-2025 18:32:05 Europe/Berlin] PHP Warning:  Undefined variable $row in C:\xampp\htdocs\lpske-portal\api\login.php on line 9
[27-Jul-2025 18:32:05 Europe/Berlin] PHP Warning:  Trying to access array offset on value of type null in C:\xampp\htdocs\lpske-portal\api\login.php on line 9
[27-Jul-2025 18:46:46 Europe/Berlin] PHP Warning:  Undefined variable $row in C:\xampp\htdocs\lpske-portal\api\login.php on line 7
[27-Jul-2025 18:46:46 Europe/Berlin] PHP Warning:  Trying to access array offset on value of type null in C:\xampp\htdocs\lpske-portal\api\login.php on line 7
[27-Jul-2025 18:46:46 Europe/Berlin] PHP Warning:  Undefined variable $row in C:\xampp\htdocs\lpske-portal\api\login.php on line 8
[27-Jul-2025 18:46:46 Europe/Berlin] PHP Warning:  Trying to access array offset on value of type null in C:\xampp\htdocs\lpske-portal\api\login.php on line 8
[27-Jul-2025 18:46:46 Europe/Berlin] PHP Warning:  Undefined variable $row in C:\xampp\htdocs\lpske-portal\api\login.php on line 9
[27-Jul-2025 18:46:46 Europe/Berlin] PHP Warning:  Trying to access array offset on value of type null in C:\xampp\htdocs\lpske-portal\api\login.php on line 9
[27-Jul-2025 18:46:51 Europe/Berlin] PHP Warning:  Undefined variable $row in C:\xampp\htdocs\lpske-portal\api\login.php on line 7
[27-Jul-2025 18:46:51 Europe/Berlin] PHP Warning:  Trying to access array offset on value of type null in C:\xampp\htdocs\lpske-portal\api\login.php on line 7
[27-Jul-2025 18:46:51 Europe/Berlin] PHP Warning:  Undefined variable $row in C:\xampp\htdocs\lpske-portal\api\login.php on line 8
[27-Jul-2025 18:46:51 Europe/Berlin] PHP Warning:  Trying to access array offset on value of type null in C:\xampp\htdocs\lpske-portal\api\login.php on line 8
[27-Jul-2025 18:46:51 Europe/Berlin] PHP Warning:  Undefined variable $row in C:\xampp\htdocs\lpske-portal\api\login.php on line 9
[27-Jul-2025 18:46:51 Europe/Berlin] PHP Warning:  Trying to access array offset on value of type null in C:\xampp\htdocs\lpske-portal\api\login.php on line 9
[27-Jul-2025 18:55:00 Europe/Berlin] PHP Warning:  Undefined variable $row in C:\xampp\htdocs\lpske-portal\api\login.php on line 7
[27-Jul-2025 18:55:00 Europe/Berlin] PHP Warning:  Trying to access array offset on value of type null in C:\xampp\htdocs\lpske-portal\api\login.php on line 7
[27-Jul-2025 18:55:00 Europe/Berlin] PHP Warning:  Undefined variable $row in C:\xampp\htdocs\lpske-portal\api\login.php on line 8
[27-Jul-2025 18:55:00 Europe/Berlin] PHP Warning:  Trying to access array offset on value of type null in C:\xampp\htdocs\lpske-portal\api\login.php on line 8
[27-Jul-2025 18:55:00 Europe/Berlin] PHP Warning:  Undefined variable $row in C:\xampp\htdocs\lpske-portal\api\login.php on line 9
[27-Jul-2025 18:55:00 Europe/Berlin] PHP Warning:  Trying to access array offset on value of type null in C:\xampp\htdocs\lpske-portal\api\login.php on line 9
[27-Jul-2025 18:55:21 Europe/Berlin] PHP Warning:  Undefined variable $row in C:\xampp\htdocs\lpske-portal\api\login.php on line 7
[27-Jul-2025 18:55:21 Europe/Berlin] PHP Warning:  Trying to access array offset on value of type null in C:\xampp\htdocs\lpske-portal\api\login.php on line 7
[27-Jul-2025 18:55:21 Europe/Berlin] PHP Warning:  Undefined variable $row in C:\xampp\htdocs\lpske-portal\api\login.php on line 8
[27-Jul-2025 18:55:21 Europe/Berlin] PHP Warning:  Trying to access array offset on value of type null in C:\xampp\htdocs\lpske-portal\api\login.php on line 8
[27-Jul-2025 18:55:21 Europe/Berlin] PHP Warning:  Undefined variable $row in C:\xampp\htdocs\lpske-portal\api\login.php on line 9
[27-Jul-2025 18:55:21 Europe/Berlin] PHP Warning:  Trying to access array offset on value of type null in C:\xampp\htdocs\lpske-portal\api\login.php on line 9
[27-Jul-2025 18:59:39 Europe/Berlin] PHP Warning:  Undefined variable $row in C:\xampp\htdocs\lpske-portal\api\login.php on line 7
[27-Jul-2025 18:59:39 Europe/Berlin] PHP Warning:  Trying to access array offset on value of type null in C:\xampp\htdocs\lpske-portal\api\login.php on line 7
[27-Jul-2025 18:59:39 Europe/Berlin] PHP Warning:  Undefined variable $row in C:\xampp\htdocs\lpske-portal\api\login.php on line 8
[27-Jul-2025 18:59:39 Europe/Berlin] PHP Warning:  Trying to access array offset on value of type null in C:\xampp\htdocs\lpske-portal\api\login.php on line 8
[27-Jul-2025 18:59:39 Europe/Berlin] PHP Warning:  Undefined variable $row in C:\xampp\htdocs\lpske-portal\api\login.php on line 9
[27-Jul-2025 18:59:39 Europe/Berlin] PHP Warning:  Trying to access array offset on value of type null in C:\xampp\htdocs\lpske-portal\api\login.php on line 9
[28-Jul-2025 05:57:39 Europe/Berlin] PHP Warning:  Undefined variable $row in C:\xampp\htdocs\lpske-portal\api\login.php on line 7
[28-Jul-2025 05:57:39 Europe/Berlin] PHP Warning:  Trying to access array offset on value of type null in C:\xampp\htdocs\lpske-portal\api\login.php on line 7
[28-Jul-2025 05:57:39 Europe/Berlin] PHP Warning:  Undefined variable $row in C:\xampp\htdocs\lpske-portal\api\login.php on line 8
[28-Jul-2025 05:57:39 Europe/Berlin] PHP Warning:  Trying to access array offset on value of type null in C:\xampp\htdocs\lpske-portal\api\login.php on line 8
[28-Jul-2025 05:57:40 Europe/Berlin] PHP Warning:  Undefined variable $row in C:\xampp\htdocs\lpske-portal\api\login.php on line 9
[28-Jul-2025 05:57:40 Europe/Berlin] PHP Warning:  Trying to access array offset on value of type null in C:\xampp\htdocs\lpske-portal\api\login.php on line 9
[28-Jul-2025 09:04:25 Europe/Berlin] PHP Warning:  Undefined variable $row in C:\xampp\htdocs\lpske-portal\api\login.php on line 7
[28-Jul-2025 09:04:25 Europe/Berlin] PHP Warning:  Trying to access array offset on value of type null in C:\xampp\htdocs\lpske-portal\api\login.php on line 7
[28-Jul-2025 09:04:25 Europe/Berlin] PHP Warning:  Undefined variable $row in C:\xampp\htdocs\lpske-portal\api\login.php on line 8
[28-Jul-2025 09:04:25 Europe/Berlin] PHP Warning:  Trying to access array offset on value of type null in C:\xampp\htdocs\lpske-portal\api\login.php on line 8
[28-Jul-2025 09:04:25 Europe/Berlin] PHP Warning:  Undefined variable $row in C:\xampp\htdocs\lpske-portal\api\login.php on line 9
[28-Jul-2025 09:04:25 Europe/Berlin] PHP Warning:  Trying to access array offset on value of type null in C:\xampp\htdocs\lpske-portal\api\login.php on line 9
[28-Jul-2025 09:04:51 Europe/Berlin] PHP Warning:  Undefined variable $row in C:\xampp\htdocs\lpske-portal\api\login.php on line 7
[28-Jul-2025 09:04:51 Europe/Berlin] PHP Warning:  Trying to access array offset on value of type null in C:\xampp\htdocs\lpske-portal\api\login.php on line 7
[28-Jul-2025 09:04:51 Europe/Berlin] PHP Warning:  Undefined variable $row in C:\xampp\htdocs\lpske-portal\api\login.php on line 8
[28-Jul-2025 09:04:51 Europe/Berlin] PHP Warning:  Trying to access array offset on value of type null in C:\xampp\htdocs\lpske-portal\api\login.php on line 8
[28-Jul-2025 09:04:51 Europe/Berlin] PHP Warning:  Undefined variable $row in C:\xampp\htdocs\lpske-portal\api\login.php on line 9
[28-Jul-2025 09:04:51 Europe/Berlin] PHP Warning:  Trying to access array offset on value of type null in C:\xampp\htdocs\lpske-portal\api\login.php on line 9
[28-Jul-2025 09:16:10 Europe/Berlin] PHP Warning:  Undefined variable $row in C:\xampp\htdocs\lpske-portal\api\login.php on line 7
[28-Jul-2025 09:16:10 Europe/Berlin] PHP Warning:  Trying to access array offset on value of type null in C:\xampp\htdocs\lpske-portal\api\login.php on line 7
[28-Jul-2025 09:16:10 Europe/Berlin] PHP Warning:  Undefined variable $row in C:\xampp\htdocs\lpske-portal\api\login.php on line 8
[28-Jul-2025 09:16:10 Europe/Berlin] PHP Warning:  Trying to access array offset on value of type null in C:\xampp\htdocs\lpske-portal\api\login.php on line 8
[28-Jul-2025 09:16:10 Europe/Berlin] PHP Warning:  Undefined variable $row in C:\xampp\htdocs\lpske-portal\api\login.php on line 9
[28-Jul-2025 09:16:10 Europe/Berlin] PHP Warning:  Trying to access array offset on value of type null in C:\xampp\htdocs\lpske-portal\api\login.php on line 9
[28-Jul-2025 09:17:38 Europe/Berlin] PHP Warning:  Undefined variable $row in C:\xampp\htdocs\lpske-portal\api\login.php on line 7
[28-Jul-2025 09:17:38 Europe/Berlin] PHP Warning:  Trying to access array offset on value of type null in C:\xampp\htdocs\lpske-portal\api\login.php on line 7
[28-Jul-2025 09:17:38 Europe/Berlin] PHP Warning:  Undefined variable $row in C:\xampp\htdocs\lpske-portal\api\login.php on line 8
[28-Jul-2025 09:17:38 Europe/Berlin] PHP Warning:  Trying to access array offset on value of type null in C:\xampp\htdocs\lpske-portal\api\login.php on line 8
[28-Jul-2025 09:17:38 Europe/Berlin] PHP Warning:  Undefined variable $row in C:\xampp\htdocs\lpske-portal\api\login.php on line 9
[28-Jul-2025 09:17:38 Europe/Berlin] PHP Warning:  Trying to access array offset on value of type null in C:\xampp\htdocs\lpske-portal\api\login.php on line 9
[28-Jul-2025 14:04:40 Europe/Berlin] PHP Warning:  Undefined variable $row in C:\xampp\htdocs\lpske-portal\api\login.php on line 7
[28-Jul-2025 14:04:40 Europe/Berlin] PHP Warning:  Trying to access array offset on value of type null in C:\xampp\htdocs\lpske-portal\api\login.php on line 7
[28-Jul-2025 14:04:40 Europe/Berlin] PHP Warning:  Undefined variable $row in C:\xampp\htdocs\lpske-portal\api\login.php on line 8
[28-Jul-2025 14:04:40 Europe/Berlin] PHP Warning:  Trying to access array offset on value of type null in C:\xampp\htdocs\lpske-portal\api\login.php on line 8
[28-Jul-2025 14:04:40 Europe/Berlin] PHP Warning:  Undefined variable $row in C:\xampp\htdocs\lpske-portal\api\login.php on line 9
[28-Jul-2025 14:04:40 Europe/Berlin] PHP Warning:  Trying to access array offset on value of type null in C:\xampp\htdocs\lpske-portal\api\login.php on line 9
[29-Jul-2025 08:17:06 Europe/Berlin] PHP Warning:  Undefined variable $row in C:\xampp\htdocs\lpske-portal\api\login.php on line 7
[29-Jul-2025 08:17:06 Europe/Berlin] PHP Warning:  Trying to access array offset on value of type null in C:\xampp\htdocs\lpske-portal\api\login.php on line 7
[29-Jul-2025 08:17:06 Europe/Berlin] PHP Warning:  Undefined variable $row in C:\xampp\htdocs\lpske-portal\api\login.php on line 8
[29-Jul-2025 08:17:06 Europe/Berlin] PHP Warning:  Trying to access array offset on value of type null in C:\xampp\htdocs\lpske-portal\api\login.php on line 8
[29-Jul-2025 08:17:06 Europe/Berlin] PHP Warning:  Undefined variable $row in C:\xampp\htdocs\lpske-portal\api\login.php on line 9
[29-Jul-2025 08:17:06 Europe/Berlin] PHP Warning:  Trying to access array offset on value of type null in C:\xampp\htdocs\lpske-portal\api\login.php on line 9
[29-Jul-2025 08:42:57 Europe/Berlin] PHP Warning:  Undefined variable $row in C:\xampp\htdocs\lpske-portal\api\login.php on line 7
[29-Jul-2025 08:42:57 Europe/Berlin] PHP Warning:  Trying to access array offset on value of type null in C:\xampp\htdocs\lpske-portal\api\login.php on line 7
[29-Jul-2025 08:42:57 Europe/Berlin] PHP Warning:  Undefined variable $row in C:\xampp\htdocs\lpske-portal\api\login.php on line 8
[29-Jul-2025 08:42:57 Europe/Berlin] PHP Warning:  Trying to access array offset on value of type null in C:\xampp\htdocs\lpske-portal\api\login.php on line 8
[29-Jul-2025 08:42:57 Europe/Berlin] PHP Warning:  Undefined variable $row in C:\xampp\htdocs\lpske-portal\api\login.php on line 9
[29-Jul-2025 08:42:57 Europe/Berlin] PHP Warning:  Trying to access array offset on value of type null in C:\xampp\htdocs\lpske-portal\api\login.php on line 9
[29-Jul-2025 09:36:17 Europe/Berlin] PHP Warning:  Undefined variable $row in C:\xampp\htdocs\lpske-portal\api\login.php on line 7
[29-Jul-2025 09:36:17 Europe/Berlin] PHP Warning:  Trying to access array offset on value of type null in C:\xampp\htdocs\lpske-portal\api\login.php on line 7
[29-Jul-2025 09:36:17 Europe/Berlin] PHP Warning:  Undefined variable $row in C:\xampp\htdocs\lpske-portal\api\login.php on line 8
[29-Jul-2025 09:36:17 Europe/Berlin] PHP Warning:  Trying to access array offset on value of type null in C:\xampp\htdocs\lpske-portal\api\login.php on line 8
[29-Jul-2025 09:36:17 Europe/Berlin] PHP Warning:  Undefined variable $row in C:\xampp\htdocs\lpske-portal\api\login.php on line 9
[29-Jul-2025 09:36:17 Europe/Berlin] PHP Warning:  Trying to access array offset on value of type null in C:\xampp\htdocs\lpske-portal\api\login.php on line 9
[29-Jul-2025 09:36:37 Europe/Berlin] PHP Warning:  Undefined variable $row in C:\xampp\htdocs\lpske-portal\api\login.php on line 7
[29-Jul-2025 09:36:37 Europe/Berlin] PHP Warning:  Trying to access array offset on value of type null in C:\xampp\htdocs\lpske-portal\api\login.php on line 7
[29-Jul-2025 09:36:37 Europe/Berlin] PHP Warning:  Undefined variable $row in C:\xampp\htdocs\lpske-portal\api\login.php on line 8
[29-Jul-2025 09:36:37 Europe/Berlin] PHP Warning:  Trying to access array offset on value of type null in C:\xampp\htdocs\lpske-portal\api\login.php on line 8
[29-Jul-2025 09:36:37 Europe/Berlin] PHP Warning:  Undefined variable $row in C:\xampp\htdocs\lpske-portal\api\login.php on line 9
[29-Jul-2025 09:36:37 Europe/Berlin] PHP Warning:  Trying to access array offset on value of type null in C:\xampp\htdocs\lpske-portal\api\login.php on line 9
[29-Jul-2025 09:37:47 Europe/Berlin] PHP Warning:  Undefined variable $row in C:\xampp\htdocs\lpske-portal\api\login.php on line 7
[29-Jul-2025 09:37:47 Europe/Berlin] PHP Warning:  Trying to access array offset on value of type null in C:\xampp\htdocs\lpske-portal\api\login.php on line 7
[29-Jul-2025 09:37:47 Europe/Berlin] PHP Warning:  Undefined variable $row in C:\xampp\htdocs\lpske-portal\api\login.php on line 8
[29-Jul-2025 09:37:47 Europe/Berlin] PHP Warning:  Trying to access array offset on value of type null in C:\xampp\htdocs\lpske-portal\api\login.php on line 8
[29-Jul-2025 09:37:47 Europe/Berlin] PHP Warning:  Undefined variable $row in C:\xampp\htdocs\lpske-portal\api\login.php on line 9
[29-Jul-2025 09:37:47 Europe/Berlin] PHP Warning:  Trying to access array offset on value of type null in C:\xampp\htdocs\lpske-portal\api\login.php on line 9
[29-Jul-2025 09:38:42 Europe/Berlin] PHP Warning:  Undefined variable $row in C:\xampp\htdocs\lpske-portal\api\login.php on line 7
[29-Jul-2025 09:38:42 Europe/Berlin] PHP Warning:  Trying to access array offset on value of type null in C:\xampp\htdocs\lpske-portal\api\login.php on line 7
[29-Jul-2025 09:38:42 Europe/Berlin] PHP Warning:  Undefined variable $row in C:\xampp\htdocs\lpske-portal\api\login.php on line 8
[29-Jul-2025 09:38:42 Europe/Berlin] PHP Warning:  Trying to access array offset on value of type null in C:\xampp\htdocs\lpske-portal\api\login.php on line 8
[29-Jul-2025 09:38:42 Europe/Berlin] PHP Warning:  Undefined variable $row in C:\xampp\htdocs\lpske-portal\api\login.php on line 9
[29-Jul-2025 09:38:42 Europe/Berlin] PHP Warning:  Trying to access array offset on value of type null in C:\xampp\htdocs\lpske-portal\api\login.php on line 9
[31-Jul-2025 05:35:51 Europe/Berlin] PHP Warning:  Undefined variable $row in C:\xampp\htdocs\LSTARS1\lpske-portal\api\login.php on line 7
[31-Jul-2025 05:35:51 Europe/Berlin] PHP Warning:  Trying to access array offset on value of type null in C:\xampp\htdocs\LSTARS1\lpske-portal\api\login.php on line 7
[31-Jul-2025 05:35:51 Europe/Berlin] PHP Warning:  Undefined variable $row in C:\xampp\htdocs\LSTARS1\lpske-portal\api\login.php on line 8
[31-Jul-2025 05:35:51 Europe/Berlin] PHP Warning:  Trying to access array offset on value of type null in C:\xampp\htdocs\LSTARS1\lpske-portal\api\login.php on line 8
[31-Jul-2025 05:35:51 Europe/Berlin] PHP Warning:  Undefined variable $row in C:\xampp\htdocs\LSTARS1\lpske-portal\api\login.php on line 9
[31-Jul-2025 05:35:51 Europe/Berlin] PHP Warning:  Trying to access array offset on value of type null in C:\xampp\htdocs\LSTARS1\lpske-portal\api\login.php on line 9
[31-Jul-2025 05:35:51 Europe/Berlin] Login error: Unknown column 'aksi' in 'field list'
[31-Jul-2025 05:36:51 Europe/Berlin] PHP Warning:  Undefined variable $row in C:\xampp\htdocs\LSTARS1\lpske-portal\api\login.php on line 7
[31-Jul-2025 05:36:51 Europe/Berlin] PHP Warning:  Trying to access array offset on value of type null in C:\xampp\htdocs\LSTARS1\lpske-portal\api\login.php on line 7
[31-Jul-2025 05:36:51 Europe/Berlin] PHP Warning:  Undefined variable $row in C:\xampp\htdocs\LSTARS1\lpske-portal\api\login.php on line 8
[31-Jul-2025 05:36:51 Europe/Berlin] PHP Warning:  Trying to access array offset on value of type null in C:\xampp\htdocs\LSTARS1\lpske-portal\api\login.php on line 8
[31-Jul-2025 05:36:51 Europe/Berlin] PHP Warning:  Undefined variable $row in C:\xampp\htdocs\LSTARS1\lpske-portal\api\login.php on line 9
[31-Jul-2025 05:36:51 Europe/Berlin] PHP Warning:  Trying to access array offset on value of type null in C:\xampp\htdocs\LSTARS1\lpske-portal\api\login.php on line 9
[31-Jul-2025 05:36:51 Europe/Berlin] Login error: Unknown column 'aksi' in 'field list'
[31-Jul-2025 05:39:49 Europe/Berlin] PHP Warning:  Undefined variable $row in C:\xampp\htdocs\LSTARS1\lpske-portal\api\login.php on line 7
[31-Jul-2025 05:39:49 Europe/Berlin] PHP Warning:  Trying to access array offset on value of type null in C:\xampp\htdocs\LSTARS1\lpske-portal\api\login.php on line 7
[31-Jul-2025 05:39:49 Europe/Berlin] PHP Warning:  Undefined variable $row in C:\xampp\htdocs\LSTARS1\lpske-portal\api\login.php on line 8
[31-Jul-2025 05:39:49 Europe/Berlin] PHP Warning:  Trying to access array offset on value of type null in C:\xampp\htdocs\LSTARS1\lpske-portal\api\login.php on line 8
[31-Jul-2025 05:39:49 Europe/Berlin] PHP Warning:  Undefined variable $row in C:\xampp\htdocs\LSTARS1\lpske-portal\api\login.php on line 9
[31-Jul-2025 05:39:49 Europe/Berlin] PHP Warning:  Trying to access array offset on value of type null in C:\xampp\htdocs\LSTARS1\lpske-portal\api\login.php on line 9
[31-Jul-2025 05:39:49 Europe/Berlin] Login error: Unknown column 'aksi' in 'field list'
[31-Jul-2025 05:41:38 Europe/Berlin] Log aktivitas error: Unknown column 'aksi' in 'field list'
[31-Jul-2025 06:05:53 Europe/Berlin] Login error: Unknown column 'status' in 'field list'
[31-Jul-2025 06:06:39 Europe/Berlin] Login error: Unknown column 'status' in 'field list'
[31-Jul-2025 06:21:51 Europe/Berlin] Development mode: Skipping reCAPTCHA verification
[31-Jul-2025 06:21:51 Europe/Berlin] Log aktivitas error: Unknown column 'aksi' in 'field list'
[31-Jul-2025 06:22:08 Europe/Berlin] Development mode: Skipping reCAPTCHA verification
[31-Jul-2025 06:22:08 Europe/Berlin] Log aktivitas error: Unknown column 'aksi' in 'field list'
[31-Jul-2025 06:23:09 Europe/Berlin] Development mode: Skipping reCAPTCHA verification
[31-Jul-2025 06:23:09 Europe/Berlin] Log aktivitas error: Unknown column 'aksi' in 'field list'
[31-Jul-2025 06:44:03 Europe/Berlin] Development mode: Skipping reCAPTCHA verification
[31-Jul-2025 06:44:03 Europe/Berlin] Log aktivitas error: Unknown column 'aksi' in 'field list'
[31-Jul-2025 06:45:57 Europe/Berlin] Development mode: Skipping reCAPTCHA verification
[31-Jul-2025 06:46:11 Europe/Berlin] Development mode: Skipping reCAPTCHA verification
[31-Jul-2025 08:58:44 Europe/Berlin] Development mode: Skipping reCAPTCHA verification
[31-Jul-2025 08:58:44 Europe/Berlin] Log aktivitas error: Unknown column 'aksi' in 'field list'
[01-Aug-2025 04:07:37 Europe/Berlin] Development mode: Skipping reCAPTCHA verification
[01-Aug-2025 04:07:37 Europe/Berlin] Log aktivitas error: Unknown column 'aksi' in 'field list'
[01-Aug-2025 04:47:43 Europe/Berlin] Database connection error: Unknown database 'lstars-pkl'
[01-Aug-2025 04:47:58 Europe/Berlin] Database connection error: Unknown database 'lstars-pkl'
[01-Aug-2025 04:49:23 Europe/Berlin] Database connection error: Unknown database 'lstars-pkl'
[01-Aug-2025 04:49:55 Europe/Berlin] Database connection error: Unknown database 'lstars-pkl'
[01-Aug-2025 04:51:12 Europe/Berlin] Database connection error: Unknown database 'lstars-pkl'
[01-Aug-2025 04:55:58 Europe/Berlin] Database connection error: Unknown database 'lstars-pkl'
[01-Aug-2025 04:56:30 Europe/Berlin] Development mode: Skipping reCAPTCHA verification
[01-Aug-2025 04:56:30 Europe/Berlin] Log aktivitas error: Unknown column 'aksi' in 'field list'
[01-Aug-2025 05:01:07 Europe/Berlin] Development mode: Skipping reCAPTCHA verification
[01-Aug-2025 05:01:07 Europe/Berlin] Log aktivitas error: Unknown column 'aksi' in 'field list'
[01-Aug-2025 05:02:33 Europe/Berlin] Development mode: Skipping reCAPTCHA verification
[01-Aug-2025 05:02:33 Europe/Berlin] Log aktivitas error: Unknown column 'aksi' in 'field list'
[01-Aug-2025 05:03:57 Europe/Berlin] Development mode: Skipping reCAPTCHA verification
[01-Aug-2025 05:04:21 Europe/Berlin] Development mode: Skipping reCAPTCHA verification
[01-Aug-2025 05:06:27 Europe/Berlin] Development mode: Skipping reCAPTCHA verification
[01-Aug-2025 05:06:48 Europe/Berlin] Development mode: Skipping reCAPTCHA verification
[01-Aug-2025 05:06:48 Europe/Berlin] Log aktivitas error: Unknown column 'aksi' in 'field list'
[01-Aug-2025 05:17:23 Europe/Berlin] Development mode: Skipping reCAPTCHA verification
[01-Aug-2025 05:17:23 Europe/Berlin] Log aktivitas error: Unknown column 'aksi' in 'field list'
[01-Aug-2025 05:17:38 Europe/Berlin] Development mode: Skipping reCAPTCHA verification
[01-Aug-2025 05:17:38 Europe/Berlin] Log aktivitas error: Unknown column 'aksi' in 'field list'
[01-Aug-2025 05:26:57 Europe/Berlin] Development mode: Skipping reCAPTCHA verification
[01-Aug-2025 05:26:57 Europe/Berlin] Log aktivitas error: Unknown column 'aksi' in 'field list'
[01-Aug-2025 05:46:43 Europe/Berlin] Development mode: Skipping reCAPTCHA verification
[01-Aug-2025 05:46:43 Europe/Berlin] Log aktivitas error: Unknown column 'aksi' in 'field list'
[01-Aug-2025 08:11:49 Europe/Berlin] Development mode: Skipping reCAPTCHA verification
[01-Aug-2025 08:11:49 Europe/Berlin] Log aktivitas error: Unknown column 'aksi' in 'field list'
[01-Aug-2025 08:19:06 Europe/Berlin] Development mode: Skipping reCAPTCHA verification
[01-Aug-2025 08:19:06 Europe/Berlin] Log aktivitas error: Unknown column 'aksi' in 'field list'
[01-Aug-2025 08:23:56 Europe/Berlin] Development mode: Skipping reCAPTCHA verification
[01-Aug-2025 08:23:56 Europe/Berlin] Log aktivitas error: Unknown column 'aksi' in 'field list'
[01-Aug-2025 08:29:28 Europe/Berlin] Development mode: Skipping reCAPTCHA verification
[01-Aug-2025 08:29:28 Europe/Berlin] Log aktivitas error: Unknown column 'aksi' in 'field list'
[02-Aug-2025 05:47:43 Europe/Berlin] Development mode: Skipping reCAPTCHA verification
[02-Aug-2025 05:47:43 Europe/Berlin] Log aktivitas error: Unknown column 'aksi' in 'field list'
[02-Aug-2025 05:51:34 Europe/Berlin] Development mode: Skipping reCAPTCHA verification
[02-Aug-2025 05:51:34 Europe/Berlin] Log aktivitas error: Unknown column 'aksi' in 'field list'
[04-Aug-2025 04:30:57 Europe/Berlin] Development mode: Skipping reCAPTCHA verification
[04-Aug-2025 04:30:57 Europe/Berlin] Log aktivitas error: Unknown column 'aksi' in 'field list'
[04-Aug-2025 05:23:08 Europe/Berlin] Development mode: Skipping reCAPTCHA verification
[04-Aug-2025 05:23:08 Europe/Berlin] Log aktivitas error: Unknown column 'aksi' in 'field list'
[04-Aug-2025 05:42:50 Europe/Berlin] Development mode: Skipping reCAPTCHA verification
[04-Aug-2025 05:42:50 Europe/Berlin] Log aktivitas error: Unknown column 'aksi' in 'field list'
[04-Aug-2025 05:45:01 Europe/Berlin] Development mode: Skipping reCAPTCHA verification
[04-Aug-2025 05:45:01 Europe/Berlin] Log aktivitas error: Unknown column 'aksi' in 'field list'
[04-Aug-2025 05:59:02 Europe/Berlin] Development mode: Skipping reCAPTCHA verification
[04-Aug-2025 05:59:02 Europe/Berlin] Log aktivitas error: Unknown column 'aksi' in 'field list'
[04-Aug-2025 06:10:50 Europe/Berlin] Development mode: Skipping reCAPTCHA verification
[04-Aug-2025 06:10:50 Europe/Berlin] Log aktivitas error: Unknown column 'aksi' in 'field list'
[04-Aug-2025 06:14:46 Europe/Berlin] Development mode: Skipping reCAPTCHA verification
[04-Aug-2025 06:14:46 Europe/Berlin] Log aktivitas error: Unknown column 'aksi' in 'field list'
[04-Aug-2025 06:29:46 Europe/Berlin] Development mode: Skipping reCAPTCHA verification
[04-Aug-2025 06:29:46 Europe/Berlin] Log aktivitas error: Unknown column 'aksi' in 'field list'
[04-Aug-2025 06:34:38 Europe/Berlin] Development mode: Skipping reCAPTCHA verification
[04-Aug-2025 06:34:38 Europe/Berlin] Log aktivitas error: Unknown column 'aksi' in 'field list'
[04-Aug-2025 06:35:04 Europe/Berlin] Development mode: Skipping reCAPTCHA verification
[04-Aug-2025 06:35:04 Europe/Berlin] Log aktivitas error: Unknown column 'aksi' in 'field list'
[04-Aug-2025 06:35:21 Europe/Berlin] Development mode: Skipping reCAPTCHA verification
[04-Aug-2025 06:35:21 Europe/Berlin] Log aktivitas error: Unknown column 'aksi' in 'field list'
[04-Aug-2025 06:43:43 Europe/Berlin] Development mode: Skipping reCAPTCHA verification
[04-Aug-2025 06:43:43 Europe/Berlin] Log aktivitas error: Unknown column 'aksi' in 'field list'
[04-Aug-2025 06:56:12 Europe/Berlin] Development mode: Skipping reCAPTCHA verification
[04-Aug-2025 06:56:12 Europe/Berlin] Log aktivitas error: Unknown column 'aksi' in 'field list'
[04-Aug-2025 07:01:04 Europe/Berlin] Development mode: Skipping reCAPTCHA verification
[04-Aug-2025 07:01:04 Europe/Berlin] Log aktivitas error: Unknown column 'aksi' in 'field list'
[04-Aug-2025 07:01:28 Europe/Berlin] Development mode: Skipping reCAPTCHA verification
[04-Aug-2025 07:01:28 Europe/Berlin] Log aktivitas error: Unknown column 'aksi' in 'field list'
[04-Aug-2025 08:19:57 Europe/Berlin] Development mode: Skipping reCAPTCHA verification
[04-Aug-2025 08:19:57 Europe/Berlin] Log aktivitas error: Unknown column 'aksi' in 'field list'
[04-Aug-2025 08:26:57 Europe/Berlin] Development mode: Skipping reCAPTCHA verification
[04-Aug-2025 08:26:57 Europe/Berlin] Log aktivitas error: Unknown column 'aksi' in 'field list'
[04-Aug-2025 08:48:16 Europe/Berlin] Development mode: Skipping reCAPTCHA verification
[04-Aug-2025 08:48:16 Europe/Berlin] Log aktivitas error: Unknown column 'aksi' in 'field list'
[04-Aug-2025 09:02:31 Europe/Berlin] Development mode: Skipping reCAPTCHA verification
[04-Aug-2025 09:02:31 Europe/Berlin] Log aktivitas error: Unknown column 'aksi' in 'field list'
[04-Aug-2025 09:03:31 Europe/Berlin] Development mode: Skipping reCAPTCHA verification
[04-Aug-2025 09:03:31 Europe/Berlin] Log aktivitas error: Unknown column 'aksi' in 'field list'
[04-Aug-2025 09:15:57 Europe/Berlin] Development mode: Skipping reCAPTCHA verification
[04-Aug-2025 09:15:57 Europe/Berlin] Log aktivitas error: Unknown column 'aksi' in 'field list'
[04-Aug-2025 09:21:03 Europe/Berlin] Development mode: Skipping reCAPTCHA verification
[04-Aug-2025 09:21:03 Europe/Berlin] Log aktivitas error: Unknown column 'aksi' in 'field list'
[05-Aug-2025 04:12:03 Europe/Berlin] Development mode: Skipping reCAPTCHA verification
[05-Aug-2025 04:12:03 Europe/Berlin] Log aktivitas error: Unknown column 'aksi' in 'field list'
[05-Aug-2025 04:13:33 Europe/Berlin] Development mode: Skipping reCAPTCHA verification
[05-Aug-2025 04:13:33 Europe/Berlin] Log aktivitas error: Unknown column 'aksi' in 'field list'
[05-Aug-2025 04:16:42 Europe/Berlin] Development mode: Skipping reCAPTCHA verification
[05-Aug-2025 04:16:42 Europe/Berlin] Log aktivitas error: Unknown column 'aksi' in 'field list'
[05-Aug-2025 04:23:13 Europe/Berlin] Development mode: Skipping reCAPTCHA verification
[05-Aug-2025 04:23:13 Europe/Berlin] Log aktivitas error: Unknown column 'aksi' in 'field list'
[05-Aug-2025 04:24:02 Europe/Berlin] Development mode: Skipping reCAPTCHA verification
[05-Aug-2025 04:24:02 Europe/Berlin] Log aktivitas error: Unknown column 'aksi' in 'field list'
[05-Aug-2025 04:25:49 Europe/Berlin] Development mode: Skipping reCAPTCHA verification
[05-Aug-2025 04:25:49 Europe/Berlin] Log aktivitas error: Unknown column 'aksi' in 'field list'
[05-Aug-2025 04:27:25 Europe/Berlin] Development mode: Skipping reCAPTCHA verification
[05-Aug-2025 04:27:25 Europe/Berlin] Log aktivitas error: Unknown column 'aksi' in 'field list'
[05-Aug-2025 04:29:05 Europe/Berlin] Development mode: Skipping reCAPTCHA verification
[05-Aug-2025 04:29:05 Europe/Berlin] Log aktivitas error: Unknown column 'aksi' in 'field list'
[05-Aug-2025 04:47:50 Europe/Berlin] Development mode: Skipping reCAPTCHA verification
[05-Aug-2025 04:47:50 Europe/Berlin] Log aktivitas error: Unknown column 'aksi' in 'field list'
[05-Aug-2025 04:48:16 Europe/Berlin] Development mode: Skipping reCAPTCHA verification
[05-Aug-2025 04:48:16 Europe/Berlin] Log aktivitas error: Unknown column 'aksi' in 'field list'
[05-Aug-2025 05:23:22 Europe/Berlin] Development mode: Skipping reCAPTCHA verification
[05-Aug-2025 05:23:22 Europe/Berlin] Log aktivitas error: Unknown column 'aksi' in 'field list'
[05-Aug-2025 05:24:11 Europe/Berlin] Development mode: Skipping reCAPTCHA verification
[05-Aug-2025 05:24:11 Europe/Berlin] Log aktivitas error: Unknown column 'aksi' in 'field list'
[05-Aug-2025 05:27:52 Europe/Berlin] Development mode: Skipping reCAPTCHA verification
[05-Aug-2025 05:27:52 Europe/Berlin] Log aktivitas error: Unknown column 'aksi' in 'field list'
[05-Aug-2025 05:33:02 Europe/Berlin] Development mode: Skipping reCAPTCHA verification
[05-Aug-2025 05:33:02 Europe/Berlin] Log aktivitas error: Unknown column 'aksi' in 'field list'
[05-Aug-2025 06:07:54 Europe/Berlin] Development mode: Skipping reCAPTCHA verification
[05-Aug-2025 06:07:54 Europe/Berlin] Log aktivitas error: Unknown column 'aksi' in 'field list'
[05-Aug-2025 06:30:59 Europe/Berlin] Development mode: Skipping reCAPTCHA verification
[05-Aug-2025 06:30:59 Europe/Berlin] Log aktivitas error: Unknown column 'aksi' in 'field list'
[05-Aug-2025 08:18:38 Europe/Berlin] Development mode: Skipping reCAPTCHA verification
[05-Aug-2025 08:18:38 Europe/Berlin] Log aktivitas error: Unknown column 'aksi' in 'field list'
[05-Aug-2025 08:19:52 Europe/Berlin] Development mode: Skipping reCAPTCHA verification
[05-Aug-2025 08:19:52 Europe/Berlin] Log aktivitas error: Unknown column 'aksi' in 'field list'
[05-Aug-2025 08:38:13 Europe/Berlin] Development mode: Skipping reCAPTCHA verification
[05-Aug-2025 08:38:13 Europe/Berlin] Log aktivitas error: Unknown column 'aksi' in 'field list'
[05-Aug-2025 08:49:32 Europe/Berlin] Development mode: Skipping reCAPTCHA verification
[05-Aug-2025 08:49:32 Europe/Berlin] Log aktivitas error: Unknown column 'aksi' in 'field list'
[05-Aug-2025 08:50:07 Europe/Berlin] Development mode: Skipping reCAPTCHA verification
[05-Aug-2025 08:50:07 Europe/Berlin] Log aktivitas error: Unknown column 'aksi' in 'field list'
[05-Aug-2025 08:58:48 Europe/Berlin] Development mode: Skipping reCAPTCHA verification
[05-Aug-2025 08:58:48 Europe/Berlin] Log aktivitas error: Unknown column 'aksi' in 'field list'
[05-Aug-2025 09:08:17 Europe/Berlin] Development mode: Skipping reCAPTCHA verification
[05-Aug-2025 09:08:17 Europe/Berlin] Log aktivitas error: Unknown column 'aksi' in 'field list'
[06-Aug-2025 04:01:44 Europe/Berlin] Development mode: Skipping reCAPTCHA verification
[06-Aug-2025 04:01:44 Europe/Berlin] Log aktivitas error: Unknown column 'aksi' in 'field list'
[06-Aug-2025 05:10:25 Europe/Berlin] Development mode: Skipping reCAPTCHA verification
[06-Aug-2025 05:10:25 Europe/Berlin] Log aktivitas error: Unknown column 'aksi' in 'field list'
[06-Aug-2025 05:21:26 Europe/Berlin] Development mode: Skipping reCAPTCHA verification
[06-Aug-2025 05:21:26 Europe/Berlin] Log aktivitas error: Unknown column 'aksi' in 'field list'
[06-Aug-2025 05:25:05 Europe/Berlin] Development mode: Skipping reCAPTCHA verification
[06-Aug-2025 05:25:05 Europe/Berlin] Log aktivitas error: Unknown column 'aksi' in 'field list'
[06-Aug-2025 05:30:42 Europe/Berlin] Development mode: Skipping reCAPTCHA verification
[06-Aug-2025 05:30:42 Europe/Berlin] Log aktivitas error: Unknown column 'aksi' in 'field list'
[06-Aug-2025 05:38:33 Europe/Berlin] Development mode: Skipping reCAPTCHA verification
[06-Aug-2025 05:38:33 Europe/Berlin] Log aktivitas error: Unknown column 'aksi' in 'field list'
[11-Aug-2025 06:19:58 Europe/Berlin] Development mode: Skipping reCAPTCHA verification
[11-Aug-2025 06:19:58 Europe/Berlin] Log aktivitas error: Unknown column 'aksi' in 'field list'
[11-Aug-2025 07:22:26 Europe/Berlin] Development mode: Skipping reCAPTCHA verification
[11-Aug-2025 07:22:26 Europe/Berlin] Log aktivitas error: Unknown column 'aksi' in 'field list'
[11-Aug-2025 08:58:44 Europe/Berlin] Development mode: Skipping reCAPTCHA verification
[11-Aug-2025 08:59:26 Europe/Berlin] Development mode: Skipping reCAPTCHA verification
[11-Aug-2025 09:24:55 Europe/Berlin] PHP Fatal error:  Maximum execution time of 120 seconds exceeded in D:\xampp\htdocs\LSTARS1\lpske-portal\api\login.php on line 12
[11-Aug-2025 09:24:55 Europe/Berlin] PHP Fatal error:  Maximum execution time of 120 seconds exceeded in D:\xampp\htdocs\LSTARS1\lpske-portal\api\login.php on line 12
[11-Aug-2025 09:24:55 Europe/Berlin] PHP Fatal error:  Maximum execution time of 120 seconds exceeded in D:\xampp\htdocs\LSTARS1\lpske-portal\api\login.php on line 12
[11-Aug-2025 12:34:57 Europe/Berlin] Development mode: Skipping reCAPTCHA verification
[11-Aug-2025 12:35:10 Europe/Berlin] Development mode: Skipping reCAPTCHA verification
[11-Aug-2025 12:42:35 Europe/Berlin] Development mode: Skipping reCAPTCHA verification
[12-Aug-2025 05:09:24 Europe/Berlin] Development mode: Skipping reCAPTCHA verification
[12-Aug-2025 05:13:25 Europe/Berlin] Development mode: Skipping reCAPTCHA verification
[12-Aug-2025 06:26:11 Europe/Berlin] Development mode: Skipping reCAPTCHA verification
[12-Aug-2025 07:14:42 Europe/Berlin] Development mode: Skipping reCAPTCHA verification
[12-Aug-2025 07:24:12 Europe/Berlin] Development mode: Skipping reCAPTCHA verification
[12-Aug-2025 07:33:45 Europe/Berlin] Development mode: Skipping reCAPTCHA verification
[12-Aug-2025 07:35:27 Europe/Berlin] Development mode: Skipping reCAPTCHA verification
[12-Aug-2025 07:47:00 Europe/Berlin] Development mode: Skipping reCAPTCHA verification
[12-Aug-2025 07:47:07 Europe/Berlin] Development mode: Skipping reCAPTCHA verification
[12-Aug-2025 07:47:17 Europe/Berlin] Development mode: Skipping reCAPTCHA verification
[12-Aug-2025 07:51:39 Europe/Berlin] Development mode: Skipping reCAPTCHA verification
[12-Aug-2025 08:00:15 Europe/Berlin] Development mode: Skipping reCAPTCHA verification
[12-Aug-2025 08:31:29 Europe/Berlin] Development mode: Skipping reCAPTCHA verification
[12-Aug-2025 08:34:54 Europe/Berlin] Development mode: Skipping reCAPTCHA verification
[12-Aug-2025 08:36:45 Europe/Berlin] Development mode: Skipping reCAPTCHA verification
[13-Aug-2025 17:26:37 Europe/Berlin] Development mode: Skipping reCAPTCHA verification
[13-Aug-2025 17:30:10 Europe/Berlin] Development mode: Skipping reCAPTCHA verification
[13-Aug-2025 17:42:14 Europe/Berlin] Development mode: Skipping reCAPTCHA verification
[14-Aug-2025 04:07:41 Europe/Berlin] Development mode: Skipping reCAPTCHA verification
[14-Aug-2025 07:21:35 Europe/Berlin] Development mode: Skipping reCAPTCHA verification
[14-Aug-2025 07:21:51 Europe/Berlin] Development mode: Skipping reCAPTCHA verification
[14-Aug-2025 07:32:56 Europe/Berlin] Development mode: Skipping reCAPTCHA verification
[14-Aug-2025 07:33:30 Europe/Berlin] Development mode: Skipping reCAPTCHA verification
[14-Aug-2025 07:33:30 Europe/Berlin] Log aktivitas error: Unknown column 'aksi' in 'field list'
[14-Aug-2025 07:41:15 Europe/Berlin] Development mode: Skipping reCAPTCHA verification
[14-Aug-2025 07:41:15 Europe/Berlin] Log aktivitas error: Unknown column 'aksi' in 'field list'
[14-Aug-2025 07:42:41 Europe/Berlin] Development mode: Skipping reCAPTCHA verification
[14-Aug-2025 07:42:46 Europe/Berlin] Development mode: Skipping reCAPTCHA verification
[14-Aug-2025 07:43:20 Europe/Berlin] Development mode: Skipping reCAPTCHA verification
[14-Aug-2025 07:43:20 Europe/Berlin] Log aktivitas error: Unknown column 'aksi' in 'field list'
[14-Aug-2025 07:51:41 Europe/Berlin] Development mode: Skipping reCAPTCHA verification
[14-Aug-2025 07:51:41 Europe/Berlin] Log aktivitas error: Unknown column 'aksi' in 'field list'
[15-Aug-2025 05:32:17 Europe/Berlin] Development mode: Skipping reCAPTCHA verification
[15-Aug-2025 05:34:47 Europe/Berlin] Development mode: Skipping reCAPTCHA verification
[15-Aug-2025 05:55:30 Europe/Berlin] Development mode: Skipping reCAPTCHA verification
[15-Aug-2025 16:45:16 Europe/Berlin] Development mode: Skipping reCAPTCHA verification
[16-Aug-2025 04:36:31 Europe/Berlin] Development mode: Skipping reCAPTCHA verification
[16-Aug-2025 04:36:47 Europe/Berlin] Development mode: Skipping reCAPTCHA verification
[16-Aug-2025 16:41:36 Europe/Berlin] Development mode: Skipping reCAPTCHA verification
[17-Aug-2025 13:03:35 Europe/Berlin] Development mode: Skipping reCAPTCHA verification
[18-Aug-2025 01:53:26 Europe/Berlin] Development mode: Skipping reCAPTCHA verification
[18-Aug-2025 08:45:21 Europe/Berlin] Development mode: Skipping reCAPTCHA verification
[18-Aug-2025 15:21:43 Europe/Berlin] Development mode: Skipping reCAPTCHA verification
[19-Aug-2025 04:26:06 Europe/Berlin] Development mode: Skipping reCAPTCHA verification
[19-Aug-2025 04:26:06 Europe/Berlin] Log aktivitas error: Unknown column 'aksi' in 'field list'
[19-Aug-2025 04:26:51 Europe/Berlin] Development mode: Skipping reCAPTCHA verification
[19-Aug-2025 04:26:51 Europe/Berlin] Log aktivitas error: Unknown column 'aksi' in 'field list'
[19-Aug-2025 04:40:23 Europe/Berlin] Development mode: Skipping reCAPTCHA verification
[19-Aug-2025 04:40:23 Europe/Berlin] Log aktivitas error: Unknown column 'aksi' in 'field list'
[19-Aug-2025 04:48:07 Europe/Berlin] Development mode: Skipping reCAPTCHA verification
[19-Aug-2025 04:48:07 Europe/Berlin] Log aktivitas error: Unknown column 'aksi' in 'field list'
[19-Aug-2025 05:58:31 Europe/Berlin] Development mode: Skipping reCAPTCHA verification
[19-Aug-2025 05:58:31 Europe/Berlin] Log aktivitas error: Unknown column 'aksi' in 'field list'
[19-Aug-2025 05:59:52 Europe/Berlin] Development mode: Skipping reCAPTCHA verification
[19-Aug-2025 05:59:52 Europe/Berlin] Log aktivitas error: Unknown column 'aksi' in 'field list'
[20-Aug-2025 00:53:47 Europe/Berlin] Development mode: Skipping reCAPTCHA verification
[20-Aug-2025 00:53:47 Europe/Berlin] Log aktivitas error: Unknown column 'aksi' in 'field list'
[20-Aug-2025 00:54:55 Europe/Berlin] Development mode: Skipping reCAPTCHA verification
[20-Aug-2025 00:54:55 Europe/Berlin] Log aktivitas error: Unknown column 'aksi' in 'field list'
[20-Aug-2025 01:23:18 Europe/Berlin] Development mode: Skipping reCAPTCHA verification
[20-Aug-2025 01:23:18 Europe/Berlin] Log aktivitas error: Unknown column 'aksi' in 'field list'
[20-Aug-2025 01:23:46 Europe/Berlin] Development mode: Skipping reCAPTCHA verification
[20-Aug-2025 01:23:46 Europe/Berlin] Log aktivitas error: Unknown column 'aksi' in 'field list'
[20-Aug-2025 04:53:21 Europe/Berlin] Development mode: Skipping reCAPTCHA verification
[20-Aug-2025 04:53:21 Europe/Berlin] Log aktivitas error: Unknown column 'aksi' in 'field list'
[20-Aug-2025 06:58:52 Europe/Berlin] Development mode: Skipping reCAPTCHA verification
[20-Aug-2025 06:58:52 Europe/Berlin] Log aktivitas error: Unknown column 'aksi' in 'field list'
[20-Aug-2025 07:00:56 Europe/Berlin] Development mode: Skipping reCAPTCHA verification
[20-Aug-2025 07:00:56 Europe/Berlin] Log aktivitas error: Unknown column 'aksi' in 'field list'
[21-Aug-2025 15:55:43 Europe/Berlin] Development mode: Skipping reCAPTCHA verification
[21-Aug-2025 15:55:44 Europe/Berlin] Log aktivitas error: Unknown column 'aksi' in 'field list'
[21-Aug-2025 17:14:29 Europe/Berlin] Development mode: Skipping reCAPTCHA verification
[21-Aug-2025 17:14:29 Europe/Berlin] Log aktivitas error: Unknown column 'aksi' in 'field list'
[21-Aug-2025 17:15:08 Europe/Berlin] Development mode: Skipping reCAPTCHA verification
[21-Aug-2025 17:15:08 Europe/Berlin] Log aktivitas error: Unknown column 'aksi' in 'field list'
[21-Aug-2025 17:24:05 Europe/Berlin] Development mode: Skipping reCAPTCHA verification
[21-Aug-2025 17:24:16 Europe/Berlin] Development mode: Skipping reCAPTCHA verification
[21-Aug-2025 17:24:16 Europe/Berlin] Log aktivitas error: Unknown column 'aksi' in 'field list'
[21-Aug-2025 17:25:20 Europe/Berlin] Development mode: Skipping reCAPTCHA verification
[21-Aug-2025 17:25:20 Europe/Berlin] Log aktivitas error: Unknown column 'aksi' in 'field list'
[21-Aug-2025 17:34:17 Europe/Berlin] Development mode: Skipping reCAPTCHA verification
[21-Aug-2025 17:34:17 Europe/Berlin] Log aktivitas error: Unknown column 'aksi' in 'field list'
[21-Aug-2025 17:38:00 Europe/Berlin] Development mode: Skipping reCAPTCHA verification
[21-Aug-2025 17:38:00 Europe/Berlin] Log aktivitas error: Unknown column 'aksi' in 'field list'
[21-Aug-2025 17:46:50 Europe/Berlin] Development mode: Skipping reCAPTCHA verification
[21-Aug-2025 17:46:50 Europe/Berlin] Log aktivitas error: Unknown column 'aksi' in 'field list'
[21-Aug-2025 17:50:13 Europe/Berlin] Development mode: Skipping reCAPTCHA verification
[21-Aug-2025 17:50:13 Europe/Berlin] Log aktivitas error: Unknown column 'aksi' in 'field list'
[21-Aug-2025 17:56:44 Europe/Berlin] Development mode: Skipping reCAPTCHA verification
[21-Aug-2025 17:56:44 Europe/Berlin] Log aktivitas error: Unknown column 'aksi' in 'field list'
[21-Aug-2025 17:58:22 Europe/Berlin] Development mode: Skipping reCAPTCHA verification
[21-Aug-2025 17:58:22 Europe/Berlin] Log aktivitas error: Unknown column 'aksi' in 'field list'
[22-Aug-2025 00:33:56 Europe/Berlin] Development mode: Skipping reCAPTCHA verification
[22-Aug-2025 00:33:56 Europe/Berlin] Log aktivitas error: Unknown column 'aksi' in 'field list'
[22-Aug-2025 00:43:50 Europe/Berlin] Development mode: Skipping reCAPTCHA verification
[22-Aug-2025 00:43:50 Europe/Berlin] Log aktivitas error: Unknown column 'aksi' in 'field list'
[22-Aug-2025 03:53:59 Europe/Berlin] Development mode: Skipping reCAPTCHA verification
[22-Aug-2025 03:53:59 Europe/Berlin] Log aktivitas error: Unknown column 'aksi' in 'field list'
[22-Aug-2025 03:54:38 Europe/Berlin] Development mode: Skipping reCAPTCHA verification
[22-Aug-2025 03:54:38 Europe/Berlin] Log aktivitas error: Unknown column 'aksi' in 'field list'
[22-Aug-2025 03:55:49 Europe/Berlin] Development mode: Skipping reCAPTCHA verification
[22-Aug-2025 03:55:49 Europe/Berlin] Log aktivitas error: Unknown column 'aksi' in 'field list'
[22-Aug-2025 03:56:43 Europe/Berlin] Development mode: Skipping reCAPTCHA verification
[22-Aug-2025 03:56:43 Europe/Berlin] Log aktivitas error: Unknown column 'aksi' in 'field list'
[22-Aug-2025 06:12:38 Europe/Berlin] Development mode: Skipping reCAPTCHA verification
[22-Aug-2025 06:12:38 Europe/Berlin] Log aktivitas error: Unknown column 'aksi' in 'field list'
[22-Aug-2025 06:15:38 Europe/Berlin] Development mode: Skipping reCAPTCHA verification
[22-Aug-2025 06:15:38 Europe/Berlin] Log aktivitas error: Unknown column 'aksi' in 'field list'
[22-Aug-2025 06:22:17 Europe/Berlin] Development mode: Skipping reCAPTCHA verification
[22-Aug-2025 06:22:17 Europe/Berlin] Log aktivitas error: Unknown column 'aksi' in 'field list'
[22-Aug-2025 06:25:18 Europe/Berlin] Development mode: Skipping reCAPTCHA verification
[22-Aug-2025 06:25:18 Europe/Berlin] Log aktivitas error: Unknown column 'aksi' in 'field list'
[22-Aug-2025 06:33:14 Europe/Berlin] Development mode: Skipping reCAPTCHA verification
[22-Aug-2025 06:33:14 Europe/Berlin] Log aktivitas error: Unknown column 'aksi' in 'field list'
[22-Aug-2025 06:43:14 Europe/Berlin] Development mode: Skipping reCAPTCHA verification
[22-Aug-2025 06:43:14 Europe/Berlin] Log aktivitas error: Unknown column 'aksi' in 'field list'
[22-Aug-2025 06:55:06 Europe/Berlin] Development mode: Skipping reCAPTCHA verification
[22-Aug-2025 06:55:06 Europe/Berlin] Log aktivitas error: Unknown column 'aksi' in 'field list'
[22-Aug-2025 06:55:48 Europe/Berlin] Development mode: Skipping reCAPTCHA verification
[22-Aug-2025 06:55:48 Europe/Berlin] Log aktivitas error: Unknown column 'aksi' in 'field list'
[22-Aug-2025 07:01:53 Europe/Berlin] Development mode: Skipping reCAPTCHA verification
[22-Aug-2025 07:01:53 Europe/Berlin] Log aktivitas error: Unknown column 'aksi' in 'field list'
[22-Aug-2025 07:18:58 Europe/Berlin] Development mode: Skipping reCAPTCHA verification
[22-Aug-2025 07:18:58 Europe/Berlin] Log aktivitas error: Unknown column 'aksi' in 'field list'
[22-Aug-2025 08:33:46 Europe/Berlin] Development mode: Skipping reCAPTCHA verification
[22-Aug-2025 08:33:46 Europe/Berlin] Log aktivitas error: Unknown column 'aksi' in 'field list'
[22-Aug-2025 08:34:14 Europe/Berlin] Development mode: Skipping reCAPTCHA verification
[22-Aug-2025 08:34:14 Europe/Berlin] Log aktivitas error: Unknown column 'aksi' in 'field list'
[22-Aug-2025 08:39:30 Europe/Berlin] Development mode: Skipping reCAPTCHA verification
[22-Aug-2025 08:39:30 Europe/Berlin] Log aktivitas error: Unknown column 'aksi' in 'field list'
[22-Aug-2025 09:05:59 Europe/Berlin] Development mode: Skipping reCAPTCHA verification
[22-Aug-2025 09:05:59 Europe/Berlin] Log aktivitas error: Unknown column 'aksi' in 'field list'
[22-Aug-2025 09:28:03 Europe/Berlin] Development mode: Skipping reCAPTCHA verification
[22-Aug-2025 09:28:03 Europe/Berlin] Log aktivitas error: Unknown column 'aksi' in 'field list'
[22-Aug-2025 09:38:13 Europe/Berlin] Development mode: Skipping reCAPTCHA verification
[22-Aug-2025 09:38:13 Europe/Berlin] Log aktivitas error: Unknown column 'aksi' in 'field list'
[22-Aug-2025 09:39:13 Europe/Berlin] Development mode: Skipping reCAPTCHA verification
[22-Aug-2025 09:39:13 Europe/Berlin] Log aktivitas error: Unknown column 'aksi' in 'field list'
[22-Aug-2025 09:53:11 Europe/Berlin] Development mode: Skipping reCAPTCHA verification
[22-Aug-2025 09:53:11 Europe/Berlin] Log aktivitas error: Unknown column 'aksi' in 'field list'
[22-Aug-2025 09:56:09 Europe/Berlin] Development mode: Skipping reCAPTCHA verification
[22-Aug-2025 09:56:09 Europe/Berlin] Log aktivitas error: Unknown column 'aksi' in 'field list'
[22-Aug-2025 09:56:50 Europe/Berlin] Development mode: Skipping reCAPTCHA verification
[22-Aug-2025 09:56:51 Europe/Berlin] Log aktivitas error: Unknown column 'aksi' in 'field list'
[22-Aug-2025 09:59:50 Europe/Berlin] Development mode: Skipping reCAPTCHA verification
[22-Aug-2025 09:59:50 Europe/Berlin] Log aktivitas error: Unknown column 'aksi' in 'field list'
[22-Aug-2025 11:04:40 Europe/Berlin] Development mode: Skipping reCAPTCHA verification
[22-Aug-2025 11:04:40 Europe/Berlin] Log aktivitas error: Unknown column 'aksi' in 'field list'
[22-Aug-2025 13:45:09 Europe/Berlin] Development mode: Skipping reCAPTCHA verification
[22-Aug-2025 13:45:09 Europe/Berlin] Log aktivitas error: Unknown column 'aksi' in 'field list'
[22-Aug-2025 13:50:11 Europe/Berlin] Development mode: Skipping reCAPTCHA verification
[22-Aug-2025 13:50:11 Europe/Berlin] Log aktivitas error: Unknown column 'aksi' in 'field list'
[22-Aug-2025 13:50:54 Europe/Berlin] Development mode: Skipping reCAPTCHA verification
[22-Aug-2025 13:50:54 Europe/Berlin] Log aktivitas error: Unknown column 'aksi' in 'field list'
[22-Aug-2025 13:54:04 Europe/Berlin] Development mode: Skipping reCAPTCHA verification
[22-Aug-2025 13:54:04 Europe/Berlin] Log aktivitas error: Unknown column 'aksi' in 'field list'
[22-Aug-2025 14:06:55 Europe/Berlin] Development mode: Skipping reCAPTCHA verification
[22-Aug-2025 14:06:55 Europe/Berlin] Log aktivitas error: Unknown column 'aksi' in 'field list'
[22-Aug-2025 14:19:40 Europe/Berlin] Development mode: Skipping reCAPTCHA verification
[22-Aug-2025 14:19:40 Europe/Berlin] Log aktivitas error: Unknown column 'aksi' in 'field list'
[22-Aug-2025 14:22:12 Europe/Berlin] Development mode: Skipping reCAPTCHA verification
[22-Aug-2025 14:22:12 Europe/Berlin] Log aktivitas error: Unknown column 'aksi' in 'field list'
[22-Aug-2025 14:23:40 Europe/Berlin] Development mode: Skipping reCAPTCHA verification
[22-Aug-2025 14:23:40 Europe/Berlin] Log aktivitas error: Unknown column 'aksi' in 'field list'
[22-Aug-2025 14:51:13 Europe/Berlin] Development mode: Skipping reCAPTCHA verification
[22-Aug-2025 14:51:13 Europe/Berlin] Log aktivitas error: Unknown column 'aksi' in 'field list'
[22-Aug-2025 15:03:03 Europe/Berlin] Development mode: Skipping reCAPTCHA verification
[22-Aug-2025 15:03:03 Europe/Berlin] Log aktivitas error: Unknown column 'aksi' in 'field list'
[22-Aug-2025 15:04:16 Europe/Berlin] Development mode: Skipping reCAPTCHA verification
[22-Aug-2025 15:04:16 Europe/Berlin] Log aktivitas error: Unknown column 'aksi' in 'field list'
[22-Aug-2025 15:05:31 Europe/Berlin] Development mode: Skipping reCAPTCHA verification
[22-Aug-2025 15:05:31 Europe/Berlin] Log aktivitas error: Unknown column 'aksi' in 'field list'
[22-Aug-2025 15:11:00 Europe/Berlin] Development mode: Skipping reCAPTCHA verification
[22-Aug-2025 15:11:00 Europe/Berlin] Log aktivitas error: Unknown column 'aksi' in 'field list'
[22-Aug-2025 15:12:48 Europe/Berlin] Development mode: Skipping reCAPTCHA verification
[22-Aug-2025 15:12:48 Europe/Berlin] Log aktivitas error: Unknown column 'aksi' in 'field list'
[22-Aug-2025 15:13:14 Europe/Berlin] Development mode: Skipping reCAPTCHA verification
[22-Aug-2025 15:13:14 Europe/Berlin] Log aktivitas error: Unknown column 'aksi' in 'field list'
[22-Aug-2025 15:16:40 Europe/Berlin] Development mode: Skipping reCAPTCHA verification
[22-Aug-2025 15:16:40 Europe/Berlin] Log aktivitas error: Unknown column 'aksi' in 'field list'
[22-Aug-2025 15:17:15 Europe/Berlin] Development mode: Skipping reCAPTCHA verification
[22-Aug-2025 15:17:15 Europe/Berlin] Log aktivitas error: Unknown column 'aksi' in 'field list'
[22-Aug-2025 15:18:28 Europe/Berlin] Development mode: Skipping reCAPTCHA verification
[22-Aug-2025 15:18:28 Europe/Berlin] Log aktivitas error: Unknown column 'aksi' in 'field list'
[22-Aug-2025 15:19:14 Europe/Berlin] Development mode: Skipping reCAPTCHA verification
[22-Aug-2025 15:19:14 Europe/Berlin] Log aktivitas error: Unknown column 'aksi' in 'field list'
[22-Aug-2025 16:15:52 Europe/Berlin] Development mode: Skipping reCAPTCHA verification
[22-Aug-2025 16:15:52 Europe/Berlin] Log aktivitas error: Unknown column 'aksi' in 'field list'
[22-Aug-2025 16:17:43 Europe/Berlin] Development mode: Skipping reCAPTCHA verification
[22-Aug-2025 16:17:43 Europe/Berlin] Log aktivitas error: Unknown column 'aksi' in 'field list'
[22-Aug-2025 21:22:38 Asia/Jakarta] Development mode: Skipping reCAPTCHA verification
[22-Aug-2025 21:22:38 Asia/Jakarta] Log aktivitas error: Unknown column 'aksi' in 'field list'
[22-Aug-2025 22:09:30 Asia/Jakarta] Development mode: Skipping reCAPTCHA verification
[22-Aug-2025 22:09:30 Asia/Jakarta] Log aktivitas error: Unknown column 'aksi' in 'field list'
[22-Aug-2025 22:18:54 Asia/Jakarta] Development mode: Skipping reCAPTCHA verification
[22-Aug-2025 22:18:54 Asia/Jakarta] Log aktivitas error: Unknown column 'aksi' in 'field list'
[22-Aug-2025 22:28:40 Asia/Jakarta] Development mode: Skipping reCAPTCHA verification
[22-Aug-2025 22:28:40 Asia/Jakarta] Log aktivitas error: Unknown column 'aksi' in 'field list'
[22-Aug-2025 22:34:19 Asia/Jakarta] Development mode: Skipping reCAPTCHA verification
[22-Aug-2025 22:34:19 Asia/Jakarta] Log aktivitas error: Unknown column 'aksi' in 'field list'
[22-Aug-2025 22:37:50 Asia/Jakarta] Development mode: Skipping reCAPTCHA verification
[22-Aug-2025 22:37:50 Asia/Jakarta] Log aktivitas error: Unknown column 'aksi' in 'field list'
[23-Aug-2025 21:06:46 Asia/Jakarta] Development mode: Skipping reCAPTCHA verification
[23-Aug-2025 21:06:46 Asia/Jakarta] Log aktivitas error: Unknown column 'aksi' in 'field list'
[23-Aug-2025 21:07:13 Asia/Jakarta] Development mode: Skipping reCAPTCHA verification
[23-Aug-2025 21:07:13 Asia/Jakarta] Log aktivitas error: Unknown column 'aksi' in 'field list'
[23-Aug-2025 21:07:52 Asia/Jakarta] Development mode: Skipping reCAPTCHA verification
[23-Aug-2025 21:07:52 Asia/Jakarta] Log aktivitas error: Unknown column 'aksi' in 'field list'
[23-Aug-2025 21:14:21 Asia/Jakarta] Development mode: Skipping reCAPTCHA verification
[23-Aug-2025 21:14:21 Asia/Jakarta] Log aktivitas error: Unknown column 'aksi' in 'field list'
[23-Aug-2025 21:18:53 Asia/Jakarta] Development mode: Skipping reCAPTCHA verification
[23-Aug-2025 21:18:53 Asia/Jakarta] Log aktivitas error: Unknown column 'aksi' in 'field list'
[23-Aug-2025 21:31:00 Asia/Jakarta] Development mode: Skipping reCAPTCHA verification
[23-Aug-2025 21:31:00 Asia/Jakarta] Log aktivitas error: Unknown column 'aksi' in 'field list'
[23-Aug-2025 21:31:55 Asia/Jakarta] Development mode: Skipping reCAPTCHA verification
[23-Aug-2025 21:31:55 Asia/Jakarta] Log aktivitas error: Unknown column 'aksi' in 'field list'
[23-Aug-2025 21:39:19 Asia/Jakarta] Development mode: Skipping reCAPTCHA verification
[23-Aug-2025 21:39:19 Asia/Jakarta] Log aktivitas error: Unknown column 'aksi' in 'field list'
[23-Aug-2025 21:44:39 Asia/Jakarta] Development mode: Skipping reCAPTCHA verification
[23-Aug-2025 21:44:39 Asia/Jakarta] Log aktivitas error: Unknown column 'aksi' in 'field list'
[23-Aug-2025 21:53:24 Asia/Jakarta] Development mode: Skipping reCAPTCHA verification
[23-Aug-2025 21:53:24 Asia/Jakarta] Log aktivitas error: Unknown column 'aksi' in 'field list'
[23-Aug-2025 21:54:59 Asia/Jakarta] Development mode: Skipping reCAPTCHA verification
[23-Aug-2025 21:54:59 Asia/Jakarta] Log aktivitas error: Unknown column 'aksi' in 'field list'
[23-Aug-2025 22:09:04 Asia/Jakarta] Development mode: Skipping reCAPTCHA verification
[23-Aug-2025 22:09:04 Asia/Jakarta] Log aktivitas error: Unknown column 'aksi' in 'field list'
[23-Aug-2025 22:19:26 Asia/Jakarta] Development mode: Skipping reCAPTCHA verification
[23-Aug-2025 22:19:26 Asia/Jakarta] Log aktivitas error: Unknown column 'aksi' in 'field list'
[23-Aug-2025 22:24:38 Asia/Jakarta] Development mode: Skipping reCAPTCHA verification
[23-Aug-2025 22:24:38 Asia/Jakarta] Log aktivitas error: Unknown column 'aksi' in 'field list'
[23-Aug-2025 22:25:54 Asia/Jakarta] Development mode: Skipping reCAPTCHA verification
[23-Aug-2025 22:25:54 Asia/Jakarta] Log aktivitas error: Unknown column 'aksi' in 'field list'
[23-Aug-2025 22:58:16 Asia/Jakarta] Development mode: Skipping reCAPTCHA verification
[23-Aug-2025 22:58:16 Asia/Jakarta] Log aktivitas error: Unknown column 'aksi' in 'field list'
[23-Aug-2025 23:08:22 Asia/Jakarta] Development mode: Skipping reCAPTCHA verification
[23-Aug-2025 23:08:22 Asia/Jakarta] Log aktivitas error: Unknown column 'aksi' in 'field list'
[23-Aug-2025 23:12:34 Asia/Jakarta] Development mode: Skipping reCAPTCHA verification
[23-Aug-2025 23:12:34 Asia/Jakarta] Log aktivitas error: Unknown column 'aksi' in 'field list'
[23-Aug-2025 23:27:35 Asia/Jakarta] Development mode: Skipping reCAPTCHA verification
[23-Aug-2025 23:27:35 Asia/Jakarta] Log aktivitas error: Unknown column 'aksi' in 'field list'
[24-Aug-2025 09:53:17 Asia/Jakarta] Development mode: Skipping reCAPTCHA verification
[24-Aug-2025 09:53:17 Asia/Jakarta] Log aktivitas error: Unknown column 'aksi' in 'field list'
[24-Aug-2025 09:56:04 Asia/Jakarta] Development mode: Skipping reCAPTCHA verification
[24-Aug-2025 09:56:04 Asia/Jakarta] Log aktivitas error: Unknown column 'aksi' in 'field list'
[24-Aug-2025 09:59:36 Asia/Jakarta] Development mode: Skipping reCAPTCHA verification
[24-Aug-2025 09:59:36 Asia/Jakarta] Log aktivitas error: Unknown column 'aksi' in 'field list'
[24-Aug-2025 10:12:57 Asia/Jakarta] Development mode: Skipping reCAPTCHA verification
[24-Aug-2025 10:12:57 Asia/Jakarta] Log aktivitas error: Unknown column 'aksi' in 'field list'
[24-Aug-2025 11:56:42 Asia/Jakarta] Development mode: Skipping reCAPTCHA verification
[24-Aug-2025 11:56:43 Asia/Jakarta] Log aktivitas error: Unknown column 'aksi' in 'field list'
[24-Aug-2025 12:10:16 Asia/Jakarta] Development mode: Skipping reCAPTCHA verification
[24-Aug-2025 12:10:16 Asia/Jakarta] Log aktivitas error: Unknown column 'aksi' in 'field list'
[24-Aug-2025 12:11:47 Asia/Jakarta] Development mode: Skipping reCAPTCHA verification
[24-Aug-2025 12:11:47 Asia/Jakarta] Log aktivitas error: Unknown column 'aksi' in 'field list'
[24-Aug-2025 20:06:29 Asia/Jakarta] Development mode: Skipping reCAPTCHA verification
[24-Aug-2025 20:07:16 Asia/Jakarta] Development mode: Skipping reCAPTCHA verification
[24-Aug-2025 21:08:30 Asia/Jakarta] Development mode: Skipping reCAPTCHA verification
[24-Aug-2025 22:28:50 Asia/Jakarta] Development mode: Skipping reCAPTCHA verification
[24-Aug-2025 22:28:50 Asia/Jakarta] Log aktivitas error: Unknown column 'aksi' in 'field list'
[24-Aug-2025 22:41:39 Asia/Jakarta] Development mode: Skipping reCAPTCHA verification
[24-Aug-2025 22:41:39 Asia/Jakarta] Log aktivitas error: Unknown column 'aksi' in 'field list'
[24-Aug-2025 22:43:43 Asia/Jakarta] Development mode: Skipping reCAPTCHA verification
[24-Aug-2025 22:43:43 Asia/Jakarta] Log aktivitas error: Unknown column 'aksi' in 'field list'
[24-Aug-2025 22:45:05 Asia/Jakarta] Development mode: Skipping reCAPTCHA verification
[24-Aug-2025 22:45:05 Asia/Jakarta] Log aktivitas error: Unknown column 'aksi' in 'field list'
[24-Aug-2025 22:46:00 Asia/Jakarta] Development mode: Skipping reCAPTCHA verification
[24-Aug-2025 22:46:00 Asia/Jakarta] Log aktivitas error: Unknown column 'aksi' in 'field list'
[24-Aug-2025 22:46:21 Asia/Jakarta] Development mode: Skipping reCAPTCHA verification
[24-Aug-2025 22:46:21 Asia/Jakarta] Log aktivitas error: Unknown column 'aksi' in 'field list'
[24-Aug-2025 22:48:09 Asia/Jakarta] Development mode: Skipping reCAPTCHA verification
[24-Aug-2025 22:48:10 Asia/Jakarta] Log aktivitas error: Unknown column 'aksi' in 'field list'
[24-Aug-2025 22:54:18 Asia/Jakarta] Development mode: Skipping reCAPTCHA verification
[24-Aug-2025 22:54:18 Asia/Jakarta] Log aktivitas error: Unknown column 'aksi' in 'field list'
[24-Aug-2025 22:56:17 Asia/Jakarta] Development mode: Skipping reCAPTCHA verification
[24-Aug-2025 22:56:17 Asia/Jakarta] Log aktivitas error: Unknown column 'aksi' in 'field list'
[24-Aug-2025 23:12:13 Asia/Jakarta] Development mode: Skipping reCAPTCHA verification
[24-Aug-2025 23:12:13 Asia/Jakarta] Log aktivitas error: Unknown column 'aksi' in 'field list'
[24-Aug-2025 23:12:37 Asia/Jakarta] Development mode: Skipping reCAPTCHA verification
[24-Aug-2025 23:12:37 Asia/Jakarta] Log aktivitas error: Unknown column 'aksi' in 'field list'
[24-Aug-2025 23:14:48 Asia/Jakarta] Development mode: Skipping reCAPTCHA verification
[24-Aug-2025 23:14:48 Asia/Jakarta] Log aktivitas error: Unknown column 'aksi' in 'field list'
[24-Aug-2025 23:25:25 Asia/Jakarta] Development mode: Skipping reCAPTCHA verification
[24-Aug-2025 23:25:25 Asia/Jakarta] Log aktivitas error: Unknown column 'aksi' in 'field list'
[24-Aug-2025 23:33:35 Asia/Jakarta] Development mode: Skipping reCAPTCHA verification
[24-Aug-2025 23:33:35 Asia/Jakarta] Log aktivitas error: Unknown column 'aksi' in 'field list'
[24-Aug-2025 23:48:11 Asia/Jakarta] Development mode: Skipping reCAPTCHA verification
[24-Aug-2025 23:48:11 Asia/Jakarta] Log aktivitas error: Unknown column 'aksi' in 'field list'
[24-Aug-2025 23:50:08 Asia/Jakarta] Development mode: Skipping reCAPTCHA verification
[24-Aug-2025 23:50:08 Asia/Jakarta] Log aktivitas error: Unknown column 'aksi' in 'field list'
[24-Aug-2025 23:52:38 Asia/Jakarta] Development mode: Skipping reCAPTCHA verification
[24-Aug-2025 23:52:38 Asia/Jakarta] Log aktivitas error: Unknown column 'aksi' in 'field list'
[25-Aug-2025 00:02:58 Asia/Jakarta] Development mode: Skipping reCAPTCHA verification
[25-Aug-2025 00:02:58 Asia/Jakarta] Log aktivitas error: Unknown column 'aksi' in 'field list'
[25-Aug-2025 00:04:01 Asia/Jakarta] Development mode: Skipping reCAPTCHA verification
[25-Aug-2025 00:04:01 Asia/Jakarta] Log aktivitas error: Unknown column 'aksi' in 'field list'
[25-Aug-2025 00:10:42 Asia/Jakarta] Development mode: Skipping reCAPTCHA verification
[25-Aug-2025 00:10:42 Asia/Jakarta] Log aktivitas error: Unknown column 'aksi' in 'field list'
[25-Aug-2025 00:12:02 Asia/Jakarta] Development mode: Skipping reCAPTCHA verification
[25-Aug-2025 00:12:02 Asia/Jakarta] Log aktivitas error: Unknown column 'aksi' in 'field list'
[25-Aug-2025 00:21:07 Asia/Jakarta] Development mode: Skipping reCAPTCHA verification
[25-Aug-2025 00:21:07 Asia/Jakarta] Log aktivitas error: Unknown column 'aksi' in 'field list'
[25-Aug-2025 00:21:58 Asia/Jakarta] Development mode: Skipping reCAPTCHA verification
[25-Aug-2025 00:21:58 Asia/Jakarta] Log aktivitas error: Unknown column 'aksi' in 'field list'
[25-Aug-2025 00:24:40 Asia/Jakarta] Development mode: Skipping reCAPTCHA verification
[25-Aug-2025 00:24:40 Asia/Jakarta] Log aktivitas error: Unknown column 'aksi' in 'field list'
[25-Aug-2025 00:25:07 Asia/Jakarta] Development mode: Skipping reCAPTCHA verification
[25-Aug-2025 00:25:07 Asia/Jakarta] Log aktivitas error: Unknown column 'aksi' in 'field list'
[25-Aug-2025 00:27:17 Asia/Jakarta] Development mode: Skipping reCAPTCHA verification
[25-Aug-2025 00:27:30 Asia/Jakarta] Development mode: Skipping reCAPTCHA verification
[25-Aug-2025 00:27:30 Asia/Jakarta] Log aktivitas error: Unknown column 'aksi' in 'field list'
[25-Aug-2025 00:30:47 Asia/Jakarta] Development mode: Skipping reCAPTCHA verification
[25-Aug-2025 00:30:47 Asia/Jakarta] Log aktivitas error: Unknown column 'aksi' in 'field list'
[25-Aug-2025 00:39:00 Asia/Jakarta] Development mode: Skipping reCAPTCHA verification
[25-Aug-2025 00:39:00 Asia/Jakarta] Log aktivitas error: Unknown column 'aksi' in 'field list'
[25-Aug-2025 01:09:42 Asia/Jakarta] Development mode: Skipping reCAPTCHA verification
[25-Aug-2025 01:09:42 Asia/Jakarta] Log aktivitas error: Unknown column 'aksi' in 'field list'
[25-Aug-2025 01:17:50 Asia/Jakarta] Development mode: Skipping reCAPTCHA verification
[25-Aug-2025 01:17:50 Asia/Jakarta] Log aktivitas error: Unknown column 'aksi' in 'field list'
[25-Aug-2025 01:31:23 Asia/Jakarta] Development mode: Skipping reCAPTCHA verification
[25-Aug-2025 01:31:23 Asia/Jakarta] Log aktivitas error: Unknown column 'aksi' in 'field list'
[25-Aug-2025 09:09:47 Asia/Jakarta] Development mode: Skipping reCAPTCHA verification
[25-Aug-2025 09:09:47 Asia/Jakarta] Log aktivitas error: Unknown column 'aksi' in 'field list'
[21-Jan-2026 07:28:15 Asia/Jakarta] Database connection error: Unknown database 'lpske-pkl'
[21-Jan-2026 07:28:20 Asia/Jakarta] Database connection error: Unknown database 'lpske-pkl'
[21-Jan-2026 07:28:23 Asia/Jakarta] Database connection error: Unknown database 'lpske-pkl'
[21-Jan-2026 07:40:40 Asia/Jakarta] Log aktivitas error: Unknown column 'aksi' in 'field list'
[21-Jan-2026 08:23:34 Asia/Jakarta] Log aktivitas error: Unknown column 'aksi' in 'field list'
[22-Jan-2026 14:22:54 Asia/Jakarta] Database connection error: No connection could be made because the target machine actively refused it
[23-Jan-2026 11:52:39 Asia/Jakarta] Log aktivitas error: Unknown column 'aksi' in 'field list'
[23-Jan-2026 12:45:28 Asia/Jakarta] Log aktivitas error: Unknown column 'aksi' in 'field list'
[23-Jan-2026 12:48:25 Asia/Jakarta] Log aktivitas error: Unknown column 'aksi' in 'field list'
[23-Jan-2026 12:54:26 Asia/Jakarta] Log aktivitas error: Unknown column 'aksi' in 'field list'
[23-Jan-2026 12:56:55 Asia/Jakarta] Log aktivitas error: Unknown column 'aksi' in 'field list'
[23-Jan-2026 13:03:29 Asia/Jakarta] Log aktivitas error: Unknown column 'aksi' in 'field list'
[23-Jan-2026 13:09:45 Asia/Jakarta] Log aktivitas error: Unknown column 'aksi' in 'field list'
